******************************************************************************
                  TI ARM Linker PC v20.2.0                     
******************************************************************************
>> Linked Mon Apr 13 13:20:45 2020

OUTPUT FILE NAME:   <Milestone3.out>
ENTRY POINT SYMBOL: "resetISR"  address: 010182fd


MEMORY CONFIGURATION

         name            origin    length      used     unused   attr    fill
----------------------  --------  ---------  --------  --------  ----  --------
  FLASH_HDR             01000000   000007ff  00000000  000007ff  R  X
  FLASH                 01000800   000ff800  00018db8  000e6a48  R  X
  SRAM                  20000000   00040000  0000b441  00034bbf  RW X


SEGMENT ALLOCATION MAP

run origin  load origin   length   init length attrs members
----------  ----------- ---------- ----------- ----- -------
01000800    01000800    00018dc0   00018dc0    r-x
  01000800    01000800    00000040   00000040    r-- .resetVecs
  01000840    01000840    000180c2   000180c2    r-x .text
  01018904    01018904    00000a5e   00000a5e    r-- .const
  01019368    01019368    00000258   00000258    r-- .cinit
20000400    20000400    0000ad38   00000000    rw-
  20000400    20000400    00009dd1   00000000    rw- .bss
  2000a1d4    2000a1d4    00000f64   00000000    rw- .data
2003fc00    2003fc00    00000400   00000000    rw-
  2003fc00    2003fc00    00000400   00000000    rw- .stack


SECTION ALLOCATION MAP

 output                                  attributes/
section   page    origin      length       input sections
--------  ----  ----------  ----------   ----------------
.resetVecs 
*          0    01000800    00000040     
                  01000800    00000040     freertos_builds_CC3220SF_LAUNCHXL_release_ccs.lib : startup_cc32xx_ccs.obj (.resetVecs:retain)

.text      0    01000840    000180c2     
                  01000840    00000a4e     rtsv7M4_T_le_eabi.lib : _printfi.c.obj (.text:__TI_printfi)
                  0100128e    00000002     ti_drivers_config.obj (.text:Board_initHook)
                  01001290    000008cc     simplelink.a : driver.obj (.text:_SlDrvMsgRead)
                  01001b5c    000004bc                  : sl_socket.obj (.text:_SlSocketHandleAsync_Select)
                  01002018    0000042c     driverlib.a : prcm.obj (.text:PRCMCC3200MCUInit)
                  01002444    00000384     simplelink.a : driver.obj (.text:_SlDrvMsgWrite)
                  010027c8    00000320     network_if.obj (.text:Network_IF_ConnectAP)
                  01002ae8    0000031c     json_parse.obj (.text:jsmn_parse)
                  01002e04    000002f4     client_cbs.obj (.text:MqttClientCallback)
                  010030f8    000002e0     simplelink.a : driver.obj (.text:_SlDrvWaitForPoolObj)
                  010033d8    000002d8                  : driver.obj (.text:_SlDrvRxHdrRead)
                  010036b0    000002d8     json_parse.obj (.text:parse)
                  01003988    000002c8     mqtt_client_app.obj (.text:mainThread)
                  01003c50    000002b4     simplelink.a : sl_socket.obj (.text:sl_Select)
                  01003f04    00000294                  : driver.obj (.text:_SlDrvReleasePoolObj)
                  01004198    0000028d     network_if.obj (.text:SimpleLinkSockEventHandler)
                  01004425    00000001     --HOLE-- [fill = 0]
                  01004426    00000002     driverlib.a : interrupt.obj (.text:IntDefaultHandler)
                  01004428    0000027c     mqtt_client_app.obj (.text:MqttClient_start)
                  010046a4    0000027c     simplelink.a : wlan.obj (.text:sl_WlanConnect)
                  01004920    00000278     freertos_builds_CC3220SF_LAUNCHXL_release_ccs.lib : mqueue.obj (.text:mq_open)
                  01004b98    00000268     rtsv7M4_T_le_eabi.lib : _printfi.c.obj (.text:_pconv_a)
                  01004e00    00000264     network_if.obj (.text:Network_IF_InitDriver)
                  01005064    0000025c     simplelink.a : driver.obj (.text:_SlDrvDataReadOp)
                  010052c0    00000234     mqtt_client_app.obj (.text:DisplayAppBanner)
                  010054f4    00000224     simplelink.a : driver.obj (.text:_SlDrvDriverCBInit)
                  01005718    00000218                  : driver.obj (.text:_SlDrvDataWriteOp)
                  01005930    0000020c     drivers_cc32xx.aem4 : UARTCC32XXDMA.oem4 (.text:UARTCC32XXDMA_open)
                  01005b3c    000001f4     simplelink.a : driver.obj (.text:_SlDrvMsgReadCmdCtx)
                  01005d30    000001f2                  : netapp.obj (.text:_SlNetAppEventHandler)
                  01005f22    00000002     freertos_builds_CC3220SF_LAUNCHXL_release_ccs.lib : PowerCC32XX_freertos.obj (.text:PowerCC32XX_initPolicy)
                  01005f24    000001e4     drivers_cc32xx.aem4 : GPIOCC32XX.oem4 (.text:GPIO_setConfig)
                  01006108    000001e1     network_if.obj (.text:SimpleLinkFatalErrorEventHandler)
                  010062e9    00000001     --HOLE-- [fill = 0]
                  010062ea    00000002     drivers_cc32xx.aem4 : TimerCC32XX.oem4 (.text:TimerCC32XX_init)
                  010062ec    000001d8     network_if.obj (.text:SimpleLinkWlanEventHandler)
                  010064c4    000001d4     freertos_builds_CC3220SF_LAUNCHXL_release_ccs.lib : timer.obj (.text:timer_settime)
                  01006698    000001d0     drivers_cc32xx.aem4 : SPICC32XXDMA.oem4 (.text:SPICC32XXDMA_transfer)
                  01006868    000001d0     freertos_builds_CC3220SF_LAUNCHXL_release_ccs.lib : queue.obj (.text:xQueueSemaphoreTake)
                  01006a38    000001cc     rtsv7M4_T_le_eabi.lib : _printfi.c.obj (.text:_pconv_g)
                  01006c04    000001c8     simplelink.a : device.obj (.text:sl_Stop)
                  01006dcc    000001b8     drivers_cc32xx.aem4 : SPICC32XXDMA.oem4 (.text:configDMA)
                  01006f84    000001b8     freertos_builds_CC3220SF_LAUNCHXL_release_ccs.lib : queue.obj (.text:xQueueGenericSend)
                  0100713c    000001b6     rtsv7M4_T_le_eabi.lib : fd_add_t2.asm.obj (.text)
                  010072f2    00000002     drivers_cc32xx.aem4 : UARTCC32XXDMA.oem4 (.text:UARTCC32XXDMA_init)
                  010072f4    000001b4     simplelink.a : driver.obj (.text:_SlDrvReleaseAllActivePendingPoolObj)
                  010074a8    000001b0     freertos_builds_CC3220SF_LAUNCHXL_release_ccs.lib : PowerCC32XX_freertos.obj (.text:PowerCC32XX_sleepPolicy)
                  01007658    000001a8     simplelink.a : sl_socket.obj (.text:sl_Accept)
                  01007800    00000198     slnetsock_release.a : slnetsock.oem4 (.text:SlNetSock_select)
                  01007998    00000190     mqtt_client_app.obj (.text:PublishThread)
                  01007b28    00000190     simplelink.a : sl_socket.obj (.text:_SlDrvRegisterForSelectAsync)
                  01007cb8    0000018c     json_parse.obj (.text:jsmn_parse_string)
                  01007e44    00000184     simplelink.a : driver.obj (.text:_SlDrvFindAndSetActiveObj)
                  01007fc8    00000180     network_if.obj (.text:SimpleLinkNetAppEventHandler)
                  01008148    0000017c     freertos_builds_CC3220SF_LAUNCHXL_release_ccs.lib : heap_4.obj (.text:pvPortMalloc)
                  010082c4    0000017c                                                       : queue.obj (.text:xQueueReceive)
                  01008440    00000178     simplelink.a : sl_socket.obj (.text:sl_Connect)
                  010085b8    00000170                  : netapp.obj (.text:sl_NetAppDnsGetHostByName)
                  01008728    00000164     freertos_builds_CC3220SF_LAUNCHXL_release_ccs.lib : timers.obj (.text:prvProcessReceivedCommands)
                  0100888c    00000160     mqtt_release.a : mqtt_net_func.oem4 (.text:createSocket)
                  010089ec    00000158     mqtt_client_app.obj (.text:Mqtt_IF_Connect)
                  01008b44    00000158     drivers_cc32xx.aem4 : SPICC32XXDMA.oem4 (.text:SPICC32XXDMA_open)
                  01008c9c    00000154     mqtt_release.a : mqttclient.oem4 (.text:MQTTClient_connect)
                  01008df0    00000154     simplelink.a : sl_socket.obj (.text:sl_RecvFrom)
                  01008f44    00000148                  : sl_socket.obj (.text:_SlDrvGetNextTimeoutValue)
                  0100908c    00000148     drivers_cc32xx.aem4 : PowerCC32XX.oem4 (.text:parkPins)
                  010091d4    00000148     simplelink.a : sl_socket.obj (.text:sl_StartTLS)
                  0100931c    00000140     mqtt_client_app.obj (.text:MqttClient)
                  0100945c    00000140     simplelink.a : driver.obj (.text:_SlDrvMsgReadSpawnCtx)
                  0100959c    00000140     freertos_builds_CC3220SF_LAUNCHXL_release_ccs.lib : tasks.obj (.text:xTaskIncrementTick)
                  010096dc    0000013c     simplelink.a : driver.obj (.text:_SlDrvDriverCBDeinit)
                  01009818    0000013c     rtsv7M4_T_le_eabi.lib : _printfi.c.obj (.text:_pconv_e)
                  01009954    00000138     drivers_cc32xx.aem4 : PowerCC32XX.oem4 (.text:Power_sleep)
                  01009a8c    00000138     simplelink.a : driver.obj (.text:_SlSpawnMsgListInsert)
                  01009bc4    00000138     freertos_builds_CC3220SF_LAUNCHXL_release_ccs.lib : pthread.obj (.text:pthread_create)
                  01009cfc    00000136     rtsv7M4_T_le_eabi.lib : fd_div_t2.asm.obj (.text)
                  01009e32    00000002                           : _lock.c.obj (.text:_nop)
                  01009e34    00000134     simplelink.a : sl_socket.obj (.text:_SlSocketHandleAsync_StartTLS)
                  01009f68    00000128     drivers_cc32xx.aem4 : TimerCC32XX.oem4 (.text:TimerCC32XX_open)
                  0100a090    00000128     simplelink.a : driver.obj (.text:_SlDrvClassifyRxMsg)
                  0100a1b8    00000128     freertos_builds_CC3220SF_LAUNCHXL_release_ccs.lib : tasks.obj (.text:prvInitialiseNewTask)
                  0100a2e0    00000124     simplelink.a : fs.obj (.text:sl_FsOpen)
                  0100a404    00000120     mqtt_client_app.obj (.text:Mqtt_start)
                  0100a524    00000120     simplelink.a : driver.obj (.text:_SlDrvAsyncEventGenericHandler)
                  0100a644    00000120     rtsv7M4_T_le_eabi.lib : _printfi.c.obj (.text:fcvt)
                  0100a764    0000011c     simplelink.a : device.obj (.text:sl_Start)
                  0100a880    0000011c     freertos_builds_CC3220SF_LAUNCHXL_release_ccs.lib : tasks.obj (.text:xTaskResumeAll)
                  0100a99c    00000118     simplelink.a : netapp.obj (.text:_SlNetAppHandleAsync_DnsGetHostByService)
                  0100aab4    00000114     rtsv7M4_T_le_eabi.lib : fputs.c.obj (.text:fputs)
                  0100abc8    00000112     mqtt_release.a : mqtt_common.oem4 (.text:MQTT_PacketRecv)
                  0100acda    00000002     freertos_builds_CC3220SF_LAUNCHXL_release_ccs.lib : startup_cc32xx_ccs.obj (.text:busFaultHandler)
                  0100acdc    00000110     rtsv7M4_T_le_eabi.lib : strtoul.c.obj (.text:strtoul)
                  0100adec    0000010a     freertos_builds_CC3220SF_LAUNCHXL_release_ccs.lib : queue.obj (.text:xQueueGenericSendFromISR)
                  0100aef6    00000002                                                       : startup_cc32xx_ccs.obj (.text:defaultHandler)
                  0100aef8    00000108     slnetsock_release.a : slnetutils.oem4 (.text:SlNetUtil_str2BinIpV6)
                  0100b000    00000104     simplelink.a : device.obj (.text:_SlDeviceEventHandler)
                  0100b104    00000104                  : driver.obj (.text:_SlDrvCmdOp)
                  0100b208    00000104     freertos_builds_CC3220SF_LAUNCHXL_release_ccs.lib : tasks.obj (.text:vTaskPriorityDisinheritAfterTimeout)
                  0100b30c    00000100     simplelink.a : driver.obj (.text:_SlDrvObjGlobalLockWaitForever)
                  0100b40c    00000100                  : fs.obj (.text:sl_FsWrite)
                  0100b50c    00000100     freertos_builds_CC3220SF_LAUNCHXL_release_ccs.lib : tasks.obj (.text:vTaskDelete)
                  0100b60c    000000fc     rtsv7M4_T_le_eabi.lib : fd_mul_t2.asm.obj (.text)
                  0100b708    000000fc     freertos_builds_CC3220SF_LAUNCHXL_release_ccs.lib : tasks.obj (.text:vTaskSuspend)
                  0100b804    000000f8     mqtt_release.a : mqttclient.oem4 (.text:MqttClientCtxCreate)
                  0100b8fc    000000f8     slnetifwifi.a : slnetifwifi.obj (.text:SlNetIfWifi_loadSecObj)
                  0100b9f4    000000f8     drivers_cc32xx.aem4 : UARTCC32XXDMA.oem4 (.text:UARTCC32XXDMA_close)
                  0100baec    000000f8     simplelink.a : sl_socket.obj (.text:sl_Close)
                  0100bbe4    000000f8     mqtt_release.a : client_core.oem4 (.text:utf8ArraySend)
                  0100bcdc    000000f6                    : mqtt_net_func.oem4 (.text:MQTTNet_commOpen)
                  0100bdd2    00000002     freertos_builds_CC3220SF_LAUNCHXL_release_ccs.lib : startup_cc32xx_ccs.obj (.text:faultISR)
                  0100bdd4    000000f4     mqtt_client_app.obj (.text:SubscribeThread)
                  0100bec8    000000f4     simplelink.a : sl_socket.obj (.text:sl_SendTo)
                  0100bfbc    000000f2     drivers_cc32xx.aem4 : SPICC32XXDMA.oem4 (.text:SPICC32XXDMA_transferCancel)
                  0100c0ae    000000f0     freertos_builds_CC3220SF_LAUNCHXL_release_ccs.lib : queue.obj (.text:xQueueGiveFromISR)
                  0100c19e    00000002                                                       : startup_cc32xx_ccs.obj (.text:nmiISR)
                  0100c1a0    000000e8     drivers_cc32xx.aem4 : UARTCC32XXDMA.oem4 (.text:initHw)
                  0100c288    000000e4     slnetsock_release.a : slnetif.oem4 (.text:SlNetIf_add)
                  0100c36c    000000e0     freertos_builds_CC3220SF_LAUNCHXL_release_ccs.lib : tasks.obj (.text:xTaskPriorityDisinherit)
                  0100c44c    000000de     mqtt_release.a : client_core.oem4 (.text:connectMsgSend)
                  0100c52a    00000002     rtsv7M4_T_le_eabi.lib : div0.asm.obj (.text)
                  0100c52c    000000dc                           : setvbuf.c.obj (.text:setvbuf)
                  0100c608    000000dc     freertos_builds_CC3220SF_LAUNCHXL_release_ccs.lib : tasks.obj (.text:vTaskSwitchContext)
                  0100c6e4    000000d8     uart_term.obj (.text:GetCmd)
                  0100c7bc    000000d8     drivers_cc32xx.aem4 : SPICC32XXDMA.oem4 (.text:SPICC32XXDMA_close)
                  0100c894    000000d8     simplelink.a : device.obj (.text:_SlDeviceHandleAsync_InitComplete)
                  0100c96c    000000d8                  : driver.obj (.text:_SlDrvWaitForInternalAsyncEvent)
                  0100ca44    000000d8                  : netapp.obj (.text:_SlNetAppHandleAsync_NetAppReceive)
                  0100cb1c    000000d8     freertos_builds_CC3220SF_LAUNCHXL_release_ccs.lib : queue.obj (.text:xQueueReceiveFromISR)
                  0100cbf4    000000d4                                                       : mqueue.obj (.text:mq_timedsend)
                  0100ccc8    000000d4                                                       : tasks.obj (.text:xTaskPriorityInherit)
                  0100cd9c    000000d0     mqtt_client_app.obj (.text:SetClientIdNamefromMacAddress)
                  0100ce6c    000000d0     simplelink.a : driver.obj (.text:_SlDrvRemoveFromList)
                  0100cf3c    000000d0     rtsv7M4_T_le_eabi.lib : s_scalbn.c.obj (.text:scalbn)
                  0100d00c    000000cc     mqtt_release.a : mqttclient.oem4 (.text:processNotifyAckCB)
                  0100d0d8    000000c8     json_parse.obj (.text:jsmn_parse_primitive)
                  0100d1a0    000000c8     drivers_cc32xx.aem4 : SPICC32XXDMA.oem4 (.text:spiHwiFxn)
                  0100d268    000000c4                         : GPIOCC32XX.oem4 (.text:GPIO_init)
                  0100d32c    000000c4     mqtt_client_app.obj (.text:Mqtt_Stop)
                  0100d3f0    000000c4     freertos_builds_CC3220SF_LAUNCHXL_release_ccs.lib : tasks.obj (.text:prvAddNewTaskToReadyList)
                  0100d4b4    000000c0     mqtt_release.a : mqttclient.oem4 (.text:MqttClientSub)
                  0100d574    000000c0     simplelink.a : cc_pal.obj (.text:NwpPowerOff)
                  0100d634    000000c0     drivers_cc32xx.aem4 : PowerCC32XX.oem4 (.text:restoreParkedPins)
                  0100d6f4    000000c0     simplelink.a : netcfg.obj (.text:sl_NetCfgGet)
                  0100d7b4    000000c0     freertos_builds_CC3220SF_LAUNCHXL_release_ccs.lib : port.obj (.text:xPortStartScheduler)
                  0100d874    000000bc     simplelink.a : netapp.obj (.text:_SlNetAppSendResponse)
                  0100d930    000000bc     mqtt_release.a : client_core.oem4 (.text:clCtxConnStateTryLocked)
                  0100d9ec    000000bc     freertos_builds_CC3220SF_LAUNCHXL_release_ccs.lib : queue.obj (.text:prvCopyDataToQueue)
                  0100daa8    000000bc                                                       : heap_4.obj (.text:prvHeapInit)
                  0100db64    000000bc                                                       : timers.obj (.text:prvSwitchTimerLists)
                  0100dc20    000000bc     simplelink.a : sl_socket.obj (.text:sl_Send)
                  0100dcdc    000000ba     freertos_builds_CC3220SF_LAUNCHXL_release_ccs.lib : portasm.obj (.text)
                  0100dd96    00000002     --HOLE-- [fill = 0]
                  0100dd98    000000b8     drivers_cc32xx.aem4 : UARTCC32XXDMA.oem4 (.text:UARTCC32XXDMA_configDMA)
                  0100de50    000000b8     simplelink.a : netapp.obj (.text:_SlNetAppHandleAsync_DnsGetHostByName)
                  0100df08    000000b8                  : netapp.obj (.text:_SlNetAppHandleAsync_PingResponse)
                  0100dfc0    000000b8                  : device.obj (.text:sl_DeviceGet)
                  0100e078    000000b8                  : wlan.obj (.text:sl_WlanGet)
                  0100e130    000000b8     freertos_builds_CC3220SF_LAUNCHXL_release_ccs.lib : timer.obj (.text:timer_create)
                  0100e1e8    000000b8                                                       : queue.obj (.text:xQueueGenericReset)
                  0100e2a0    000000b4     mqtt_release.a : mqttclient.oem4 (.text:MqttClient_send)
                  0100e354    000000b4     drivers_cc32xx.aem4 : UARTCC32XXDMA.oem4 (.text:UARTCC32XXDMA_hwiIntFxn)
                  0100e408    000000b4     simplelink.a : driver.obj (.text:_SlDrvHandleFatalError)
                  0100e4bc    000000b4                  : netutil.obj (.text:_SlNetUtilHandleAsync_Cmd)
                  0100e570    000000b4     freertos_builds_CC3220SF_LAUNCHXL_release_ccs.lib : clock.obj (.text:_clock_abstime2ticks)
                  0100e624    000000b4     simplelink.a : sl_socket.obj (.text:sl_GetSockOpt)
                  0100e6d8    000000b1     rtsv7M4_T_le_eabi.lib : _printfi.c.obj (.text:_ltostr)
                  0100e789    00000003     --HOLE-- [fill = 0]
                  0100e78c    000000b0     slnetifwifi.a : slnetifwifi.obj (.text:SlNetIfWifi_getSockOpt)
                  0100e83c    000000b0     freertos_builds_CC3220SF_LAUNCHXL_release_ccs.lib : tasks.obj (.text:prvAddCurrentTaskToDelayedList)
                  0100e8ec    000000b0                                                       : tasks.obj (.text:xTaskCheckForTimeOut)
                  0100e99c    000000ae     slnetifwifi.a : slnetifwifi.obj (.text:matchModeByRole)
                  0100ea4a    000000ae     freertos_builds_CC3220SF_LAUNCHXL_release_ccs.lib : queue.obj (.text:prvUnlockQueue)
                  0100eaf8    000000ac     simplelink.a : sl_socket.obj (.text:_SlSocketHandleAsync_Close)
                  0100eba4    000000ac                  : sl_socket.obj (.text:_SlSocketHandleAsync_Connect)
                  0100ec50    000000ac     freertos_builds_CC3220SF_LAUNCHXL_release_ccs.lib : clock.obj (.text:clock_gettime)
                  0100ecfc    000000a8     driverlib.a : interrupt.obj (.text:IntDisable)
                  0100eda4    000000a8                 : interrupt.obj (.text:IntEnable)
                  0100ee4c    000000a8     network_if.obj (.text:Network_IF_IpConfigGet)
                  0100eef4    000000a8     driverlib.a : prcm.obj (.text:PRCMPeripheralClockGet)
                  0100ef9c    000000a8     drivers_cc32xx.aem4 : PowerCC32XX.oem4 (.text:PowerCC32XX_configureWakeup)
                  0100f044    000000a8     freertos_builds_CC3220SF_LAUNCHXL_release_ccs.lib : heap_4.obj (.text:prvInsertBlockIntoFreeList)
                  0100f0ec    000000a8     simplelink.a : fs.obj (.text:sl_FsClose)
                  0100f194    000000a8     freertos_builds_CC3220SF_LAUNCHXL_release_ccs.lib : heap_4.obj (.text:vPortFree)
                  0100f23c    000000a8                                                       : tasks.obj (.text:xTaskRemoveFromEventList)
                  0100f2e4    000000a6     uart_term.obj (.text:Report)
                  0100f38a    000000a6     simplelink.a : driver.obj (.text:_SlDrvIsTimeoutExpired)
                  0100f430    000000a4     mqtt_release.a : mqttclient.oem4 (.text:MQTTClient_create)
                  0100f4d4    000000a4                    : mqttclient.oem4 (.text:MQTTClient_delete)
                  0100f578    000000a4                    : mqttclient.oem4 (.text:MqttClientConfig)
                  0100f61c    000000a4     simplelink.a : sl_socket.obj (.text:sl_Bind)
                  0100f6c0    000000a0     freertos_builds_CC3220SF_LAUNCHXL_release_ccs.lib : ClockP_freertos.obj (.text:ClockP_create)
                  0100f760    000000a0     simplelink.a : fs.obj (.text:FsGetCreateFsMode)
                  0100f800    000000a0     mqtt_client_app.obj (.text:Mqtt_ClientStop)
                  0100f8a0    000000a0     simplelink.a : sl_socket.obj (.text:_SlDrvUnRegisterForSelectAsync)
                  0100f940    000000a0                  : driver.obj (.text:_SlSpawnMsgListProcess)
                  0100f9e0    0000009e                  : cc_pal.obj (.text:spi_Read)
                  0100fa7e    0000009e                  : cc_pal.obj (.text:spi_Write)
                  0100fb1c    0000009c     mqtt_release.a : client_core.oem4 (.text:MQTTClientCore_initLib)
                  0100fbb8    0000009c                    : client_core.oem4 (.text:MQTTClientCore_sendPubMsg)
                  0100fc54    0000009c                    : mqttclient.oem4 (.text:MqttClientUnsub)
                  0100fcf0    0000009c                    : client_core.oem4 (.text:_msgDispatch)
                  0100fd8c    0000009c     rtsv7M4_T_le_eabi.lib : memcpy_t2.asm.obj (.text)
                  0100fe28    0000009a     mqtt_release.a : client_core.oem4 (.text:procPubMsgRx)
                  0100fec2    00000098     uart_term.obj (.text:TrimSpace)
                  0100ff5a    00000002     --HOLE-- [fill = 0]
                  0100ff5c    00000098     drivers_cc32xx.aem4 : GPIOCC32XX.oem4 (.text:powerNotifyFxn)
                  0100fff4    00000096     mqtt_release.a : mqtt_net_func.oem4 (.text:MQTTNet_tcpSelect)
                  0101008a    00000096     rtsv7M4_T_le_eabi.lib : ull_div_t2.asm.obj (.text)
                  01010120    00000094     simplelink.a : cc_pal.obj (.text:Semaphore_pend_handle)
                  010101b4    00000094     drivers_cc32xx.aem4 : SPICC32XXDMA.oem4 (.text:initHw)
                  01010248    00000094     freertos_builds_CC3220SF_LAUNCHXL_release_ccs.lib : tasks.obj (.text:vTaskStartScheduler)
                  010102dc    00000092     slnetsock_release.a : slnetsock.oem4 (.text:SlNetSock_create)
                  0101036e    00000002     --HOLE-- [fill = 0]
                  01010370    00000090                         : slnetsock.oem4 (.text:SlNetSock_getVirtualSdConf)
                  01010400    00000090     simplelink.a : device.obj (.text:_SlDeviceHandleAsync_Stop)
                  01010490    00000090                  : sl_socket.obj (.text:_SlSocketHandleAsync_Accept)
                  01010520    00000090     mqtt_release.a : mqttclient.oem4 (.text:processPublishRxCB)
                  010105b0    00000090     drivers_cc32xx.aem4 : PowerCC32XX.oem4 (.text:restoreNVICRegs)
                  01010640    0000008d     mqtt_client_app.obj (.text:DisplayBanner)
                  010106cd    00000003     --HOLE-- [fill = 0]
                  010106d0    0000008c     mqtt_release.a : client_core.oem4 (.text:MQTTClientCore_createCtx)
                  0101075c    0000008c     slnetsock_release.a : slnetsock.oem4 (.text:SlNetSock_accept)
                  010107e8    0000008c     drivers_cc32xx.aem4 : UARTCC32XXDMA.oem4 (.text:UARTCC32XXDMA_write)
                  01010874    0000008c     simplelink.a : driver.obj (.text:_SlDrvDriverIsApiAllowed)
                  01010900    0000008c                  : driver.obj (.text:_SlDrvProtectAsyncRespSetting)
                  0101098c    0000008c     freertos_builds_CC3220SF_LAUNCHXL_release_ccs.lib : clock.obj (.text:_clock_gettimeMono)
                  01010a18    0000008c     rtsv7M4_T_le_eabi.lib : fputc.c.obj (.text:fputc)
                  01010aa4    0000008c     simplelink.a : sl_socket.obj (.text:sl_Recv)
                  01010b30    00000088     driverlib.a : pin.obj (.text:PinConfigSet)
                  01010bb8    00000088     drivers_cc32xx.aem4 : TimerCC32XX.oem4 (.text:TimerCC32XX_setPeriod)
                  01010c40    00000088     freertos_builds_CC3220SF_LAUNCHXL_release_ccs.lib : mqueue.obj (.text:mq_receive)
                  01010cc8    00000088     mqtt_release.a : client_core.oem4 (.text:procConnackRx)
                  01010d50    00000088     freertos_builds_CC3220SF_LAUNCHXL_release_ccs.lib : timers.obj (.text:prvProcessTimerOrBlockTask)
                  01010dd8    00000088     simplelink.a : eventreg.obj (.text:sl_UnregisterLibsEventHandler)
                  01010e60    00000088     mqtt_release.a : client_core.oem4 (.text:wrConnectPayload)
                  01010ee8    00000086     rtsv7M4_T_le_eabi.lib : fd_cmp_t2.asm.obj (.text:__aeabi_cdcmple)
                  01010f6e    00000086                           : fd_cmp_t2.asm.obj (.text:__aeabi_cdrcmple)
                  01010ff4    00000084     mqtt_client_app.obj (.text:MqttClientThread)
                  01011078    00000084     drivers_cc32xx.aem4 : PowerCC32XX.oem4 (.text:Power_init)
                  010110fc    00000084     slnetifwifi.a : slnetifwifi.obj (.text:SlNetIfWifi_sockstartSec)
                  01011180    00000084     slnetsock_release.a : slnetutils.oem4 (.text:SlNetUtil_getHostByName)
                  01011204    00000084     mqtt_client_app.obj (.text:changeMessage)
                  01011288    00000084     mqtt_release.a : client_core.oem4 (.text:mqpSetupProcCtxDataRecv)
                  0101130c    00000084     drivers_cc32xx.aem4 : PowerCC32XX.oem4 (.text:saveNVICRegs)
                  01011390    00000084     simplelink.a : sl_socket.obj (.text:sl_SetSockOpt)
                  01011414    00000084     freertos_builds_CC3220SF_LAUNCHXL_release_ccs.lib : timers.obj (.text:xTimerGenericCommand)
                  01011498    00000080     drivers_cc32xx.aem4 : PowerCC32XX.oem4 (.text:Power_setDependency)
                  01011518    00000080                         : UARTCC32XXDMA.oem4 (.text:UARTCC32XXDMA_read)
                  01011598    00000080     mqtt_release.a : client_core.oem4 (.text:clCtxPartSend)
                  01011618    00000080     freertos_builds_CC3220SF_LAUNCHXL_release_ccs.lib : timers.obj (.text:prvProcessExpiredTimer)
                  01011698    00000080                                                       : timer.obj (.text:timer_gettime)
                  01011718    0000007c     drivers_cc32xx.aem4 : UDMACC32XX.oem4 (.text:UDMACC32XX_open)
                  01011794    0000007c     mqtt_release.a : client_core.oem4 (.text:procCtxDataRecv)
                  01011810    0000007a     drivers_cc32xx.aem4 : UARTCC32XXDMA.oem4 (.text:UARTCC32XXDMA_readPolling)
                  0101188a    0000007a     freertos_builds_CC3220SF_LAUNCHXL_release_ccs.lib : pthread.obj (.text:removeThreadKeys)
                  01011904    0000007a     rtsv7M4_T_le_eabi.lib : memset_t2.asm.obj (.text)
                  0101197e    0000007a     freertos_builds_CC3220SF_LAUNCHXL_release_ccs.lib : tasks.obj (.text:xTaskCreate)
                  010119f8    00000078     drivers_cc32xx.aem4 : GPIOCC32XX.oem4 (.text:GPIO_hwiIntFxn)
                  01011a70    00000078     mqtt_release.a : mqtt_net_func.oem4 (.text:MQTTNet_recvFrom)
                  01011ae8    00000078     drivers_cc32xx.aem4 : TimerCC32XX.oem4 (.text:TimerCC32XX_start)
                  01011b60    00000078     freertos_builds_CC3220SF_LAUNCHXL_release_ccs.lib : timers.obj (.text:prvInsertTimerInActiveList)
                  01011bd8    00000078     simplelink.a : sl_socket.obj (.text:sl_Socket)
                  01011c50    00000074     mqtt_release.a : mqtt_net_func.oem4 (.text:MQTTNet_tcpAccept)
                  01011cc4    00000074     slnetsock_release.a : slnetsock.oem4 (.text:SlNetSock_AllocVirtualSocket)
                  01011d38    00000074     rtsv7M4_T_le_eabi.lib : fclose.c.obj (.text:__TI_closefile)
                  01011dac    00000074     mqtt_release.a : client_core.oem4 (.text:groupCtxsRxPrep)
                  01011e20    00000074     freertos_builds_CC3220SF_LAUNCHXL_release_ccs.lib : tasks.obj (.text:prvInitialiseTaskLists)
                  01011e94    00000074                                                       : pthread_mutex.obj (.text:pthread_mutex_init)
                  01011f08    00000074                                                       : port.obj (.text:vPortValidateInterruptPriority)
                  01011f7c    00000072     mqtt_release.a : mqtt_common.oem4 (.text:MQTT_packetProcPubRx)
                  01011fee    00000002     --HOLE-- [fill = 0]
                  01011ff0    00000070     slnetsock_release.a : slnetsock.oem4 (.text:SlNetSock_secAttribSet)
                  01012060    00000070     simplelink.a : driver.obj (.text:_SlDrvCmdSend_noLock)
                  010120d0    00000070     freertos_builds_CC3220SF_LAUNCHXL_release_ccs.lib : ClockP_freertos.obj (.text:setClockObjTimeout)
                  01012140    0000006e     rtsv7M4_T_le_eabi.lib : _printfi.c.obj (.text:_mcpy)
                  010121ae    00000002     --HOLE-- [fill = 0]
                  010121b0    0000006c                           : hostrename.c.obj (.text:HOSTrename)
                  0101221c    0000006c     mqtt_release.a : mqttclient.oem4 (.text:MQTTClient_run)
                  01012288    0000006c     slnetsock_release.a : slnetutils.oem4 (.text:SlNetUtil_str2BinIpV4)
                  010122f4    0000006c     simplelink.a : device.obj (.text:_SlDeviceHandleResetRequestInternally)
                  01012360    0000006c                  : sl_socket.obj (.text:_SlDrvOpenCtrlSocket)
                  010123cc    0000006c                  : netapp.obj (.text:_SlNetAppSendTokenValue)
                  01012438    0000006a     mqtt_release.a : mqtt_net_func.oem4 (.text:MQTTNet_sendTo)
                  010124a2    00000002     --HOLE-- [fill = 0]
                  010124a4    00000068     rtsv7M4_T_le_eabi.lib : hostlseek.c.obj (.text:HOSTlseek)
                  0101250c    00000068     mqtt_release.a : mqtt_common.oem4 (.text:MQTT_qos2PubCqUnlog)
                  01012574    00000068     simplelink.a : driver.obj (.text:_SlSpawnMsgListGetCount)
                  010125dc    00000068     rtsv7M4_T_le_eabi.lib : copy_decompress_lzss.c.obj (.text:decompress:lzss:__TI_decompress_lzss)
                  01012644    00000068     main_freertos.obj (.text:main)
                  010126ac    00000068     rtsv7M4_T_le_eabi.lib : printf.c.obj (.text:printf)
                  01012714    00000068     simplelink.a : cc_pal.obj (.text:spi_Open)
                  0101277c    00000066     freertos_builds_CC3220SF_LAUNCHXL_release_ccs.lib : timers.obj (.text:prvInitialiseNewTimer)
                  010127e2    00000066                                                       : memory.obj (.text:realloc)
                  01012848    00000066                                                       : list.obj (.text:vListInsert)
                  010128ae    00000002     --HOLE-- [fill = 0]
                  010128b0    00000064                                                       : ClockP_freertos.obj (.text:ClockP_stop)
                  01012914    00000064     mqtt_release.a : mqtt_common.oem4 (.text:MQTT_packetPubAppendTopic)
                  01012978    00000064     drivers_cc32xx.aem4 : PowerCC32XX.oem4 (.text:PowerCC32XX_setParkState)
                  010129dc    00000064     freertos_builds_CC3220SF_LAUNCHXL_release_ccs.lib : pthread_mutex.obj (.text:acquireMutex)
                  01012a40    00000064     mqtt_release.a : client_core.oem4 (.text:clientReset)
                  01012aa4    00000064                    : client_core.oem4 (.text:doNetClose)
                  01012b08    00000064     rtsv7M4_T_le_eabi.lib : fseek.c.obj (.text:fseek)
                  01012b6c    00000064     freertos_builds_CC3220SF_LAUNCHXL_release_ccs.lib : tasks.obj (.text:prvGetExpectedIdleTime)
                  01012bd0    00000062     rtsv7M4_T_le_eabi.lib : _io_perm.c.obj (.text:__TI_wrt_ok)
                  01012c32    00000002     --HOLE-- [fill = 0]
                  01012c34    00000060                           : hostopen.c.obj (.text:HOSTopen)
                  01012c94    00000060     freertos_builds_CC3220SF_LAUNCHXL_release_ccs.lib : HwiPCC32XX_freertos.obj (.text:HwiP_create)
                  01012cf4    00000060     driverlib.a : prcm.obj (.text:PRCMSysResetCauseGet)
                  01012d54    00000060     slnetsock_release.a : slnetsock.oem4 (.text:SlNetSock_recvFrom)
                  01012db4    00000060                         : slnetsock.oem4 (.text:SlNetSock_sendTo)
                  01012e14    00000060     drivers_cc32xx.aem4 : UARTCC32XXDMA.oem4 (.text:UARTCC32XXDMA_control)
                  01012e74    00000060     freertos_builds_CC3220SF_LAUNCHXL_release_ccs.lib : pthread_mutex.obj (.text:pthread_mutex_unlock)
                  01012ed4    00000060                                                       : queue.obj (.text:xQueueGenericCreate)
                  01012f34    0000005e     slnetifwifi.a : slnetifwifi.obj (.text:SlNetIfWifi_setSockOpt)
                  01012f92    0000005e     freertos_builds_CC3220SF_LAUNCHXL_release_ccs.lib : semaphore.obj (.text:sem_timedwait)
                  01012ff0    0000005c     drivers_cc32xx.aem4 : GPIOCC32XX.oem4 (.text:GPIO_setCallback)
                  0101304c    0000005c     mqtt_release.a : client_core.oem4 (.text:MQTTClientCore_exitLib)
                  010130a8    0000005c                    : mqtt_net_func.oem4 (.text:MQTTNet_tcpListen)
                  01013104    0000005c     simplelink.a : spawn.obj (.text:_SlInternalSpawn)
                  01013160    0000005c     freertos_builds_CC3220SF_LAUNCHXL_release_ccs.lib : memory.obj (.text:calloc)
                  010131bc    0000005c     rtsv7M4_T_le_eabi.lib : close.c.obj (.text:close)
                  01013218    0000005c                           : s_frexp.c.obj (.text:frexp)
                  01013274    0000005c     freertos_builds_CC3220SF_LAUNCHXL_release_ccs.lib : tasks.obj (.text:prvIdleTask)
                  010132d0    0000005c                                                       : pthread.obj (.text:pthread_exit)
                  0101332c    0000005c                                                       : queue.obj (.text:vQueueWaitForMessageRestricted)
                  01013388    0000005c                                                       : tasks.obj (.text:vTaskDelay)
                  010133e4    00000058     drivers_cc32xx.aem4 : GPIOCC32XX.oem4 (.text:GPIO_write)
                  0101343c    00000058     rtsv7M4_T_le_eabi.lib : hostread.c.obj (.text:HOSTread)
                  01013494    00000058                           : hostwrite.c.obj (.text:HOSTwrite)
                  010134ec    00000058     driverlib.a : interrupt.obj (.text:IntPendClear)
                  01013544    00000058                 : prcm.obj (.text:PRCMPeripheralReset)
                  0101359c    00000058     drivers_cc32xx.aem4 : PowerCC32XX.oem4 (.text:Power_releaseDependency)
                  010135f4    00000058     slnetsock_release.a : slnetsock.oem4 (.text:SlNetSock_recv)
                  0101364c    00000058                         : slnetsock.oem4 (.text:SlNetSock_send)
                  010136a4    00000058     simplelink.a : sl_socket.obj (.text:_SlDrvClearCtrlSocket)
                  010136fc    00000058     mqtt_release.a : client_core.oem4 (.text:clRecv)
                  01013754    00000058     freertos_builds_CC3220SF_LAUNCHXL_release_ccs.lib : tasks.obj (.text:eTaskConfirmSleepModeStatus)
                  010137ac    00000058     mqtt_release.a : client_core.oem4 (.text:singleCtxKaSequence)
                  01013804    00000058     simplelink.a : sl_socket.obj (.text:sl_Listen)
                  0101385c    00000058                  : eventreg.obj (.text:sl_RegisterLibsEventHandler)
                  010138b4    00000058     freertos_builds_CC3220SF_LAUNCHXL_release_ccs.lib : port.obj (.text:vPortSetupTimerInterrupt)
                  0101390c    00000058                                                       : queue.obj (.text:xQueueCreateCountingSemaphore)
                  01013964    00000058                                                       : queue.obj (.text:xQueueTakeMutexRecursive)
                  010139bc    00000056     mqtt_release.a : mqtt_common.oem4 (.text:MQTT_packetPubAppendData)
                  01013a12    00000056     freertos_builds_CC3220SF_LAUNCHXL_release_ccs.lib : SemaphoreP_freertos.obj (.text:SemaphoreP_create)
                  01013a68    00000056     drivers_cc32xx.aem4 : TimerCC32XX.oem4 (.text:TimerCC32XX_stop)
                  01013abe    00000056     rtsv7M4_T_le_eabi.lib : _printfi.c.obj (.text:_pconv_f)
                  01013b14    00000056     mqtt_release.a : client_core.oem4 (.text:procAckMsgRx)
                  01013b6a    00000002     --HOLE-- [fill = 0]
                  01013b6c    00000054     freertos_builds_CC3220SF_LAUNCHXL_release_ccs.lib : ClockP_freertos.obj (.text:ClockP_delete)
                  01013bc0    00000054     uart_term.obj (.text:InitTerm)
                  01013c14    00000054     driverlib.a : interrupt.obj (.text:IntPrioritySet)
                  01013c68    00000054     mqtt_release.a : client_core.oem4 (.text:MQTTClientCore_deleteCtx)
                  01013cbc    00000054                    : client_core.oem4 (.text:MQTTClientCore_sendDisconn)
                  01013d10    00000054     simplelink.a : driver.obj (.text:_SlDrvRxIrqHandler)
                  01013d64    00000054     rtsv7M4_T_le_eabi.lib : _ltoa.c.obj (.text:__TI_ltoa)
                  01013db8    00000054     mqtt_release.a : client_core.oem4 (.text:grpNetSetupCreate)
                  01013e0c    00000054     freertos_builds_CC3220SF_LAUNCHXL_release_ccs.lib : timers.obj (.text:xTimerCreateTimerTask)
                  01013e60    00000052     drivers_cc32xx.aem4 : PowerCC32XX_asm.oem4 (.text:PowerCC32XX_resumeLPDS)
                  01013eb2    00000052     rtsv7M4_T_le_eabi.lib : _printfi.c.obj (.text:_ecpy)
                  01013f04    00000052     drivers_cc32xx.aem4 : TimerCC32XX.oem4 (.text:initHw)
                  01013f56    00000002     --HOLE-- [fill = 0]
                  01013f58    00000050     simplelink.a : cc_pal.obj (.text:NwpRegisterInterruptHandler)
                  01013fa8    00000050     slnetsock_release.a : slnetif.oem4 (.text:SlNetIf_queryIf)
                  01013ff8    00000050     drivers_cc32xx.aem4 : TimerCC32XX.oem4 (.text:TimerCC32XX_allocateTimerResource)
                  01014048    00000050                         : UARTCC32XXDMA.oem4 (.text:UARTCC32XXDMA_writePolling)
                  01014098    00000050     simplelink.a : sl_socket.obj (.text:_SlDrvCloseCtrlSocket)
                  010140e8    00000050                  : driver.obj (.text:_SlDrvCmdSend_noWait)
                  01014138    00000050                  : driver.obj (.text:_SlDrvUpdateApiInProgress)
                  01014188    00000050                  : spawn.obj (.text:_SlInternalSpawnTaskEntry)
                  010141d8    00000050                  : eventreg.obj (.text:_SlNetAppHttpServerHdlr)
                  01014228    00000050                  : eventreg.obj (.text:_SlNetAppRequestHdlr)
                  01014278    00000050     mqtt_release.a : client_core.oem4 (.text:_procAckMsgRx)
                  010142c8    00000050     freertos_builds_CC3220SF_LAUNCHXL_release_ccs.lib : mqueue.obj (.text:mq_close)
                  01014318    00000050                                                       : port.obj (.text:pxPortInitialiseStack)
                  01014368    00000050                                                       : semaphore.obj (.text:sem_init)
                  010143b8    00000050                                                       : queue.obj (.text:xQueueGiveMutexRecursive)
                  01014408    0000004e     mqtt_release.a : client_core.oem4 (.text:MQTTClientCore_registerWillInfo)
                  01014456    0000004e     drivers_cc32xx.aem4 : UARTCC32XXDMA.oem4 (.text:writeCancel)
                  010144a4    0000004c                         : GPIOCC32XX.oem4 (.text:GPIO_enableInt)
                  010144f0    0000004c     simplelink.a : cc_pal.obj (.text:NwpWaitForShutDownInd)
                  0101453c    0000004c     drivers_cc32xx.aem4 : PowerCC32XX.oem4 (.text:PowerCC32XX_parkPin)
                  01014588    0000004c     slnetifwifi.a : slnetifwifi.obj (.text:SlNetIfWifi_getConnectionStatus)
                  010145d4    0000004c     slnetsock_release.a : slnetsock.oem4 (.text:SlNetSock_freeVirtualSocket)
                  01014620    0000004c                         : slnetsock.oem4 (.text:SlNetSock_startSec)
                  0101466c    0000004c     rtsv7M4_T_le_eabi.lib : fflush.c.obj (.text:__TI_doflush)
                  010146b8    0000004c     mqtt_release.a : client_core.oem4 (.text:ack1WlMqpDispatch)
                  01014704    0000004c     rtsv7M4_T_le_eabi.lib : atoi.c.obj (.text:atoi)
                  01014750    0000004c     freertos_builds_CC3220SF_LAUNCHXL_release_ccs.lib : startup_cc32xx_ccs.obj (.text:initVectors)
                  0101479c    0000004c     mqtt_release.a : client_core.oem4 (.text:loopbTrigger)
                  010147e8    0000004c     freertos_builds_CC3220SF_LAUNCHXL_release_ccs.lib : timers.obj (.text:prvCheckForValidListAndQueue)
                  01014834    0000004c                                                       : tasks.obj (.text:prvCheckTasksWaitingTermination)
                  01014880    0000004c     drivers_cc32xx.aem4 : PowerCC32XX.oem4 (.text:restorePeriphClocks)
                  010148cc    0000004c     mqtt_release.a : client_core.oem4 (.text:singleCtxRxPrep)
                  01014918    0000004c     simplelink.a : wlan.obj (.text:sl_WlanSetMode)
                  01014964    0000004c     freertos_builds_CC3220SF_LAUNCHXL_release_ccs.lib : port.obj (.text:vPortEnterCritical)
                  010149b0    0000004c                                                       : tasks.obj (.text:vTaskSetThreadLocalStoragePointer)
                  010149fc    0000004a     mqtt_release.a : client_core.oem4 (.text:clCtxRecv)
                  01014a46    0000004a     drivers_cc32xx.aem4 : UARTCC32XXDMA.oem4 (.text:readCancel)
                  01014a90    00000048     driverlib.a : flash.obj (.text:FlashDisable)
                  01014ad8    00000048     freertos_builds_CC3220SF_LAUNCHXL_release_ccs.lib : HwiPCC32XX_freertos.obj (.text:HwiP_dispatch)
                  01014b20    00000048     mqtt_client_app.obj (.text:LedTimerConfigNStart)
                  01014b68    00000048     mqtt_release.a : mqttclient.oem4 (.text:MQTTClient_set)
                  01014bb0    00000048     mqtt_client_app.obj (.text:MQTT_SendMsgToQueue)
                  01014bf8    00000048     driverlib.a : prcm.obj (.text:PRCMLPDSEnter)
                  01014c40    00000048                 : prcm.obj (.text:PRCMPeripheralClkEnable)
                  01014c88    00000048     drivers_cc32xx.aem4 : PowerCC32XX.oem4 (.text:Power_releaseConstraint)
                  01014cd0    00000048     slnetsock_release.a : slnetsock.oem4 (.text:SlNetSock_connect)
                  01014d18    00000048                         : slnetsock.oem4 (.text:SlNetSock_init)
                  01014d60    00000048                         : slnetsock.oem4 (.text:SlNetSock_setOpt)
                  01014da8    00000048     simplelink.a : eventreg.obj (.text:_SlDeviceFatalErrorEvtHdlr)
                  01014df0    00000048                  : eventreg.obj (.text:_SlDeviceGeneralEvtHdlr)
                  01014e38    00000048                  : driver.obj (.text:_SlDrvBasicCmd)
                  01014e80    00000048                  : driver.obj (.text:_SlDrvSyncObjWaitTimeout)
                  01014ec8    00000048                  : eventreg.obj (.text:_SlNetAppEvtHdlr)
                  01014f10    00000048                  : eventreg.obj (.text:_SlNetAppRequestMemFree)
                  01014f58    00000048                  : eventreg.obj (.text:_SlSockEvtHdlr)
                  01014fa0    00000048                  : eventreg.obj (.text:_SlWlanEvtHdlr)
                  01014fe8    00000048     mqtt_release.a : client_core.oem4 (.text:bufUTF8WrTry)
                  01015030    00000048                    : client_core.oem4 (.text:clCtxSetup)
                  01015078    00000048     rtsv7M4_T_le_eabi.lib : exit.c.obj (.text:exit)
                  010150c0    00000048     json_parse.obj (.text:jsoneq)
                  01015108    00000048     rtsv7M4_T_le_eabi.lib : fd_toi_t2.asm.obj (.text)
                  01015150    00000048     freertos_builds_CC3220SF_LAUNCHXL_release_ccs.lib : sleep.obj (.text:sleep)
                  01015198    00000048                                                       : list.obj (.text:uxListRemove)
                  010151e0    00000048     mqtt_release.a : client_core.oem4 (.text:wrConnectVh)
                  01015228    00000046     drivers_cc32xx.aem4 : TimerCC32XX.oem4 (.text:getPrescaler)
                  0101526e    00000002     --HOLE-- [fill = 0]
                  01015270    00000044     rtsv7M4_T_le_eabi.lib : hostclose.c.obj (.text:HOSTclose)
                  010152b4    00000044                           : hostunlink.c.obj (.text:HOSTunlink)
                  010152f8    00000044     mqtt_release.a : client_core.oem4 (.text:MQTTClientCore_run)
                  0101533c    00000044                    : mqtt_net_func.oem4 (.text:MQTTNet_tcpRecv)
                  01015380    00000044                    : mqttclient.oem4 (.text:MqttClientCtxDelete)
                  010153c4    00000044     driverlib.a : prcm.obj (.text:PRCMLPDSRestoreInfoSet)
                  01015408    00000044     drivers_cc32xx.aem4 : PowerCC32XX_asm.oem4 (.text:PowerCC32XX_enterLPDS)
                  0101544c    00000044                         : SPI.oem4 (.text:SPI_init)
                  01015490    00000044     slnetsock_release.a : slnetutils.oem4 (.text:SlNetUtil_strTok)
                  010154d4    00000044     drivers_cc32xx.aem4 : Timer.oem4 (.text:Timer_init)
                  01015518    00000044                         : UART.oem4 (.text:UART_init)
                  0101555c    00000044     rtsv7M4_T_le_eabi.lib : autoinit.c.obj (.text:__TI_auto_init_nobinit_nopinit:__TI_auto_init_nobinit_nopinit)
                  010155a0    00000044                           : getdevice.c.obj (.text:getdevice)
                  010155e4    00000044     freertos_builds_CC3220SF_LAUNCHXL_release_ccs.lib : queue.obj (.text:prvInitialiseNewQueue)
                  01015628    00000044     stat_queue.obj (.text:readStatsPubQ)
                  0101566c    00000044     freertos_builds_CC3220SF_LAUNCHXL_release_ccs.lib : tasks.obj (.text:vTaskStepTick)
                  010156b0    00000044     mqtt_release.a : client_core.oem4 (.text:vhMsgSend)
                  010156f4    00000042                    : mqtt_common.oem4 (.text:MQTT_packetBufRdRemlen)
                  01015736    00000042     freertos_builds_CC3220SF_LAUNCHXL_release_ccs.lib : memory.obj (.text:malloc)
                  01015778    00000040     simplelink.a : sl_socket.obj (.text:CountSetBits)
                  010157b8    00000040     network_if.obj (.text:InitializeAppVariables)
                  010157f8    00000040     mqtt_release.a : client_core.oem4 (.text:MQTTClientCore_registerCtxInfo)
                  01015838    00000040     driverlib.a : pin.obj (.text:PinModeSet)
                  01015878    00000040     drivers_cc32xx.aem4 : SPI.oem4 (.text:SPI_open)
                  010158b8    00000040     network_if.obj (.text:SimpleLinkGeneralEventHandler)
                  010158f8    00000040     slnetsock_release.a : slnetsock.oem4 (.text:SlNetSock_bind)
                  01015938    00000040     drivers_cc32xx.aem4 : Timer.oem4 (.text:Timer_open)
                  01015978    00000040                         : UART.oem4 (.text:UART_open)
                  010159b8    00000040                         : UDMACC32XX.oem4 (.text:UDMACC32XX_init)
                  010159f8    00000040     simplelink.a : driver.obj (.text:_SlDrvGlobalObjUnLock)
                  01015a38    00000040                  : driver.obj (.text:_SlFindAndReleasePendingCmd)
                  01015a78    00000040                  : spawn.obj (.text:_SlInternalSpawnWaitForEvent)
                  01015ab8    00000040                  : eventreg.obj (.text:_SlIsEventRegistered)
                  01015af8    00000040     freertos_builds_CC3220SF_LAUNCHXL_release_ccs.lib : aeabi_portable.obj (.text:__aeabi_errno_addr)
                  01015b38    00000040     mqtt_release.a : mqttclient.oem4 (.text:_sl_ExtLib_ServerAckLockedWait)
                  01015b78    00000040     json_parse.obj (.text:jsmn_alloc_token)
                  01015bb8    00000040     mqtt_release.a : client_core.oem4 (.text:netConnect)
                  01015bf8    00000040     rtsv7M4_T_le_eabi.lib : sprintf.c.obj (.text:sprintf)
                  01015c38    00000040     freertos_builds_CC3220SF_LAUNCHXL_release_ccs.lib : tasks.obj (.text:vTaskPlaceOnEventListRestricted)
                  01015c78    00000040     rtsv7M4_T_le_eabi.lib : vsnprintf.c.obj (.text:vsnprintf)
                  01015cb8    0000003e     freertos_builds_CC3220SF_LAUNCHXL_release_ccs.lib : ClockP_freertos.obj (.text:ClockP_callbackFxn)
                  01015cf6    0000003e     mqtt_release.a : mqtt_common.oem4 (.text:MQTT_packetAckWlistRemove)
                  01015d34    0000003e                    : mqtt_common.oem4 (.text:MQTT_packetBufTailWrRemlen)
                  01015d72    0000003e     slnetsock_release.a : slnetsock.oem4 (.text:SlNetSock_close)
                  01015db0    0000003e     simplelink.a : sl_socket.obj (.text:_SlSocketBuildAddress)
                  01015dee    0000003e     rtsv7M4_T_le_eabi.lib : _printfi.c.obj (.text:_fcpy)
                  01015e2c    0000003e     mqtt_release.a : client_core.oem4 (.text:clCtxSeg1Send)
                  01015e6a    0000003e                    : client_core.oem4 (.text:procPingrspRx)
                  01015ea8    0000003e     freertos_builds_CC3220SF_LAUNCHXL_release_ccs.lib : pthread.obj (.text:pthread_setcancelstate)
                  01015ee6    0000003e                                                       : semaphore.obj (.text:sem_post)
                  01015f24    0000003c     mqtt_release.a : client_core.oem4 (.text:MQTTClientCore_registerBuffers)
                  01015f60    0000003c                    : mqttclient.oem4 (.text:MQTTClient_disconnect)
                  01015f9c    0000003c                    : mqtt_common.oem4 (.text:MQTT_qos2PubCqCheck)
                  01015fd8    0000003c     network_if.obj (.text:Network_IF_DisconnectFromAP)
                  01016014    0000003c     driverlib.a : prcm.obj (.text:PRCMSlowClkCtrFastGet)
                  01016050    0000003c     drivers_cc32xx.aem4 : PowerCC32XX.oem4 (.text:Power_setConstraint)
                  0101608c    0000003c     simplelink.a : netapp.obj (.text:_SlNetAppCopyPingResultsToReport)
                  010160c8    0000003c     mqtt_release.a : mqttclient.oem4 (.text:processDisconnCB)
                  01016104    0000003c     freertos_builds_CC3220SF_LAUNCHXL_release_ccs.lib : queue.obj (.text:prvCopyDataFromQueue)
                  01016140    0000003c                                                       : tasks.obj (.text:prvResetNextTaskUnblockTime)
                  0101617c    0000003c                                                       : tasks.obj (.text:pvTaskGetThreadLocalStoragePointer)
                  010161b8    0000003c     mqtt_release.a : client_core.oem4 (.text:singleCtxRxPrepLocked)
                  010161f4    0000003c                    : client_core.oem4 (.text:tailIncorpMsgID)
                  01016230    0000003c     freertos_builds_CC3220SF_LAUNCHXL_release_ccs.lib : timer.obj (.text:timespecToTicks)
                  0101626c    0000003c     simplelink.a : sl_socket.obj (.text:to_mSec)
                  010162a8    0000003c     freertos_builds_CC3220SF_LAUNCHXL_release_ccs.lib : sleep.obj (.text:usleep)
                  010162e4    0000003c                                                       : list.obj (.text:vListInsertEnd)
                  01016320    0000003c                                                       : timers.obj (.text:xTimerCreate)
                  0101635c    0000003a     slnetifwifi.a : slnetifwifi.obj (.text:SlNetIfWifi_getIPAddr)
                  01016396    0000003a     drivers_cc32xx.aem4 : TimerCC32XX.oem4 (.text:TimerCC32XX_close)
                  010163d0    0000003a     freertos_builds_CC3220SF_LAUNCHXL_release_ccs.lib : timer.obj (.text:callbackFxn)
                  0101640a    0000003a     mqtt_release.a : mqtt_common.oem4 (.text:mqpProcVhMsgIdRx)
                  01016444    00000039     mqtt_client_app.obj (.text:continuoustimerCallback)
                  0101647d    00000003     --HOLE-- [fill = 0]
                  01016480    00000038     mqtt_release.a : client_core.oem4 (.text:MQTTClientCore_registerNetSvc)
                  010164b8    00000038                    : mqtt_common.oem4 (.text:MQTT_qos2PubCqLogup)
                  010164f0    00000038     driverlib.a : prcm.obj (.text:PRCMLPDSEnterKeepDebugIf)
                  01016528    00000038     slnetifwifi.a : slnetifwifi.obj (.text:SlNetIfWifi_recvFrom)
                  01016560    00000038                   : slnetifwifi.obj (.text:SlNetIfWifi_sendTo)
                  01016598    00000038                   : slnetifwifi.obj (.text:SlNetIfWifi_socket)
                  010165d0    00000038     slnetsock_release.a : slnetif.oem4 (.text:SlNetIf_configCheck)
                  01016608    00000038                         : slnetsock.oem4 (.text:SlNetSock_listen)
                  01016640    00000038                         : slnetutils.oem4 (.text:SlNetUtil_htonl)
                  01016678    00000038     drivers_cc32xx.aem4 : TimerCC32XX.oem4 (.text:TimerCC32XX_hwiIntFunction)
                  010166b0    00000038     rtsv7M4_T_le_eabi.lib : trgmsg.c.obj (.text:__TI_writemsg)
                  010166e8    00000038     mqtt_release.a : client_core.oem4 (.text:mqpAllocAtomic)
                  01016720    00000038                    : client_core.oem4 (.text:netRecv)
                  01016758    00000038     drivers_cc32xx.aem4 : PowerCC32XX.oem4 (.text:notify)
                  01016790    00000038     freertos_builds_CC3220SF_LAUNCHXL_release_ccs.lib : timers.obj (.text:prvGetNextExpireTime)
                  010167c8    00000038                                                       : port.obj (.text:prvTaskExitError)
                  01016800    00000038     stat_queue.obj (.text:sendStatsToPubQ)
                  01016838    00000038     drivers_cc32xx.aem4 : UARTCC32XXDMA.oem4 (.text:startTxFifoEmptyClk)
                  01016870    00000036     mqtt_release.a : mqtt_common.oem4 (.text:MQTT_packetPrepFh)
                  010168a6    00000036     slnetifwifi.a : slnetifwifi.obj (.text:SlNetIfWifi_getHostByName)
                  010168dc    00000036                   : slnetifwifi.obj (.text:SlNetIfWifi_select)
                  01016912    00000036     driverlib.a : timer.obj (.text:TimerControlStall)
                  01016948    00000036     mqtt_release.a : client_core.oem4 (.text:_procPubRecRx)
                  0101697e    00000036     rtsv7M4_T_le_eabi.lib : strncpy.c.obj (.text:strncpy)
                  010169b4    00000034     driverlib.a : pin.obj (.text:PinModeGet)
                  010169e8    00000034     drivers_cc32xx.aem4 : PowerCC32XX.oem4 (.text:PowerCC32XX_restoreParkState)
                  01016a1c    00000034     freertos_builds_CC3220SF_LAUNCHXL_release_ccs.lib : SemaphoreP_freertos.obj (.text:SemaphoreP_pend)
                  01016a50    00000034     slnetsock_release.a : slnetutils.oem4 (.text:SlNetUtil_htons)
                  01016a84    00000034     drivers_cc32xx.aem4 : TimerCC32XX.oem4 (.text:TimerCC32XX_freeTimerResource)
                  01016ab8    00000034                         : UDMACC32XX.oem4 (.text:UDMACC32XX_close)
                  01016aec    00000034     rtsv7M4_T_le_eabi.lib : fopen.c.obj (.text:__TI_cleanup)
                  01016b20    00000034                           : trgmsg.c.obj (.text:__TI_readmsg)
                  01016b54    00000034     freertos_builds_CC3220SF_LAUNCHXL_release_ccs.lib : mqueue.obj (.text:findInList)
                  01016b88    00000034     drivers_cc32xx.aem4 : TimerCC32XX.oem4 (.text:getPowerMgrId)
                  01016bbc    00000034     mqtt_release.a : client_core.oem4 (.text:groupCtxsKaSequence)
                  01016bf0    00000034                    : client_core.oem4 (.text:mqpFreeLocked)
                  01016c24    00000034                    : client_core.oem4 (.text:procLoopbackRecv)
                  01016c58    00000034     freertos_builds_CC3220SF_LAUNCHXL_release_ccs.lib : timers.obj (.text:prvSampleTimeNow)
                  01016c8c    00000034                                                       : tasks.obj (.text:vTaskPlaceOnEventList)
                  01016cc0    00000034     drivers_cc32xx.aem4 : UARTCC32XXDMA.oem4 (.text:writeFinishedDoCallback)
                  01016cf4    00000032     mqtt_release.a : mqtt_common.oem4 (.text:MQTT_clCtxTimeoutInsert)
                  01016d26    00000032                    : client_core.oem4 (.text:connectedStateRx)
                  01016d58    00000030     drivers_cc32xx.aem4 : PowerCC32XX.oem4 (.text:PowerCC32XX_restoreParkedPin)
                  01016d88    00000030     simplelink.a : fs.obj (.text:_SlFsStrlen)
                  01016db8    00000030     rtsv7M4_T_le_eabi.lib : vsnprintf.c.obj (.text:_outs)
                  01016de8    00000030     mqtt_release.a : client_core.oem4 (.text:ack2MsgIdUnlog)
                  01016e18    00000030                    : client_core.oem4 (.text:clientDescInit)
                  01016e48    00000030     rtsv7M4_T_le_eabi.lib : getdevice.c.obj (.text:finddevice)
                  01016e78    00000030     mqtt_release.a : mqttclient.oem4 (.text:getAvailableClictxMem)
                  01016ea8    00000030     mqtt_client_app.obj (.text:printBorder)
                  01016ed8    00000030     freertos_builds_CC3220SF_LAUNCHXL_release_ccs.lib : list.obj (.text:vListInitialise)
                  01016f08    00000030                                                       : port.obj (.text:vPortExitCritical)
                  01016f38    00000030                                                       : tasks.obj (.text:xTaskGetSchedulerState)
                  01016f68    0000002e     simplelink.a : cc_pal.obj (.text:Mutex_create_handle)
                  01016f96    0000002e     freertos_builds_CC3220SF_LAUNCHXL_release_ccs.lib : timers.obj (.text:pvTimerGetTimerID)
                  01016fc4    0000002e     rtsv7M4_T_le_eabi.lib : i_tofd_t2.asm.obj (.text)
                  01016ff2    00000002     --HOLE-- [fill = 0]
                  01016ff4    0000002c     freertos_builds_CC3220SF_LAUNCHXL_release_ccs.lib : HwiPCC32XX_freertos.obj (.text:HwiP_disable)
                  01017020    0000002c     simplelink.a : cc_pal.obj (.text:NwpPowerOn)
                  0101704c    0000002c     driverlib.a : prcm.obj (.text:PRCMLPDSIntervalSet)
                  01017078    0000002c     drivers_cc32xx.aem4 : PowerCC32XX.oem4 (.text:PowerCC32XX_getParkState)
                  010170a4    0000002c     freertos_builds_CC3220SF_LAUNCHXL_release_ccs.lib : SemaphoreP_freertos.obj (.text:SemaphoreP_createBinary)
                  010170d0    0000002c     slnetifwifi.a : slnetifwifi.obj (.text:SlNetIfWifi_recv)
                  010170fc    0000002c                   : slnetifwifi.obj (.text:SlNetIfWifi_send)
                  01017128    0000002c     simplelink.a : driver.obj (.text:_SlDrvSyncObjWaitForever)
                  01017154    0000002c     mqtt_release.a : client_core.oem4 (.text:doNetCloseRx)
                  01017180    0000002c     json_parse.obj (.text:jsmn_fill_token)
                  010171ac    0000002c     freertos_builds_CC3220SF_LAUNCHXL_release_ccs.lib : pthread_mutex.obj (.text:pthread_mutexattr_settype)
                  010171d8    0000002c     mqtt_release.a : client_core.oem4 (.text:singleCtxAdjWaitSecsGet)
                  01017204    0000002c     rtsv7M4_T_le_eabi.lib : strncmp.c.obj (.text:strncmp)
                  01017230    0000002c     freertos_builds_CC3220SF_LAUNCHXL_release_ccs.lib : timer.obj (.text:timer_delete)
                  0101725c    0000002c     rtsv7M4_T_le_eabi.lib : unlink.c.obj (.text:unlink)
                  01017288    0000002c     freertos_builds_CC3220SF_LAUNCHXL_release_ccs.lib : tasks.obj (.text:vTaskSetApplicationTaskTag)
                  010172b4    0000002c                                                       : port.obj (.text:xPortSysTickHandler)
                  010172e0    0000002c                                                       : queue.obj (.text:xQueueCreateMutex)
                  0101730c    0000002a     slnetsock_release.a : slnetutils.oem4 (.text:SlNetUtil_inetPton)
                  01017336    0000002a     driverlib.a : timer.obj (.text:TimerLoadSet)
                  01017360    0000002a                 : timer.obj (.text:TimerPrescaleSet)
                  0101738a    0000002a     drivers_cc32xx.aem4 : UARTCC32XXDMA.oem4 (.text:UARTCC32XXDMA_readCancel)
                  010173b4    0000002a                         : UARTCC32XXDMA.oem4 (.text:UARTCC32XXDMA_writeCancel)
                  010173de    0000002a     mqtt_release.a : client_core.oem4 (.text:ack2MsgIdDispatch)
                  01017408    0000002a                    : client_core.oem4 (.text:pingReqSend)
                  01017432    0000002a     freertos_builds_CC3220SF_LAUNCHXL_release_ccs.lib : queue.obj (.text:prvInitialiseMutex)
                  0101745c    0000002a     mqtt_release.a : client_core.oem4 (.text:txPartSetup)
                  01017486    0000002a     freertos_builds_CC3220SF_LAUNCHXL_release_ccs.lib : queue.obj (.text:uxQueueMessagesWaiting)
                  010174b0    0000002a                                                       : timers.obj (.text:xTimerGetExpiryTime)
                  010174da    00000002     --HOLE-- [fill = 0]
                  010174dc    00000028                                                       : HwiPCC32XX_freertos.obj (.text:HwiP_inISR)
                  01017504    00000028     mqtt_release.a : mqtt_common.oem4 (.text:MQTT_packetBufWrUtf8)
                  0101752c    00000028     driverlib.a : prcm.obj (.text:PRCMLPDSWakeupSourceEnable)
                  01017554    00000028                 : prcm.obj (.text:PRCMPeripheralClkDisable)
                  0101757c    00000028     drivers_cc32xx.aem4 : PowerCC32XX.oem4 (.text:Power_registerNotify)
                  010175a4    00000028     slnetsock_release.a : slnetif.oem4 (.text:SlNetIf_getIfByID)
                  010175cc    00000028                         : slnetsock.oem4 (.text:SlNetSock_sdsIsSet)
                  010175f4    00000028                         : slnetsock.oem4 (.text:SlNetSock_sdsSet)
                  0101761c    00000028                         : slnetsock.oem4 (.text:SlNetSock_secAttribDelete)
                  01017644    00000028     simplelink.a : driver.obj (.text:_SlDrvProtectionObjLockWaitForever)
                  0101766c    00000028                  : driver.obj (.text:_SlDrvProtectionObjUnLock)
                  01017694    00000028                  : flowcont.obj (.text:_SlFlowContSet)
                  010176bc    00000028     mqtt_release.a : client_core.oem4 (.text:_procPubRelRx)
                  010176e4    00000028                    : mqttclient.oem4 (.text:_sl_ExtLib_AwaitedAckLockedSet)
                  0101770c    00000028     stat_queue.obj (.text:initQueues)
                  01017734    00000028     rtsv7M4_T_le_eabi.lib : lseek.c.obj (.text:lseek)
                  0101775c    00000028                           : memmov.c.obj (.text:memmove)
                  01017784    00000028     freertos_builds_CC3220SF_LAUNCHXL_release_ccs.lib : pthread.obj (.text:pthread_attr_setschedparam)
                  010177ac    00000028                                                       : semaphore.obj (.text:sem_trywait)
                  010177d4    00000028     rtsv7M4_T_le_eabi.lib : write.c.obj (.text:write)
                  010177fc    00000028     freertos_builds_CC3220SF_LAUNCHXL_release_ccs.lib : tasks.obj (.text:xTaskGetApplicationTaskTag)
                  01017824    00000026     drivers_cc32xx.aem4 : List.oem4 (.text:List_put)
                  0101784a    00000026                         : List.oem4 (.text:List_remove)
                  01017870    00000026     mqtt_release.a : mqtt_common.oem4 (.text:MQTT_clCtxRemove)
                  01017896    00000026     freertos_builds_CC3220SF_LAUNCHXL_release_ccs.lib : pthread.obj (.text:_pthread_cleanup_pop)
                  010178bc    00000026                                                       : queue.obj (.text:prvIsQueueFull)
                  010178e2    00000002     --HOLE-- [fill = 0]
                  010178e4    00000024     driverlib.a : interrupt.obj (.text:IntUnregister)
                  01017908    00000024     drivers_cc32xx.aem4 : PowerCC32XX.oem4 (.text:PowerCC32XX_reset)
                  0101792c    00000024     slnetsock_release.a : slnetif.oem4 (.text:SlNetIf_getConnectionStatus)
                  01017950    00000024     simplelink.a : driver.obj (.text:_SlDrvIsApiInProgress)
                  01017974    00000024                  : driver.obj (.text:_SlDrvStartMeasureTimeout)
                  01017998    00000024     rtsv7M4_T_le_eabi.lib : boot_cortex_m.c.obj (.text:_c_int00_noargs:_c_int00_noargs)
                  010179bc    00000024     mqtt_release.a : client_core.oem4 (.text:conn2usedCtxs)
                  010179e0    00000024     freertos_builds_CC3220SF_LAUNCHXL_release_ccs.lib : queue.obj (.text:prvGetDisinheritPriorityAfterTimeout)
                  01017a04    00000024     mqtt_release.a : client_core.oem4 (.text:recvHvecLoad)
                  01017a28    00000024     freertos_builds_CC3220SF_LAUNCHXL_release_ccs.lib : semaphore.obj (.text:sem_getvalue)
                  01017a4c    00000024     simplelink.a : wlan.obj (.text:sl_WlanDisconnect)
                  01017a70    00000024     freertos_builds_CC3220SF_LAUNCHXL_release_ccs.lib : queue.obj (.text:vQueueDelete)
                  01017a94    00000024                                                       : tasks.obj (.text:vTaskInternalSetTimeOutState)
                  01017ab8    00000022     mqtt_release.a : mqtt_common.oem4 (.text:MQTT_packetProcMsgIdAckRx)
                  01017ada    00000022     freertos_builds_CC3220SF_LAUNCHXL_release_ccs.lib : SemaphoreP_freertos.obj (.text:SemaphoreP_post)
                  01017afc    00000022                                                       : pthread.obj (.text:pthread_attr_setdetachstate)
                  01017b1e    00000002     --HOLE-- [fill = 0]
                  01017b20    00000020                                                       : ClockP_freertos.obj (.text:ClockP_getCpuFreq)
                  01017b40    00000020                                                       : HwiPCC32XX_freertos.obj (.text:HwiP_restore)
                  01017b60    00000020     driverlib.a : interrupt.obj (.text:IntRegister)
                  01017b80    00000020     mqtt_release.a : mqtt_common.oem4 (.text:MQTT_qos2PubCqReset)
                  01017ba0    00000020     drivers_cc32xx.aem4 : PowerCC32XX.oem4 (.text:Power_unregisterNotify)
                  01017bc0    00000020     slnetifwifi.a : slnetifwifi.obj (.text:SlNetIfWifi_accept)
                  01017be0    00000020     drivers_cc32xx.aem4 : SPICC32XXDMA.oem4 (.text:getPowerMgrId)
                  01017c00    00000020                         : UARTCC32XXDMA.oem4 (.text:getPowerMgrId)
                  01017c20    00000020     rtsv7M4_T_le_eabi.lib : memchr.c.obj (.text:memchr)
                  01017c40    00000020     freertos_builds_CC3220SF_LAUNCHXL_release_ccs.lib : queue.obj (.text:prvIsQueueEmpty)
                  01017c60    00000020                                                       : semaphore.obj (.text:semaphorePend)
                  01017c80    00000020     mqtt_release.a : client_core.oem4 (.text:session311fix)
                  01017ca0    0000001e     freertos_builds_CC3220SF_LAUNCHXL_release_ccs.lib : ClockP_freertos.obj (.text:ClockP_start)
                  01017cbe    0000001e                                                       : HwiPCC32XX_freertos.obj (.text:HwiP_Params_init)
                  01017cdc    0000001e     mqtt_release.a : client_core.oem4 (.text:MQTTClientCore_alloc)
                  01017cfa    0000001e                    : client_core.oem4 (.text:MQTTClientCore_ctxRun)
                  01017d18    0000001e     slnetifwifi.a : slnetifwifi.obj (.text:SlNetIfWifi_bind)
                  01017d36    0000001e                   : slnetifwifi.obj (.text:SlNetIfWifi_connect)
                  01017d54    0000001e     driverlib.a : timer.obj (.text:TimerDisable)
                  01017d72    0000001e                 : timer.obj (.text:TimerEnable)
                  01017d90    0000001e     simplelink.a : driver.obj (.text:_SlDrvObjLockWaitForever)
                  01017dae    0000001e                  : driver.obj (.text:_SlDrvObjUnLock)
                  01017dcc    0000001e                  : driver.obj (.text:_SlDrvSyncObjSignal)
                  01017dea    0000001e     freertos_builds_CC3220SF_LAUNCHXL_release_ccs.lib : pthread.obj (.text:_pthread_runStub)
                  01017e08    0000001e     json_parse.obj (.text:jsmn_init)
                  01017e26    0000001e     drivers_cc32xx.aem4 : UDMACC32XX.oem4 (.text:postNotifyFxn)
                  01017e44    0000001e     mqtt_release.a : client_core.oem4 (.text:procNetDataRecv)
                  01017e62    0000001e                    : client_core.oem4 (.text:sessionDelete)
                  01017e80    0000001c     freertos_builds_CC3220SF_LAUNCHXL_release_ccs.lib : ClockP_freertos.obj (.text:ClockP_Params_init)
                  01017e9c    0000001c     uart_term.obj (.text:Message)
                  01017eb8    0000001c     driverlib.a : pin.obj (.text:PinToPadGet)
                  01017ed4    0000001c     simplelink.a : device.obj (.text:_SlDeviceGetStartResponseConvert)
                  01017ef0    0000001c                  : spawn.obj (.text:_SlInternalIsItSpawnThread)
                  01017f0c    0000001c     mqtt_release.a : client_core.oem4 (.text:awaitsPkts)
                  01017f28    0000001c                    : client_core.oem4 (.text:doNetCloseTx)
                  01017f44    0000001c     rtsv7M4_T_le_eabi.lib : memccpy.c.obj (.text:memccpy)
                  01017f60    0000001c     mqtt_release.a : client_core.oem4 (.text:processRecv)
                  01017f7c    0000001c     freertos_builds_CC3220SF_LAUNCHXL_release_ccs.lib : pthread.obj (.text:pthread_attr_init)
                  01017f98    0000001c                                                       : pthread_mutex.obj (.text:pthread_mutexattr_init)
                  01017fb4    0000001c                                                       : tasks.obj (.text:pvTaskIncrementMutexHeldCount)
                  01017fd0    0000001c     mqtt_release.a : client_core.oem4 (.text:usedCtxsTOSort)
                  01017fec    0000001a                    : mqtt_common.oem4 (.text:MQTT_packetAckWlistPurge)
                  01018006    0000001a     freertos_builds_CC3220SF_LAUNCHXL_release_ccs.lib : PTLS.obj (.text:PTLS_taskDeleteHook)
                  01018020    0000001a     slnetifwifi.a : slnetifwifi.obj (.text:SlNetIfWifi_listen)
                  0101803a    0000001a     freertos_builds_CC3220SF_LAUNCHXL_release_ccs.lib : timers.obj (.text:prvTimerTask)
                  01018054    0000001a                                                       : pthread_mutex.obj (.text:pthread_mutex_destroy)
                  0101806e    00000018     mqtt_release.a : mqtt_common.oem4 (.text:MQTT_clCtxTimeoutUpdate)
                  01018086    00000002     --HOLE-- [fill = 0]
                  01018088    00000018     drivers_cc32xx.aem4 : PowerCC32XX.oem4 (.text:Power_idleFunc)
                  010180a0    00000018                         : TimerCC32XX.oem4 (.text:TimerCC32XX_getCount)
                  010180b8    00000018     driverlib.a : timer.obj (.text:TimerIntDisable)
                  010180d0    00000018                 : timer.obj (.text:TimerIntEnable)
                  010180e8    00000018                 : uart.obj (.text:UARTBusy)
                  01018100    00000018     drivers_cc32xx.aem4 : UART.oem4 (.text:UART_Params_init)
                  01018118    00000018     rtsv7M4_T_le_eabi.lib : vsnprintf.c.obj (.text:_outc)
                  01018130    00000018                           : sprintf.c.obj (.text:_outs)
                  01018148    00000018     freertos_builds_CC3220SF_LAUNCHXL_release_ccs.lib : memory.obj (.text:free)
                  01018160    00000018     mqtt_release.a : client_core.oem4 (.text:groupCtxsAdjWaitSecsGet)
                  01018178    00000018                    : client_core.oem4 (.text:netClCtxFind)
                  01018190    00000018     uart_term.obj (.text:putch)
                  010181a8    00000018     rtsv7M4_T_le_eabi.lib : ll_mul_t2.asm.obj (.text)
                  010181c0    00000018     freertos_builds_CC3220SF_LAUNCHXL_release_ccs.lib : semaphore.obj (.text:sem_wait)
                  010181d8    00000018     rtsv7M4_T_le_eabi.lib : strcmp.c.obj (.text:strcmp)
                  010181f0    00000018     freertos_builds_CC3220SF_LAUNCHXL_release_ccs.lib : tasks.obj (.text:xTaskGetTickCountFromISR)
                  01018208    00000016                                                       : ClockP_freertos.obj (.text:ClockP_setTimeout)
                  0101821e    00000016     mqtt_release.a : mqtt_net_func.oem4 (.text:MQTTNet_commClose)
                  01018234    00000016                    : mqtt_common.oem4 (.text:MQTT_clCtxReset)
                  0101824a    00000016                    : mqtt_common.oem4 (.text:MQTT_packetFree)
                  01018260    00000016                    : mqtt_common.oem4 (.text:MQTT_packetInit)
                  01018276    00000016     driverlib.a : prcm.obj (.text:PRCMHIBRegRead)
                  0101828c    00000016                 : prcm.obj (.text:PRCMHIBRegWrite)
                  010182a2    00000016     freertos_builds_CC3220SF_LAUNCHXL_release_ccs.lib : PTLS.obj (.text:PTLS_getBuf)
                  010182b8    00000016                                                       : PTLS.obj (.text:PTLS_setBuf)
                  010182ce    00000016                                                       : SemaphoreP_freertos.obj (.text:SemaphoreP_Params_init)
                  010182e4    00000016     simplelink.a : driver.obj (.text:_SlDrvMemZero)
                  010182fa    00000002     --HOLE-- [fill = 0]
                  010182fc    00000016     freertos_builds_CC3220SF_LAUNCHXL_release_ccs.lib : startup_cc32xx_ccs.obj (.text:resetISR)
                  01018312    00000016     rtsv7M4_T_le_eabi.lib : strchr.c.obj (.text:strchr)
                  01018328    00000014     driverlib.a : cpu.obj (.text:CPUcpsie)
                  0101833c    00000014                 : interrupt.obj (.text:IntVTableBaseSet)
                  01018350    00000014     mqtt_release.a : mqttclient.oem4 (.text:MQTTClient_publish)
                  01018364    00000014                    : mqtt_net_func.oem4 (.text:MQTTNet_rtcSecs)
                  01018378    00000014                    : mqtt_common.oem4 (.text:MQTT_packetAckWlistAppend)
                  0101838c    00000014                    : mqtt_common.oem4 (.text:MQTT_packetReset)
                  010183a0    00000014     drivers_cc32xx.aem4 : PowerCC32XX.oem4 (.text:Power_getDependencyCount)
                  010183b4    00000014                         : SPI.oem4 (.text:SPI_Params_init)
                  010183c8    00000014     slnetsock_release.a : slnetsock.oem4 (.text:SlNetSock_sdsClrAll)
                  010183dc    00000014     mqtt_release.a : client_core.oem4 (.text:ack1WlRmfree)
                  010183f0    00000014     freertos_builds_CC3220SF_LAUNCHXL_release_ccs.lib : tasks.obj (.text:prvDeleteTCB)
                  01018404    00000014                                                       : pthread.obj (.text:pthread_attr_setstacksize)
                  01018418    00000014                                                       : pthread_mutex.obj (.text:pthread_mutex_lock)
                  0101842c    00000014                                                       : pthread.obj (.text:pthread_self)
                  01018440    00000014                                                       : semaphore.obj (.text:sem_destroy)
                  01018454    00000014     rtsv7M4_T_le_eabi.lib : strcpy.c.obj (.text:strcpy)
                  01018468    00000014                           : strlen.c.obj (.text:strlen)
                  0101847c    00000014     mqtt_release.a : client_core.oem4 (.text:txPartBufP)
                  01018490    00000014                    : client_core.oem4 (.text:txPartReset)
                  010184a4    00000014     freertos_builds_CC3220SF_LAUNCHXL_release_ccs.lib : PowerCC32XX_freertos.obj (.text:vPortSuppressTicksAndSleep)
[...]
010169b5  PinModeGet                                
010169e9  PowerCC32XX_restoreParkState              
01016a1d  SemaphoreP_pend                           
01016a51  SlNetUtil_htons                           
01016a51  SlNetUtil_ntohs                           
01016a85  TimerCC32XX_freeTimerResource             
01016ab9  UDMACC32XX_close                          
01016aed  __TI_cleanup                              
01016b21  __TI_readmsg                              
01016c8d  vTaskPlaceOnEventList                     
01016cf5  MQTT_clCtxTimeoutInsert                   
01016d59  PowerCC32XX_restoreParkedPin              
01016e49  finddevice                                
01016ea9  printBorder                               
01016ed9  vListInitialise                           
01016f09  vPortExitCritical                         
01016f39  xTaskGetSchedulerState                    
01016f69  Mutex_create_handle                       
01016f97  pvTimerGetTimerID                         
01016fc5  __aeabi_i2d                               
01016ff5  HwiP_disable                              
01017021  NwpPowerOn                                
0101704d  PRCMLPDSIntervalSet                       
01017079  PowerCC32XX_getParkState                  
010170a5  SemaphoreP_createBinary                   
010170d1  SlNetIfWifi_recv                          
010170fd  SlNetIfWifi_send                          
01017129  _SlDrvSyncObjWaitForever                  
010171ad  pthread_mutexattr_settype                 
01017205  strncmp                                   
01017231  timer_delete                              
0101725d  remove                                    
0101725d  unlink                                    
01017289  vTaskSetApplicationTaskTag                
010172b5  xPortSysTickHandler                       
010172e1  xQueueCreateMutex                         
0101730d  SlNetUtil_inetPton                        
01017337  TimerLoadSet                              
01017361  TimerPrescaleSet                          
0101738b  UARTCC32XXDMA_readCancel                  
010173b5  UARTCC32XXDMA_writeCancel                 
01017487  uxQueueMessagesWaiting                    
010174b1  xTimerGetExpiryTime                       
010174dd  HwiP_inISR                                
01017505  MQTT_packetBufWrUtf8                      
0101752d  PRCMLPDSWakeupSourceEnable                
01017555  PRCMPeripheralClkDisable                  
0101757d  Power_registerNotify                      
010175a5  SlNetIf_getIfByID                         
010175cd  SlNetSock_sdsIsSet                        
010175f5  SlNetSock_sdsSet                          
0101761d  SlNetSock_secAttribDelete                 
01017645  _SlDrvProtectionObjLockWaitForever        
0101766d  _SlDrvProtectionObjUnLock                 
01017695  _SlFlowContSet                            
010176e5  _sl_ExtLib_AwaitedAckLockedSet            
0101770d  initQueues                                
01017735  lseek                                     
0101775d  memmove                                   
01017785  pthread_attr_setschedparam                
010177ad  sem_trywait                               
010177d5  write                                     
010177fd  xTaskGetApplicationTaskTag                
01017825  List_put                                  
0101784b  List_remove                               
01017871  MQTT_clCtxRemove                          
01017897  _pthread_cleanup_pop                      
010178e5  IntUnregister                             
01017909  PowerCC32XX_reset                         
0101792d  SlNetIf_getConnectionStatus               
01017951  _SlDrvIsApiInProgress                     
01017975  _SlDrvStartMeasureTimeout                 
01017999  _c_int00_noargs                           
01017a29  sem_getvalue                              
01017a4d  sl_WlanDisconnect                         
01017a71  vQueueDelete                              
01017a95  vTaskInternalSetTimeOutState              
01017ab9  MQTT_packetProcMsgIdAckRx                 
01017adb  SemaphoreP_post                           
01017afd  pthread_attr_setdetachstate               
01017b21  ClockP_getCpuFreq                         
01017b41  HwiP_restore                              
01017b61  IntRegister                               
01017b81  MQTT_qos2PubCqReset                       
01017ba1  Power_unregisterNotify                    
01017bc1  SlNetIfWifi_accept                        
01017c21  memchr                                    
01017ca1  ClockP_start                              
01017cbf  HwiP_Params_init                          
01017cdd  MQTTClientCore_alloc                      
01017cfb  MQTTClientCore_ctxRun                     
01017d19  SlNetIfWifi_bind                          
01017d37  SlNetIfWifi_connect                       
01017d55  TimerDisable                              
01017d73  TimerEnable                               
01017d91  _SlDrvObjLockWaitForever                  
01017daf  _SlDrvObjUnLock                           
01017dcd  _SlDrvSyncObjSignal                       
01017e09  jsmn_init                                 
01017e81  ClockP_Params_init                        
01017e9d  Message                                   
01017eb9  PinToPadGet                               
01017ef1  _SlInternalIsItSpawnThread                
01017f45  memccpy                                   
01017f7d  pthread_attr_init                         
01017f99  pthread_mutexattr_init                    
01017fb5  pvTaskIncrementMutexHeldCount             
01017fed  MQTT_packetAckWlistPurge                  
01018007  PTLS_taskDeleteHook                       
01018021  SlNetIfWifi_listen                        
01018055  pthread_mutex_destroy                     
0101806f  MQTT_clCtxTimeoutUpdate                   
01018089  Power_idleFunc                            
010180a1  TimerCC32XX_getCount                      
010180b9  TimerIntDisable                           
010180d1  TimerIntEnable                            
010180e9  UARTBusy                                  
01018101  UART_Params_init                          
01018149  free                                      
01018191  putch                                     
010181a9  __aeabi_lmul                              
010181c1  sem_wait                                  
010181d9  strcmp                                    
010181f1  xTaskGetTickCountFromISR                  
01018209  ClockP_setTimeout                         
0101821f  MQTTNet_commClose                         
01018235  MQTT_clCtxReset                           
0101824b  MQTT_packetFree                           
01018261  MQTT_packetInit                           
01018277  PRCMHIBRegRead                            
0101828d  PRCMHIBRegWrite                           
010182a3  PTLS_getBuf                               
010182b9  PTLS_setBuf                               
010182cf  SemaphoreP_Params_init                    
010182e5  _SlDrvMemZero                             
010182fd  resetISR                                  
0101830c  resetVectorAddr                           
01018313  strchr                                    
01018329  CPUcpsie                                  
0101833d  IntVTableBaseSet                          
01018351  MQTTClient_publish                        
01018365  MQTTNet_rtcSecs                           
01018379  MQTT_packetAckWlistAppend                 
0101838d  MQTT_packetReset                          
010183a1  Power_getDependencyCount                  
010183b5  SPI_Params_init                           
010183c9  SlNetSock_sdsClrAll                       
01018405  pthread_attr_setstacksize                 
01018419  pthread_mutex_lock                        
0101842d  pthread_self                              
01018441  sem_destroy                               
01018455  strcpy                                    
01018469  strlen                                    
010184a5  vPortSuppressTicksAndSleep                
010184b9  xTaskGetCurrentTaskHandle                 
010184cd  xTaskGetTickCount                         
010184e1  HwiP_delete                               
010184f3  SlNetIfWifi_close                         
01018505  TimerIntClear                             
0101853b  wcslen                                    
0101854d  Board_init                                
0101855d  ClockP_getSystemTickPeriod                
0101856d  LedTimerDeinitStop                        
0101857d  MQTTClientCore_sendUnsubMsg               
0101858d  SlNetSock_secAttribCreate                 
0101859d  SysTickDisable                            
010185ad  SysTickEnable                             
010185bd  Timer_Params_init                         
010185cd  _SlDrvDispatchHttpServerEvents            
010185dd  _SlDrvDispatchNetAppRequestEvents         
010185ed  _SlDrvIsSpawnOwnGlobalLock                
0101864d  vListInitialiseItem                       
0101865d  vTaskSuspendAll                           
0101866d  MQTTClient_subscribe                      
0101867b  MQTTClient_unsubscribe                    
01018689  Power_getTransitionLatency                
01018697  _SlDrvResetCmdExt                         
010186a5  _sl_ExtLib_AwaitedAckSet                  
010186c1  __TI_decompress_none                      
010186dd  spi_Close                                 
010186eb  CPUwfi                                    
010186f7  HwiP_clearInterrupt                       
01018703  HwiP_disableInterrupt                     
0101870f  HwiP_enableInterrupt                      
0101871b  MQTTClientCore_sendConnectMsg             
01018727  MQTT_secureConnStructInit                 
01018735  Network_IF_ResetMCUStateMachine           
01018741  NwpMaskInterrupt                          
0101874d  NwpUnMaskInterrupt                        
01018759  Power_getConstraintMask                   
01018765  SemaphoreP_delete                         
01018771  SimpleLinkHttpServerEventHandler          
0101877d  SimpleLinkNetAppRequestEventHandler       
01018789  _SlDeviceResetRequestInitCompletedCB      
010187a1  copysign                                  
010187a1  copysignl                                 
010187ad  __TI_zero_init                            
010187d1  uDMAErrorStatusClear                      
010187dd  uDMAErrorStatusGet                        
010187e9  vTaskMissedYield                          
010187f5  IntMasterEnable                           
010187ff  SPI_close                                 
01018809  SPI_transfer                              
01018813  SimpleLinkNetAppRequestMemFreeEventHandler
0101881d  TimerPeriodicIntHandler                   
01018827  Timer_start                               
01018831  UART_control                              
0101883b  UART_readPolling                          
01018845  UART_writePolling                         
01018859  sl_Task                                   
01018863  vApplicationStackOverflowHook             
0101886d  ClockP_getSystemTicks                     
01018875  MQTTClientCore_sendSubMsg                 
0101887d  MQTTNet_tcpSend                           
01018885  PRCMSleepEnter                            
0101888d  TimerGetCurrentTimestamp                  
010188b5  SPICC32XXDMA_control                      
010188bb  TimerCC32XX_control                       
010188c1  UtilsDelay                                
010188df  SPICC32XXDMA_init                         
010188e3  SlNetIf_init                              
010188e7  SlNetUtil_init                            
010188f3  _system_pre_init                          
010188f7  C$$EXIT                                   
010188f7  abort                                     
01018904  _ctypes_                                  
01018d04  spiCC32XXDMAHWAttrs                       
01018d7c  OpcodeTranslateTable                      
01018dec  _SlActionLookupTable                      
01018e3c  PowerCC32XX_config                        
01018e7c  timerCC32XXHWAttrs                        
01018ebc  Timer_config                              
01018eec  UARTCC32XXDMA_fxnTable                    
01018f14  UART_defaultParams                        
01018fa0  SPI_defaultParams                         
01018fe0  TimerCC32XX_fxnTable                      
01019000  Display_count                             
01019001  CONFIG_Crypto_0_CONST                     
01019002  CryptoCC32XX_count                        
01019003  CONFIG_GPIO_BUTTON_0_CONST                
01019004  CONFIG_GPIO_BUTTON_1_CONST                
01019005  CONFIG_GPIO_LED_0_CONST                   
01019006  CONFIG_GPIO_LED_1_CONST                   
01019007  CONFIG_GPIO_LED_2_CONST                   
01019008  CONFIG_GPIO_0_CONST                       
01019009  CONFIG_GPIO_1_CONST                       
0101900a  CONFIG_GPIO_2_CONST                       
0101900b  CONFIG_GPIO_3_CONST                       
0101900c  CONFIG_GPIO_4_CONST                       
0101900d  CONFIG_GPIO_5_CONST                       
0101900e  CONFIG_GPIO_6_CONST                       
0101900f  CONFIG_GPIO_7_CONST                       
01019010  CONFIG_GPIO_8_CONST                       
01019011  CONFIG_SPI_0_CONST                        
01019012  CONFIG_NWP_SPI_CONST                      
01019013  SPI_count                                 
01019014  CONFIG_TIMER_0_CONST                      
01019015  CONFIG_TIMER_1_CONST                      
01019016  CONFIG_TIMER_2_CONST                      
01019017  CONFIG_TIMER_3_CONST                      
01019018  Timer_count                               
01019019  CONFIG_UART_0_CONST                       
0101901a  UART_count                                
0101901b  CONFIG_WATCHDOG_0_CONST                   
0101901c  Watchdog_count                            
01019020  SPICC32XXDMA_fxnTable                     
01019038  SPI_config                                
0101917c  GPIOCC32XX_config                         
01019250  UART_config                               
0101928c  udmaCC3220SHWAttrs                        
010192a0  UDMACC32XX_config                         
010192a8  ulMaxSyscallInterruptPriority             
010192c8  outPinTypes                               
010192de  inPinTypes                                
010192e4  outPinStrengths                           
01019328  _SlNetAppSendResponseCmdCtrl              
0101932c  _SlNetAppSendTokenValueCmdCtrl            
01019368  __TI_static_base__                        
01019598  __TI_Handler_Table_Base                   
010195a4  __TI_Handler_Table_Limit                  
010195b0  __TI_CINIT_Base                           
010195c0  __TI_CINIT_Limit                          
20000000  __start___llvm_prf_cnts                   
20000000  __stop___llvm_prf_cnts                    
20009000  g_CB                                      
200093fc  clients                                   
200098ac  PowerCC32XX_contextSave                   
200099d8  __CIOBUF_                                 
20009bc8  timerCC32XXObjects                        
20009d60  __TI_tmpnams                              
20009e00  spiCC32XXDMAObjects                       
20009f08  uartCC32XXObjects0                        
20009fbc  GlobalLockObj                             
20009fe8  g_SlInternalSpawnCB                       
2000a010  g_ucConnectionSSID                        
2000a13c  MQTTClient_Lib_CB                         
2000a14c  DeviceCB                                  
2000a158  MqttClientExmple_params                   
2000a164  Msg                                       
2000a188  g_ucConnectionBSSID                       
2000a190  parmbuf                                   
2000a198  spiCC32XXSDMAscratchBuf                   
2000a1a0  udmaCC3220SObject                         
2000a1bc  g_PBQueue                                 
2000a1c0  g_timer                                   
2000a1c4  publishQueue                              
2000a1c8  subscribeQueue                            
2000a1cc  MQTTClient_waitSecs                       
2000a1ce  g_usConnectIndex                          
2000a1d0  RxIrqCnt                                  
2000a1d4  HwiP_dispatchTable                        
2000a9d4  PowerCC32XX_module                        
2000ab40  parkInfo                                  
2000ac38  _ftable                                   
2000ad28  _device                                   
2000ada0  SlNetIfConfigWifi                         
2000adf8  _stream                                   
2000ae48  gApConnectionState                        
2000ae4c  gInitState                                
2000ae50  memPtrCounterfree                         
2000ae54  gResetApplication                         
2000ae58  g_rx_task_hndl                            
2000ae5c  gUiConnFlag                               
2000ae60  ClientUsername                            
2000ae64  ClientPassword                            
2000ae68  publish_topic                             
2000ae6c  publish_topic2                            
2000ae70  mqttThread                                
2000ae74  appThread                                 
2000ae78  publishThread                             
2000ae7c  subscribeThread                           
2000ae84  gpioCallbackFunctions                     
2000aebc  gpioPinConfigs                            
2000af29  lineBreak                                 
2000af2c  pxCurrentTCB                              
2000af60  MQTTClient_net                            
2000af88  g_LibsEvents                              
2000afac  g_UserEvents                              
2000afd0  Mqtt_ClientCtx                            
2000b03c  __TI_ft_end                               
2000b040  __aeabi_stdin                             
2000b044  __aeabi_stdout                            
2000b048  __aeabi_stderr                            
2000b04c  topic                                     
2000b05c  ClientId                                  
2000b06c  __TI_cleanup_ptr                          
2000b070  __TI_dtors_ptr                            
2000b074  __TI_enable_exit_profile_output           
2000b078  SecurityParams                            
2000b09c  g_ulStaIp                                 
2000b0a0  g_ulGatewayIP                             
2000b0a4  g_ulStatus                                
2000b0a8  gGlobalLockCntRequested                   
2000b0a9  gGlobalLockCntReleased                    
2000b0aa  g_SlDeviceStatus                          
2000b0ac  g_pCB                                     
2000b0b0  pPingCallBackFunc                         
2000b0b4  will_param                                
2000b0d8  MQTTClient_closeContext                   
2000b0dc  MQTTClient_clientContext                  
2000b0e0  MQTTClient_multiSrvConn                   
2000b0e4  _lock                                     
2000b0e8  _unlock                                   
2000b0ec  MQTTClient_clientCfg                      
2000b11c  MQTTClient_connectCfg                     
2000b12c  qos                                       
2000b130  g_intHandle                               
2003fc00  __stack                                   
20040000  __STACK_END                               
ffffffff  __TI_pprof_out_hndl                       
ffffffff  __TI_prof_data_size                       
ffffffff  __TI_prof_data_start                      
ffffffff  __binit__                                 
ffffffff  __c_args__                                
ffffffff  binit                                     
UNDEFED   __mpu_init                                
UNDEFED   _system_post_cinit                        

[778 symbols]
