******************************************************************************
                  TI ARM Linker PC v20.2.0                     
******************************************************************************
>> Linked Tue May 12 11:30:31 2020

OUTPUT FILE NAME:   <Milestone4.out>
ENTRY POINT SYMBOL: "resetISR"  address: 0101a049


MEMORY CONFIGURATION

         name            origin    length      used     unused   attr    fill
----------------------  --------  ---------  --------  --------  ----  --------
  FLASH_HDR             01000000   000007ff  00000000  000007ff  R  X
  FLASH                 01000800   000ff800  0001ac9a  000e4b66  R  X
  SRAM                  20000000   00040000  00013561  0002ca9f  RW X


SEGMENT ALLOCATION MAP

run origin  load origin   length   init length attrs members
----------  ----------- ---------- ----------- ----- -------
01000800    01000800    0001aca0   0001aca0    r-x
  01000800    01000800    00000040   00000040    r-- .resetVecs
  01000840    01000840    00019e98   00019e98    r-x .text
  0101a6d8    0101a6d8    00000b5a   00000b5a    r-- .const
  0101b238    0101b238    00000268   00000268    r-- .cinit
20000400    20000400    00012e58   00000000    rw-
  20000400    20000400    00011ea1   00000000    rw- .bss
  200122a4    200122a4    00000fb4   00000000    rw- .data
2003fc00    2003fc00    00000400   00000000    rw-
  2003fc00    2003fc00    00000400   00000000    rw- .stack


SECTION ALLOCATION MAP

 output                                  attributes/
section   page    origin      length       input sections
--------  ----  ----------  ----------   ----------------
.resetVecs 
*          0    01000800    00000040     
                  01000800    00000040     freertos_builds_CC3220SF_LAUNCHXL_release_ccs.lib : startup_cc32xx_ccs.obj (.resetVecs:retain)

.text      0    01000840    00019e98     
                  01000840    00000a70     json_parse.obj (.text:parse)
                  010012b0    00000a4e     rtsv7M4_T_le_eabi.lib : _printfi.c.obj (.text:__TI_printfi)
                  01001cfe    00000002     ti_drivers_config.obj (.text:Board_initHook)
                  01001d00    000008cc     simplelink.a : driver.obj (.text:_SlDrvMsgRead)
                  010025cc    000004bc                  : sl_socket.obj (.text:_SlSocketHandleAsync_Select)
                  01002a88    0000042c     driverlib.a : prcm.obj (.text:PRCMCC3200MCUInit)
                  01002eb4    00000384     simplelink.a : driver.obj (.text:_SlDrvMsgWrite)
                  01003238    00000320     network_if.obj (.text:Network_IF_ConnectAP)
                  01003558    0000031c     json_parse.obj (.text:jsmn_parse)
                  01003874    00000304     client_cbs.obj (.text:MqttClientCallback)
                  01003b78    000002e0     simplelink.a : driver.obj (.text:_SlDrvWaitForPoolObj)
                  01003e58    000002d8                  : driver.obj (.text:_SlDrvRxHdrRead)
                  01004130    000002c8     mqtt_client_app.obj (.text:serverThread)
                  010043f8    000002b4     simplelink.a : sl_socket.obj (.text:sl_Select)
                  010046ac    00000294                  : driver.obj (.text:_SlDrvReleasePoolObj)
                  01004940    0000028d     network_if.obj (.text:SimpleLinkSockEventHandler)
                  01004bcd    00000001     --HOLE-- [fill = 0]
                  01004bce    00000002     driverlib.a : interrupt.obj (.text:IntDefaultHandler)
                  01004bd0    00000280     drivers_cc32xx.aem4 : UARTCC32XX.oem4 (.text:UARTCC32XX_open)
                  01004e50    0000027c     mqtt_client_app.obj (.text:MqttClient_start)
                  010050cc    0000027c     simplelink.a : wlan.obj (.text:sl_WlanConnect)
                  01005348    00000278     freertos_builds_CC3220SF_LAUNCHXL_release_ccs.lib : mqueue.obj (.text:mq_open)
                  010055c0    00000268     rtsv7M4_T_le_eabi.lib : _printfi.c.obj (.text:_pconv_a)
                  01005828    00000264     network_if.obj (.text:Network_IF_InitDriver)
                  01005a8c    0000025c     simplelink.a : driver.obj (.text:_SlDrvDataReadOp)
                  01005ce8    00000234     mqtt_client_app.obj (.text:DisplayAppBanner)
                  01005f1c    00000224     simplelink.a : driver.obj (.text:_SlDrvDriverCBInit)
                  01006140    00000218                  : driver.obj (.text:_SlDrvDataWriteOp)
                  01006358    0000020c     drivers_cc32xx.aem4 : UARTCC32XXDMA.oem4 (.text:UARTCC32XXDMA_open)
                  01006564    000001f4     simplelink.a : driver.obj (.text:_SlDrvMsgReadCmdCtx)
                  01006758    000001f2                  : netapp.obj (.text:_SlNetAppEventHandler)
                  0100694a    00000002     freertos_builds_CC3220SF_LAUNCHXL_release_ccs.lib : PowerCC32XX_freertos.obj (.text:PowerCC32XX_initPolicy)
                  0100694c    000001e4     drivers_cc32xx.aem4 : GPIOCC32XX.oem4 (.text:GPIO_setConfig)
                  01006b30    000001e1     network_if.obj (.text:SimpleLinkFatalErrorEventHandler)
                  01006d11    00000001     --HOLE-- [fill = 0]
                  01006d12    00000002     drivers_cc32xx.aem4 : TimerCC32XX.oem4 (.text:TimerCC32XX_init)
                  01006d14    000001d8     network_if.obj (.text:SimpleLinkWlanEventHandler)
                  01006eec    000001d4     freertos_builds_CC3220SF_LAUNCHXL_release_ccs.lib : timer.obj (.text:timer_settime)
                  010070c0    000001d0     drivers_cc32xx.aem4 : SPICC32XXDMA.oem4 (.text:SPICC32XXDMA_transfer)
                  01007290    000001d0     freertos_builds_CC3220SF_LAUNCHXL_release_ccs.lib : queue.obj (.text:xQueueSemaphoreTake)
                  01007460    000001cc     rtsv7M4_T_le_eabi.lib : _printfi.c.obj (.text:_pconv_g)
                  0100762c    000001c8     simplelink.a : device.obj (.text:sl_Stop)
                  010077f4    000001b8     drivers_cc32xx.aem4 : SPICC32XXDMA.oem4 (.text:configDMA)
                  010079ac    000001b8     freertos_builds_CC3220SF_LAUNCHXL_release_ccs.lib : queue.obj (.text:xQueueGenericSend)
                  01007b64    000001b6     rtsv7M4_T_le_eabi.lib : fd_add_t2.asm.obj (.text)
                  01007d1a    00000002     drivers_cc32xx.aem4 : UARTCC32XXDMA.oem4 (.text:UARTCC32XXDMA_init)
                  01007d1c    000001b4     simplelink.a : driver.obj (.text:_SlDrvReleaseAllActivePendingPoolObj)
                  01007ed0    000001b0     freertos_builds_CC3220SF_LAUNCHXL_release_ccs.lib : PowerCC32XX_freertos.obj (.text:PowerCC32XX_sleepPolicy)
                  01008080    000001a8     simplelink.a : sl_socket.obj (.text:sl_Accept)
                  01008228    00000198     slnetsock_release.a : slnetsock.oem4 (.text:SlNetSock_select)
                  010083c0    00000190     simplelink.a : sl_socket.obj (.text:_SlDrvRegisterForSelectAsync)
                  01008550    0000018c     json_parse.obj (.text:jsmn_parse_string)
                  010086dc    00000184     simplelink.a : driver.obj (.text:_SlDrvFindAndSetActiveObj)
                  01008860    00000180     network_if.obj (.text:SimpleLinkNetAppEventHandler)
                  010089e0    0000017c     freertos_builds_CC3220SF_LAUNCHXL_release_ccs.lib : heap_4.obj (.text:pvPortMalloc)
                  01008b5c    0000017c                                                       : queue.obj (.text:xQueueReceive)
                  01008cd8    00000178     simplelink.a : sl_socket.obj (.text:sl_Connect)
                  01008e50    00000170                  : netapp.obj (.text:sl_NetAppDnsGetHostByName)
                  01008fc0    00000164     freertos_builds_CC3220SF_LAUNCHXL_release_ccs.lib : timers.obj (.text:prvProcessReceivedCommands)
                  01009124    00000160     mqtt_release.a : mqtt_net_func.oem4 (.text:createSocket)
                  01009284    0000015c     pidControl.obj (.text:speedToEncoderValue)
                  010093e0    00000158     mqtt_client_app.obj (.text:Mqtt_IF_Connect)
                  01009538    00000158     drivers_cc32xx.aem4 : SPICC32XXDMA.oem4 (.text:SPICC32XXDMA_open)
                  01009690    00000154     mqtt_release.a : mqttclient.oem4 (.text:MQTTClient_connect)
                  010097e4    00000154     simplelink.a : sl_socket.obj (.text:sl_RecvFrom)
                  01009938    00000148                  : sl_socket.obj (.text:_SlDrvGetNextTimeoutValue)
                  01009a80    00000148     drivers_cc32xx.aem4 : PowerCC32XX.oem4 (.text:parkPins)
                  01009bc8    00000148     simplelink.a : sl_socket.obj (.text:sl_StartTLS)
                  01009d10    00000140     mqtt_client_app.obj (.text:MqttClient)
                  01009e50    00000140     simplelink.a : driver.obj (.text:_SlDrvMsgReadSpawnCtx)
                  01009f90    00000140     freertos_builds_CC3220SF_LAUNCHXL_release_ccs.lib : tasks.obj (.text:xTaskIncrementTick)
                  0100a0d0    0000013c     simplelink.a : driver.obj (.text:_SlDrvDriverCBDeinit)
                  0100a20c    0000013c     rtsv7M4_T_le_eabi.lib : _printfi.c.obj (.text:_pconv_e)
                  0100a348    00000138     drivers_cc32xx.aem4 : PowerCC32XX.oem4 (.text:Power_sleep)
                  0100a480    00000138     simplelink.a : driver.obj (.text:_SlSpawnMsgListInsert)
                  0100a5b8    00000138     freertos_builds_CC3220SF_LAUNCHXL_release_ccs.lib : pthread.obj (.text:pthread_create)
                  0100a6f0    00000136     rtsv7M4_T_le_eabi.lib : fd_div_t2.asm.obj (.text)
                  0100a826    00000002     drivers_cc32xx.aem4 : UARTCC32XX.oem4 (.text:UARTCC32XX_init)
                  0100a828    00000134     simplelink.a : sl_socket.obj (.text:_SlSocketHandleAsync_StartTLS)
                  0100a95c    00000130     pidControl.obj (.text:controlThread)
                  0100aa8c    00000128     drivers_cc32xx.aem4 : TimerCC32XX.oem4 (.text:TimerCC32XX_open)
                  0100abb4    00000128     simplelink.a : driver.obj (.text:_SlDrvClassifyRxMsg)
                  0100acdc    00000128     freertos_builds_CC3220SF_LAUNCHXL_release_ccs.lib : tasks.obj (.text:prvInitialiseNewTask)
                  0100ae04    00000124     simplelink.a : fs.obj (.text:sl_FsOpen)
                  0100af28    00000120     mqtt_client_app.obj (.text:Mqtt_start)
                  0100b048    00000120     drivers_cc32xx.aem4 : UARTCC32XX.oem4 (.text:UARTCC32XX_close)
                  0100b168    00000120     simplelink.a : driver.obj (.text:_SlDrvAsyncEventGenericHandler)
                  0100b288    00000120     rtsv7M4_T_le_eabi.lib : _printfi.c.obj (.text:fcvt)
                  0100b3a8    0000011c     simplelink.a : device.obj (.text:sl_Start)
                  0100b4c4    0000011c     freertos_builds_CC3220SF_LAUNCHXL_release_ccs.lib : tasks.obj (.text:xTaskResumeAll)
                  0100b5e0    00000118     simplelink.a : netapp.obj (.text:_SlNetAppHandleAsync_DnsGetHostByService)
                  0100b6f8    00000114     rtsv7M4_T_le_eabi.lib : fputs.c.obj (.text:fputs)
                  0100b80c    00000114     pidControl.obj (.text:pid_algorithm)
                  0100b920    00000112     mqtt_release.a : mqtt_common.oem4 (.text:MQTT_PacketRecv)
                  0100ba32    00000002     rtsv7M4_T_le_eabi.lib : _lock.c.obj (.text:_nop)
                  0100ba34    00000110                           : strtoul.c.obj (.text:strtoul)
                  0100bb44    0000010a     freertos_builds_CC3220SF_LAUNCHXL_release_ccs.lib : queue.obj (.text:xQueueGenericSendFromISR)
                  0100bc4e    00000002                                                       : startup_cc32xx_ccs.obj (.text:busFaultHandler)
                  0100bc50    00000108     slnetsock_release.a : slnetutils.oem4 (.text:SlNetUtil_str2BinIpV6)
                  0100bd58    00000104     simplelink.a : device.obj (.text:_SlDeviceEventHandler)
                  0100be5c    00000104                  : driver.obj (.text:_SlDrvCmdOp)
                  0100bf60    00000104     freertos_builds_CC3220SF_LAUNCHXL_release_ccs.lib : tasks.obj (.text:vTaskPriorityDisinheritAfterTimeout)
                  0100c064    00000100     simplelink.a : driver.obj (.text:_SlDrvObjGlobalLockWaitForever)
                  0100c164    00000100                  : fs.obj (.text:sl_FsWrite)
                  0100c264    00000100     freertos_builds_CC3220SF_LAUNCHXL_release_ccs.lib : tasks.obj (.text:vTaskDelete)
                  0100c364    000000fc     rtsv7M4_T_le_eabi.lib : fd_mul_t2.asm.obj (.text)
                  0100c460    000000fc     freertos_builds_CC3220SF_LAUNCHXL_release_ccs.lib : tasks.obj (.text:vTaskSuspend)
                  0100c55c    000000f8     mqtt_release.a : mqttclient.oem4 (.text:MqttClientCtxCreate)
                  0100c654    000000f8     slnetifwifi.a : slnetifwifi.obj (.text:SlNetIfWifi_loadSecObj)
                  0100c74c    000000f8     drivers_cc32xx.aem4 : UARTCC32XXDMA.oem4 (.text:UARTCC32XXDMA_close)
                  0100c844    000000f8     simplelink.a : sl_socket.obj (.text:sl_Close)
                  0100c93c    000000f8     mqtt_release.a : client_core.oem4 (.text:utf8ArraySend)
                  0100ca34    000000f6                    : mqtt_net_func.oem4 (.text:MQTTNet_commOpen)
                  0100cb2a    00000002     freertos_builds_CC3220SF_LAUNCHXL_release_ccs.lib : startup_cc32xx_ccs.obj (.text:defaultHandler)
                  0100cb2c    000000f4     simplelink.a : sl_socket.obj (.text:sl_SendTo)
                  0100cc20    000000f2     drivers_cc32xx.aem4 : SPICC32XXDMA.oem4 (.text:SPICC32XXDMA_transferCancel)
                  0100cd12    000000f2                         : UARTCC32XX.oem4 (.text:UARTCC32XX_control)
                  0100ce04    000000f0     freertos_builds_CC3220SF_LAUNCHXL_release_ccs.lib : queue.obj (.text:xQueueGiveFromISR)
                  0100cef4    000000e8     drivers_cc32xx.aem4 : UARTCC32XXDMA.oem4 (.text:initHw)
                  0100cfdc    000000e4     slnetsock_release.a : slnetif.oem4 (.text:SlNetIf_add)
                  0100d0c0    000000e0     freertos_builds_CC3220SF_LAUNCHXL_release_ccs.lib : tasks.obj (.text:xTaskPriorityDisinherit)
                  0100d1a0    000000de     mqtt_release.a : client_core.oem4 (.text:connectMsgSend)
                  0100d27e    00000002     freertos_builds_CC3220SF_LAUNCHXL_release_ccs.lib : startup_cc32xx_ccs.obj (.text:faultISR)
                  0100d280    000000dc     rtsv7M4_T_le_eabi.lib : setvbuf.c.obj (.text:setvbuf)
                  0100d35c    000000dc     freertos_builds_CC3220SF_LAUNCHXL_release_ccs.lib : tasks.obj (.text:vTaskSwitchContext)
                  0100d438    000000d8     uart_term.obj (.text:GetCmd)
                  0100d510    000000d8     mqtt_client_app.obj (.text:PublishThread)
                  0100d5e8    000000d8     drivers_cc32xx.aem4 : SPICC32XXDMA.oem4 (.text:SPICC32XXDMA_close)
                  0100d6c0    000000d8     simplelink.a : device.obj (.text:_SlDeviceHandleAsync_InitComplete)
                  0100d798    000000d8                  : driver.obj (.text:_SlDrvWaitForInternalAsyncEvent)
                  0100d870    000000d8                  : netapp.obj (.text:_SlNetAppHandleAsync_NetAppReceive)
                  0100d948    000000d8     freertos_builds_CC3220SF_LAUNCHXL_release_ccs.lib : queue.obj (.text:xQueueReceiveFromISR)
                  0100da20    000000d4                                                       : mqueue.obj (.text:mq_timedsend)
                  0100daf4    000000d4                                                       : tasks.obj (.text:xTaskPriorityInherit)
                  0100dbc8    000000d0     mqtt_client_app.obj (.text:SetClientIdNamefromMacAddress)
                  0100dc98    000000d0     simplelink.a : driver.obj (.text:_SlDrvRemoveFromList)
                  0100dd68    000000d0     rtsv7M4_T_le_eabi.lib : s_scalbn.c.obj (.text:scalbn)
                  0100de38    000000cc     mqtt_release.a : mqttclient.oem4 (.text:processNotifyAckCB)
                  0100df04    000000ca     drivers_cc32xx.aem4 : UARTCC32XX.oem4 (.text:UARTCC32XX_write)
                  0100dfce    000000c8     json_parse.obj (.text:jsmn_parse_primitive)
                  0100e096    000000c8     drivers_cc32xx.aem4 : SPICC32XXDMA.oem4 (.text:spiHwiFxn)
                  0100e15e    00000002     freertos_builds_CC3220SF_LAUNCHXL_release_ccs.lib : startup_cc32xx_ccs.obj (.text:nmiISR)
                  0100e160    000000c4     drivers_cc32xx.aem4 : GPIOCC32XX.oem4 (.text:GPIO_init)
                  0100e224    000000c4     mqtt_client_app.obj (.text:Mqtt_Stop)
                  0100e2e8    000000c4     freertos_builds_CC3220SF_LAUNCHXL_release_ccs.lib : tasks.obj (.text:prvAddNewTaskToReadyList)
                  0100e3ac    000000c0     mqtt_release.a : mqttclient.oem4 (.text:MqttClientSub)
                  0100e46c    000000c0     simplelink.a : cc_pal.obj (.text:NwpPowerOff)
                  0100e52c    000000c0     drivers_cc32xx.aem4 : PowerCC32XX.oem4 (.text:restoreParkedPins)
                  0100e5ec    000000c0     simplelink.a : netcfg.obj (.text:sl_NetCfgGet)
                  0100e6ac    000000c0     freertos_builds_CC3220SF_LAUNCHXL_release_ccs.lib : port.obj (.text:xPortStartScheduler)
                  0100e76c    000000bc     simplelink.a : netapp.obj (.text:_SlNetAppSendResponse)
                  0100e828    000000bc     mqtt_release.a : client_core.oem4 (.text:clCtxConnStateTryLocked)
                  0100e8e4    000000bc     freertos_builds_CC3220SF_LAUNCHXL_release_ccs.lib : queue.obj (.text:prvCopyDataToQueue)
                  0100e9a0    000000bc                                                       : heap_4.obj (.text:prvHeapInit)
                  0100ea5c    000000bc                                                       : timers.obj (.text:prvSwitchTimerLists)
                  0100eb18    000000bc     spi_encoder.obj (.text:read_SPI_Encoder)
                  0100ebd4    000000bc     simplelink.a : sl_socket.obj (.text:sl_Send)
                  0100ec90    000000ba     drivers_cc32xx.aem4 : UARTCC32XX.oem4 (.text:UARTCC32XX_readPolling)
                  0100ed4a    00000002     rtsv7M4_T_le_eabi.lib : div0.asm.obj (.text)
                  0100ed4c    000000ba     freertos_builds_CC3220SF_LAUNCHXL_release_ccs.lib : portasm.obj (.text)
                  0100ee06    00000002     --HOLE-- [fill = 0]
                  0100ee08    000000b8     drivers_cc32xx.aem4 : UARTCC32XXDMA.oem4 (.text:UARTCC32XXDMA_configDMA)
                  0100eec0    000000b8     simplelink.a : netapp.obj (.text:_SlNetAppHandleAsync_DnsGetHostByName)
                  0100ef78    000000b8                  : netapp.obj (.text:_SlNetAppHandleAsync_PingResponse)
                  0100f030    000000b8     drivers_cc32xx.aem4 : UARTCC32XX.oem4 (.text:initHw)
                  0100f0e8    000000b8     simplelink.a : device.obj (.text:sl_DeviceGet)
                  0100f1a0    000000b8                  : wlan.obj (.text:sl_WlanGet)
                  0100f258    000000b8     freertos_builds_CC3220SF_LAUNCHXL_release_ccs.lib : timer.obj (.text:timer_create)
                  0100f310    000000b8                                                       : queue.obj (.text:xQueueGenericReset)
                  0100f3c8    000000b6     drivers_cc32xx.aem4 : UARTCC32XX.oem4 (.text:readTaskCallback)
                  0100f47e    00000002     --HOLE-- [fill = 0]
                  0100f480    000000b4     mqtt_release.a : mqttclient.oem4 (.text:MqttClient_send)
                  0100f534    000000b4     drivers_cc32xx.aem4 : UARTCC32XXDMA.oem4 (.text:UARTCC32XXDMA_hwiIntFxn)
                  0100f5e8    000000b4     simplelink.a : driver.obj (.text:_SlDrvHandleFatalError)
                  0100f69c    000000b4                  : netutil.obj (.text:_SlNetUtilHandleAsync_Cmd)
                  0100f750    000000b4     freertos_builds_CC3220SF_LAUNCHXL_release_ccs.lib : clock.obj (.text:_clock_abstime2ticks)
                  0100f804    000000b4     simplelink.a : sl_socket.obj (.text:sl_GetSockOpt)
                  0100f8b8    000000b1     rtsv7M4_T_le_eabi.lib : _printfi.c.obj (.text:_ltostr)
                  0100f969    00000003     --HOLE-- [fill = 0]
                  0100f96c    000000b0     slnetifwifi.a : slnetifwifi.obj (.text:SlNetIfWifi_getSockOpt)
                  0100fa1c    000000b0     freertos_builds_CC3220SF_LAUNCHXL_release_ccs.lib : tasks.obj (.text:prvAddCurrentTaskToDelayedList)
                  0100facc    000000b0     drivers_cc32xx.aem4 : UARTCC32XX.oem4 (.text:readTaskBlocking)
                  0100fb7c    000000b0     freertos_builds_CC3220SF_LAUNCHXL_release_ccs.lib : tasks.obj (.text:xTaskCheckForTimeOut)
                  0100fc2c    000000ae     slnetifwifi.a : slnetifwifi.obj (.text:matchModeByRole)
                  0100fcda    000000ae     freertos_builds_CC3220SF_LAUNCHXL_release_ccs.lib : queue.obj (.text:prvUnlockQueue)
                  0100fd88    000000ae     drivers_cc32xx.aem4 : UARTCC32XX.oem4 (.text:readIsrTextBlocking)
                  0100fe36    00000002     --HOLE-- [fill = 0]
                  0100fe38    000000ac     simplelink.a : sl_socket.obj (.text:_SlSocketHandleAsync_Close)
                  0100fee4    000000ac                  : sl_socket.obj (.text:_SlSocketHandleAsync_Connect)
                  0100ff90    000000ac     freertos_builds_CC3220SF_LAUNCHXL_release_ccs.lib : clock.obj (.text:clock_gettime)
                  0101003c    000000a8     driverlib.a : interrupt.obj (.text:IntDisable)
                  010100e4    000000a8                 : interrupt.obj (.text:IntEnable)
                  0101018c    000000a8     network_if.obj (.text:Network_IF_IpConfigGet)
                  01010234    000000a8     driverlib.a : prcm.obj (.text:PRCMPeripheralClockGet)
                  010102dc    000000a8     drivers_cc32xx.aem4 : PowerCC32XX.oem4 (.text:PowerCC32XX_configureWakeup)
                  01010384    000000a8     freertos_builds_CC3220SF_LAUNCHXL_release_ccs.lib : heap_4.obj (.text:prvInsertBlockIntoFreeList)
                  0101042c    000000a8     simplelink.a : fs.obj (.text:sl_FsClose)
                  010104d4    000000a8     freertos_builds_CC3220SF_LAUNCHXL_release_ccs.lib : heap_4.obj (.text:vPortFree)
                  0101057c    000000a8                                                       : tasks.obj (.text:xTaskRemoveFromEventList)
                  01010624    000000a6     uart_term.obj (.text:Report)
                  010106ca    000000a6     simplelink.a : driver.obj (.text:_SlDrvIsTimeoutExpired)
                  01010770    000000a4     mqtt_release.a : mqttclient.oem4 (.text:MQTTClient_create)
                  01010814    000000a4                    : mqttclient.oem4 (.text:MQTTClient_delete)
                  010108b8    000000a4                    : mqttclient.oem4 (.text:MqttClientConfig)
                  0101095c    000000a4     simplelink.a : sl_socket.obj (.text:sl_Bind)
                  01010a00    000000a2     drivers_cc32xx.aem4 : UARTCC32XX.oem4 (.text:readIsrTextCallback)
                  01010aa2    000000a2                         : UARTCC32XX.oem4 (.text:writeData)
                  01010b44    000000a0     freertos_builds_CC3220SF_LAUNCHXL_release_ccs.lib : ClockP_freertos.obj (.text:ClockP_create)
                  01010be4    000000a0     simplelink.a : fs.obj (.text:FsGetCreateFsMode)
                  01010c84    000000a0     mqtt_client_app.obj (.text:Mqtt_ClientStop)
                  01010d24    000000a0     simplelink.a : sl_socket.obj (.text:_SlDrvUnRegisterForSelectAsync)
                  01010dc4    000000a0                  : driver.obj (.text:_SlSpawnMsgListProcess)
                  01010e64    0000009e                  : cc_pal.obj (.text:spi_Read)
                  01010f02    0000009e                  : cc_pal.obj (.text:spi_Write)
                  01010fa0    0000009c     mqtt_release.a : client_core.oem4 (.text:MQTTClientCore_initLib)
                  0101103c    0000009c                    : client_core.oem4 (.text:MQTTClientCore_sendPubMsg)
                  010110d8    0000009c                    : mqttclient.oem4 (.text:MqttClientUnsub)
                  01011174    0000009c                    : client_core.oem4 (.text:_msgDispatch)
                  01011210    0000009c     main_freertos.obj (.text:main)
                  010112ac    0000009c     rtsv7M4_T_le_eabi.lib : memcpy_t2.asm.obj (.text)
                  01011348    0000009a     mqtt_release.a : client_core.oem4 (.text:procPubMsgRx)
                  010113e2    00000098     uart_term.obj (.text:TrimSpace)
                  0101147a    00000002     --HOLE-- [fill = 0]
                  0101147c    00000098     drivers_cc32xx.aem4 : GPIOCC32XX.oem4 (.text:powerNotifyFxn)
                  01011514    00000096     mqtt_release.a : mqtt_net_func.oem4 (.text:MQTTNet_tcpSelect)
                  010115aa    00000096     rtsv7M4_T_le_eabi.lib : ull_div_t2.asm.obj (.text)
                  01011640    00000094     simplelink.a : cc_pal.obj (.text:Semaphore_pend_handle)
                  010116d4    00000094     drivers_cc32xx.aem4 : SPICC32XXDMA.oem4 (.text:initHw)
                  01011768    00000094     freertos_builds_CC3220SF_LAUNCHXL_release_ccs.lib : tasks.obj (.text:vTaskStartScheduler)
                  010117fc    00000092     slnetsock_release.a : slnetsock.oem4 (.text:SlNetSock_create)
                  0101188e    00000002     --HOLE-- [fill = 0]
                  01011890    00000090                         : slnetsock.oem4 (.text:SlNetSock_getVirtualSdConf)
                  01011920    00000090     simplelink.a : device.obj (.text:_SlDeviceHandleAsync_Stop)
                  010119b0    00000090                  : sl_socket.obj (.text:_SlSocketHandleAsync_Accept)
                  01011a40    00000090     mqtt_release.a : mqttclient.oem4 (.text:processPublishRxCB)
                  01011ad0    00000090     drivers_cc32xx.aem4 : PowerCC32XX.oem4 (.text:restoreNVICRegs)
                  01011b60    0000008d     mqtt_client_app.obj (.text:DisplayBanner)
                  01011bed    00000003     --HOLE-- [fill = 0]
                  01011bf0    0000008c     mqtt_release.a : client_core.oem4 (.text:MQTTClientCore_createCtx)
                  01011c7c    0000008c     slnetsock_release.a : slnetsock.oem4 (.text:SlNetSock_accept)
                  01011d08    0000008c     drivers_cc32xx.aem4 : UARTCC32XXDMA.oem4 (.text:UARTCC32XXDMA_write)
                  01011d94    0000008c     simplelink.a : driver.obj (.text:_SlDrvDriverIsApiAllowed)
                  01011e20    0000008c                  : driver.obj (.text:_SlDrvProtectAsyncRespSetting)
                  01011eac    0000008c     freertos_builds_CC3220SF_LAUNCHXL_release_ccs.lib : clock.obj (.text:_clock_gettimeMono)
                  01011f38    0000008c     rtsv7M4_T_le_eabi.lib : fputc.c.obj (.text:fputc)
                  01011fc4    0000008c     spi_encoder.obj (.text:initSPIEncoder)
                  01012050    0000008c     simplelink.a : sl_socket.obj (.text:sl_Recv)
                  010120dc    00000088     driverlib.a : pin.obj (.text:PinConfigSet)
                  01012164    00000088     drivers_cc32xx.aem4 : TimerCC32XX.oem4 (.text:TimerCC32XX_setPeriod)
                  010121ec    00000088     freertos_builds_CC3220SF_LAUNCHXL_release_ccs.lib : mqueue.obj (.text:mq_receive)
                  01012274    00000088     mqtt_release.a : client_core.oem4 (.text:procConnackRx)
                  010122fc    00000088     freertos_builds_CC3220SF_LAUNCHXL_release_ccs.lib : timers.obj (.text:prvProcessTimerOrBlockTask)
                  01012384    00000088     simplelink.a : eventreg.obj (.text:sl_UnregisterLibsEventHandler)
                  0101240c    00000088     mqtt_release.a : client_core.oem4 (.text:wrConnectPayload)
                  01012494    00000086     rtsv7M4_T_le_eabi.lib : fd_cmp_t2.asm.obj (.text:__aeabi_cdcmple)
                  0101251a    00000086                           : fd_cmp_t2.asm.obj (.text:__aeabi_cdrcmple)
                  010125a0    00000084     mqtt_client_app.obj (.text:MqttClientThread)
                  01012624    00000084     drivers_cc32xx.aem4 : PowerCC32XX.oem4 (.text:Power_init)
                  010126a8    00000084     slnetifwifi.a : slnetifwifi.obj (.text:SlNetIfWifi_sockstartSec)
                  0101272c    00000084     slnetsock_release.a : slnetutils.oem4 (.text:SlNetUtil_getHostByName)
                  010127b0    00000084     mqtt_release.a : client_core.oem4 (.text:mqpSetupProcCtxDataRecv)
                  01012834    00000084     drivers_cc32xx.aem4 : PowerCC32XX.oem4 (.text:saveNVICRegs)
                  010128b8    00000084     simplelink.a : sl_socket.obj (.text:sl_SetSockOpt)
                  0101293c    00000084     freertos_builds_CC3220SF_LAUNCHXL_release_ccs.lib : timers.obj (.text:xTimerGenericCommand)
                  010129c0    00000080     drivers_cc32xx.aem4 : PowerCC32XX.oem4 (.text:Power_setDependency)
                  01012a40    00000080                         : UARTCC32XXDMA.oem4 (.text:UARTCC32XXDMA_read)
                  01012ac0    00000080     mqtt_release.a : client_core.oem4 (.text:clCtxPartSend)
                  01012b40    00000080     freertos_builds_CC3220SF_LAUNCHXL_release_ccs.lib : timers.obj (.text:prvProcessExpiredTimer)
                  01012bc0    00000080                                                       : timer.obj (.text:timer_gettime)
                  01012c40    0000007c     drivers_cc32xx.aem4 : UDMACC32XX.oem4 (.text:UDMACC32XX_open)
                  01012cbc    0000007c     mqtt_release.a : client_core.oem4 (.text:procCtxDataRecv)
                  01012d38    0000007c     drivers_cc32xx.aem4 : UARTCC32XX.oem4 (.text:readIsrBinaryBlocking)
                  01012db4    0000007a                         : UARTCC32XXDMA.oem4 (.text:UARTCC32XXDMA_readPolling)
                  01012e2e    0000007a     freertos_builds_CC3220SF_LAUNCHXL_release_ccs.lib : pthread.obj (.text:removeThreadKeys)
                  01012ea8    0000007a     rtsv7M4_T_le_eabi.lib : memset_t2.asm.obj (.text)
                  01012f22    0000007a     encoder_timer.obj (.text:timer100Callback)
                  01012f9c    0000007a     freertos_builds_CC3220SF_LAUNCHXL_release_ccs.lib : tasks.obj (.text:xTaskCreate)
                  01013016    00000002     --HOLE-- [fill = 0]
                  01013018    00000078     drivers_cc32xx.aem4 : GPIOCC32XX.oem4 (.text:GPIO_hwiIntFxn)
                  01013090    00000078     mqtt_release.a : mqtt_net_func.oem4 (.text:MQTTNet_recvFrom)
                  01013108    00000078     drivers_cc32xx.aem4 : TimerCC32XX.oem4 (.text:TimerCC32XX_start)
                  01013180    00000078     freertos_builds_CC3220SF_LAUNCHXL_release_ccs.lib : timers.obj (.text:prvInsertTimerInActiveList)
                  010131f8    00000078     drivers_cc32xx.aem4 : UARTCC32XX.oem4 (.text:readIsrBinaryCallback)
                  01013270    00000078     simplelink.a : sl_socket.obj (.text:sl_Socket)
                  010132e8    00000074     mqtt_release.a : mqtt_net_func.oem4 (.text:MQTTNet_tcpAccept)
                  0101335c    00000074     slnetsock_release.a : slnetsock.oem4 (.text:SlNetSock_AllocVirtualSocket)
                  010133d0    00000074     drivers_cc32xx.aem4 : UARTCC32XX.oem4 (.text:UARTCC32XX_hwiIntFxn)
                  01013444    00000074     rtsv7M4_T_le_eabi.lib : fclose.c.obj (.text:__TI_closefile)
                  010134b8    00000074     mqtt_release.a : client_core.oem4 (.text:groupCtxsRxPrep)
                  0101352c    00000074     freertos_builds_CC3220SF_LAUNCHXL_release_ccs.lib : tasks.obj (.text:prvInitialiseTaskLists)
                  010135a0    00000074                                                       : pthread_mutex.obj (.text:pthread_mutex_init)
                  01013614    00000074                                                       : port.obj (.text:vPortValidateInterruptPriority)
                  01013688    00000072     mqtt_release.a : mqtt_common.oem4 (.text:MQTT_packetProcPubRx)
                  010136fa    00000002     --HOLE-- [fill = 0]
                  010136fc    00000070     slnetsock_release.a : slnetsock.oem4 (.text:SlNetSock_secAttribSet)
                  0101376c    00000070     simplelink.a : driver.obj (.text:_SlDrvCmdSend_noLock)
                  010137dc    00000070     freertos_builds_CC3220SF_LAUNCHXL_release_ccs.lib : ClockP_freertos.obj (.text:setClockObjTimeout)
                  0101384c    0000006e     rtsv7M4_T_le_eabi.lib : _printfi.c.obj (.text:_mcpy)
                  010138ba    00000002     --HOLE-- [fill = 0]
                  010138bc    0000006c                           : hostrename.c.obj (.text:HOSTrename)
                  01013928    0000006c     mqtt_release.a : mqttclient.oem4 (.text:MQTTClient_run)
                  01013994    0000006c     slnetsock_release.a : slnetutils.oem4 (.text:SlNetUtil_str2BinIpV4)
                  01013a00    0000006c     simplelink.a : device.obj (.text:_SlDeviceHandleResetRequestInternally)
                  01013a6c    0000006c                  : sl_socket.obj (.text:_SlDrvOpenCtrlSocket)
                  01013ad8    0000006c                  : netapp.obj (.text:_SlNetAppSendTokenValue)
                  01013b44    0000006a     mqtt_release.a : mqtt_net_func.oem4 (.text:MQTTNet_sendTo)
                  01013bae    00000002     --HOLE-- [fill = 0]
                  01013bb0    0000006a     spi_encoder.obj (.text:spiThread)
                  01013c1a    00000002     --HOLE-- [fill = 0]
                  01013c1c    00000068     motor_control.obj (.text:DriveMotor)
                  01013c84    00000068     rtsv7M4_T_le_eabi.lib : hostlseek.c.obj (.text:HOSTlseek)
                  01013cec    00000068     mqtt_release.a : mqtt_common.oem4 (.text:MQTT_qos2PubCqUnlog)
                  01013d54    00000068     simplelink.a : driver.obj (.text:_SlSpawnMsgListGetCount)
                  01013dbc    00000068     rtsv7M4_T_le_eabi.lib : copy_decompress_lzss.c.obj (.text:decompress:lzss:__TI_decompress_lzss)
                  01013e24    00000068                           : printf.c.obj (.text:printf)
                  01013e8c    00000068     simplelink.a : cc_pal.obj (.text:spi_Open)
                  01013ef4    00000066     drivers_cc32xx.aem4 : UARTCC32XX.oem4 (.text:UARTCC32XX_writeCancel)
                  01013f5a    00000066     freertos_builds_CC3220SF_LAUNCHXL_release_ccs.lib : timers.obj (.text:prvInitialiseNewTimer)
                  01013fc0    00000066                                                       : memory.obj (.text:realloc)
                  01014026    00000066                                                       : list.obj (.text:vListInsert)
                  0101408c    00000064                                                       : ClockP_freertos.obj (.text:ClockP_stop)
                  010140f0    00000064     mqtt_release.a : mqtt_common.oem4 (.text:MQTT_packetPubAppendTopic)
                  01014154    00000064     drivers_cc32xx.aem4 : PowerCC32XX.oem4 (.text:PowerCC32XX_setParkState)
                  010141b8    00000064     freertos_builds_CC3220SF_LAUNCHXL_release_ccs.lib : pthread_mutex.obj (.text:acquireMutex)
                  0101421c    00000064     mqtt_release.a : client_core.oem4 (.text:clientReset)
                  01014280    00000064                    : client_core.oem4 (.text:doNetClose)
                  010142e4    00000064     rtsv7M4_T_le_eabi.lib : fseek.c.obj (.text:fseek)
                  01014348    00000064     freertos_builds_CC3220SF_LAUNCHXL_release_ccs.lib : tasks.obj (.text:prvGetExpectedIdleTime)
                  010143ac    00000062     drivers_cc32xx.aem4 : UARTCC32XX.oem4 (.text:UARTCC32XX_writePolling)
                  0101440e    00000062     rtsv7M4_T_le_eabi.lib : _io_perm.c.obj (.text:__TI_wrt_ok)
                  01014470    00000060                           : hostopen.c.obj (.text:HOSTopen)
                  010144d0    00000060     freertos_builds_CC3220SF_LAUNCHXL_release_ccs.lib : HwiPCC32XX_freertos.obj (.text:HwiP_create)
                  01014530    00000060     driverlib.a : prcm.obj (.text:PRCMSysResetCauseGet)
                  01014590    00000060     slnetsock_release.a : slnetsock.oem4 (.text:SlNetSock_recvFrom)
                  010145f0    00000060                         : slnetsock.oem4 (.text:SlNetSock_sendTo)
                  01014650    00000060     drivers_cc32xx.aem4 : UARTCC32XXDMA.oem4 (.text:UARTCC32XXDMA_control)
                  010146b0    00000060     freertos_builds_CC3220SF_LAUNCHXL_release_ccs.lib : pthread_mutex.obj (.text:pthread_mutex_unlock)
                  01014710    00000060                                                       : queue.obj (.text:xQueueGenericCreate)
                  01014770    0000005e     slnetifwifi.a : slnetifwifi.obj (.text:SlNetIfWifi_setSockOpt)
                  010147ce    0000005e     freertos_builds_CC3220SF_LAUNCHXL_release_ccs.lib : semaphore.obj (.text:sem_timedwait)
                  0101482c    0000005c     drivers_cc32xx.aem4 : GPIOCC32XX.oem4 (.text:GPIO_setCallback)
                  01014888    0000005c     mqtt_release.a : client_core.oem4 (.text:MQTTClientCore_exitLib)
                  010148e4    0000005c                    : mqtt_net_func.oem4 (.text:MQTTNet_tcpListen)
                  01014940    0000005c     simplelink.a : spawn.obj (.text:_SlInternalSpawn)
                  0101499c    0000005c     freertos_builds_CC3220SF_LAUNCHXL_release_ccs.lib : memory.obj (.text:calloc)
                  010149f8    0000005c     rtsv7M4_T_le_eabi.lib : close.c.obj (.text:close)
                  01014a54    0000005c                           : s_frexp.c.obj (.text:frexp)
                  01014ab0    0000005c     freertos_builds_CC3220SF_LAUNCHXL_release_ccs.lib : tasks.obj (.text:prvIdleTask)
                  01014b0c    0000005c                                                       : pthread.obj (.text:pthread_exit)
                  01014b68    0000005c                                                       : queue.obj (.text:vQueueWaitForMessageRestricted)
                  01014bc4    0000005c                                                       : tasks.obj (.text:vTaskDelay)
                  01014c20    00000058     drivers_cc32xx.aem4 : GPIOCC32XX.oem4 (.text:GPIO_write)
                  01014c78    00000058     rtsv7M4_T_le_eabi.lib : hostread.c.obj (.text:HOSTread)
                  01014cd0    00000058                           : hostwrite.c.obj (.text:HOSTwrite)
                  01014d28    00000058     driverlib.a : interrupt.obj (.text:IntPendClear)
                  01014d80    00000058                 : prcm.obj (.text:PRCMPeripheralReset)
                  01014dd8    00000058     drivers_cc32xx.aem4 : PowerCC32XX.oem4 (.text:Power_releaseDependency)
                  01014e30    00000058     slnetsock_release.a : slnetsock.oem4 (.text:SlNetSock_recv)
                  01014e88    00000058                         : slnetsock.oem4 (.text:SlNetSock_send)
                  01014ee0    00000058     simplelink.a : sl_socket.obj (.text:_SlDrvClearCtrlSocket)
                  01014f38    00000058     mqtt_release.a : client_core.oem4 (.text:clRecv)
                  01014f90    00000058     spi_encoder.obj (.text:clear_SPI_Encoder_Count)
                  01014fe8    00000058     freertos_builds_CC3220SF_LAUNCHXL_release_ccs.lib : tasks.obj (.text:eTaskConfirmSleepModeStatus)
                  01015040    00000058     encoder_timer.obj (.text:initEncoderTimer)
                  01015098    00000058     mqtt_release.a : client_core.oem4 (.text:singleCtxKaSequence)
                  010150f0    00000058     simplelink.a : sl_socket.obj (.text:sl_Listen)
                  01015148    00000058                  : eventreg.obj (.text:sl_RegisterLibsEventHandler)
                  010151a0    00000058     freertos_builds_CC3220SF_LAUNCHXL_release_ccs.lib : port.obj (.text:vPortSetupTimerInterrupt)
                  010151f8    00000058                                                       : queue.obj (.text:xQueueCreateCountingSemaphore)
                  01015250    00000058                                                       : queue.obj (.text:xQueueTakeMutexRecursive)
                  010152a8    00000056     mqtt_release.a : mqtt_common.oem4 (.text:MQTT_packetPubAppendData)
                  010152fe    00000056     freertos_builds_CC3220SF_LAUNCHXL_release_ccs.lib : SemaphoreP_freertos.obj (.text:SemaphoreP_create)
                  01015354    00000056     drivers_cc32xx.aem4 : TimerCC32XX.oem4 (.text:TimerCC32XX_stop)
                  010153aa    00000056     rtsv7M4_T_le_eabi.lib : _printfi.c.obj (.text:_pconv_f)
                  01015400    00000056     mqtt_release.a : client_core.oem4 (.text:procAckMsgRx)
                  01015456    00000002     --HOLE-- [fill = 0]
                  01015458    00000054     freertos_builds_CC3220SF_LAUNCHXL_release_ccs.lib : ClockP_freertos.obj (.text:ClockP_delete)
                  010154ac    00000054     uart_term.obj (.text:InitTerm)
                  01015500    00000054     driverlib.a : interrupt.obj (.text:IntPrioritySet)
                  01015554    00000054     mqtt_release.a : client_core.oem4 (.text:MQTTClientCore_deleteCtx)
                  010155a8    00000054                    : client_core.oem4 (.text:MQTTClientCore_sendDisconn)
                  010155fc    00000054     simplelink.a : driver.obj (.text:_SlDrvRxIrqHandler)
                  01015650    00000054     rtsv7M4_T_le_eabi.lib : _ltoa.c.obj (.text:__TI_ltoa)
                  010156a4    00000054     mqtt_release.a : client_core.oem4 (.text:grpNetSetupCreate)
                  010156f8    00000054     drivers_cc32xx.aem4 : UARTCC32XX.oem4 (.text:ringBufGet)
                  0101574c    00000054     freertos_builds_CC3220SF_LAUNCHXL_release_ccs.lib : timers.obj (.text:xTimerCreateTimerTask)
                  010157a0    00000052     drivers_cc32xx.aem4 : PowerCC32XX_asm.oem4 (.text:PowerCC32XX_resumeLPDS)
                  010157f2    00000052     rtsv7M4_T_le_eabi.lib : _printfi.c.obj (.text:_ecpy)
                  01015844    00000052     drivers_cc32xx.aem4 : TimerCC32XX.oem4 (.text:initHw)
                  01015896    00000002     --HOLE-- [fill = 0]
                  01015898    00000050     simplelink.a : cc_pal.obj (.text:NwpRegisterInterruptHandler)
                  010158e8    00000050     slnetsock_release.a : slnetif.oem4 (.text:SlNetIf_queryIf)
                  01015938    00000050     drivers_cc32xx.aem4 : TimerCC32XX.oem4 (.text:TimerCC32XX_allocateTimerResource)
                  01015988    00000050                         : UARTCC32XXDMA.oem4 (.text:UARTCC32XXDMA_writePolling)
                  010159d8    00000050     simplelink.a : sl_socket.obj (.text:_SlDrvCloseCtrlSocket)
                  01015a28    00000050                  : driver.obj (.text:_SlDrvCmdSend_noWait)
                  01015a78    00000050                  : driver.obj (.text:_SlDrvUpdateApiInProgress)
                  01015ac8    00000050                  : spawn.obj (.text:_SlInternalSpawnTaskEntry)
                  01015b18    00000050                  : eventreg.obj (.text:_SlNetAppHttpServerHdlr)
                  01015b68    00000050                  : eventreg.obj (.text:_SlNetAppRequestHdlr)
                  01015bb8    00000050     mqtt_release.a : client_core.oem4 (.text:_procAckMsgRx)
                  01015c08    00000050     freertos_builds_CC3220SF_LAUNCHXL_release_ccs.lib : mqueue.obj (.text:mq_close)
                  01015c58    00000050                                                       : port.obj (.text:pxPortInitialiseStack)
                  01015ca8    00000050     spiEncoderVal_queue.obj (.text:readSPIMsgFromEncoderQueue)
                  01015cf8    00000050     freertos_builds_CC3220SF_LAUNCHXL_release_ccs.lib : semaphore.obj (.text:sem_init)
                  01015d48    00000050                                                       : queue.obj (.text:xQueueGiveMutexRecursive)
                  01015d98    0000004e     mqtt_release.a : client_core.oem4 (.text:MQTTClientCore_registerWillInfo)
                  01015de6    0000004e     drivers_cc32xx.aem4 : UARTCC32XXDMA.oem4 (.text:writeCancel)
                  01015e34    0000004c                         : GPIOCC32XX.oem4 (.text:GPIO_enableInt)
                  01015e80    0000004c     simplelink.a : cc_pal.obj (.text:NwpWaitForShutDownInd)
                  01015ecc    0000004c     drivers_cc32xx.aem4 : PowerCC32XX.oem4 (.text:PowerCC32XX_parkPin)
                  01015f18    0000004c     slnetifwifi.a : slnetifwifi.obj (.text:SlNetIfWifi_getConnectionStatus)
                  01015f64    0000004c     slnetsock_release.a : slnetsock.oem4 (.text:SlNetSock_freeVirtualSocket)
                  01015fb0    0000004c                         : slnetsock.oem4 (.text:SlNetSock_startSec)
                  01015ffc    0000004c     rtsv7M4_T_le_eabi.lib : fflush.c.obj (.text:__TI_doflush)
                  01016048    0000004c     mqtt_release.a : client_core.oem4 (.text:ack1WlMqpDispatch)
                  01016094    0000004c     rtsv7M4_T_le_eabi.lib : atoi.c.obj (.text:atoi)
                  010160e0    0000004c     freertos_builds_CC3220SF_LAUNCHXL_release_ccs.lib : startup_cc32xx_ccs.obj (.text:initVectors)
                  0101612c    0000004c     mqtt_release.a : client_core.oem4 (.text:loopbTrigger)
                  01016178    0000004c     freertos_builds_CC3220SF_LAUNCHXL_release_ccs.lib : timers.obj (.text:prvCheckForValidListAndQueue)
                  010161c4    0000004c                                                       : tasks.obj (.text:prvCheckTasksWaitingTermination)
                  01016210    0000004c     drivers_cc32xx.aem4 : PowerCC32XX.oem4 (.text:restorePeriphClocks)
                  0101625c    0000004c     mqtt_release.a : client_core.oem4 (.text:singleCtxRxPrep)
                  010162a8    0000004c     simplelink.a : wlan.obj (.text:sl_WlanSetMode)
                  010162f4    0000004c     json_parse.obj (.text:trim_space)
                  01016340    0000004c     freertos_builds_CC3220SF_LAUNCHXL_release_ccs.lib : port.obj (.text:vPortEnterCritical)
                  0101638c    0000004c                                                       : tasks.obj (.text:vTaskSetThreadLocalStoragePointer)
                  010163d8    0000004a     mqtt_release.a : client_core.oem4 (.text:clCtxRecv)
                  01016422    0000004a     drivers_cc32xx.aem4 : UARTCC32XXDMA.oem4 (.text:readCancel)
                  0101646c    00000048     driverlib.a : flash.obj (.text:FlashDisable)
                  010164b4    00000048     freertos_builds_CC3220SF_LAUNCHXL_release_ccs.lib : HwiPCC32XX_freertos.obj (.text:HwiP_dispatch)
                  010164fc    00000048     mqtt_client_app.obj (.text:LedTimerConfigNStart)
                  01016544    00000048     mqtt_release.a : mqttclient.oem4 (.text:MQTTClient_set)
                  0101658c    00000048     mqtt_client_app.obj (.text:MQTT_SendMsgToQueue)
                  010165d4    00000048     driverlib.a : prcm.obj (.text:PRCMLPDSEnter)
                  0101661c    00000048                 : prcm.obj (.text:PRCMPeripheralClkEnable)
                  01016664    00000048     drivers_cc32xx.aem4 : PowerCC32XX.oem4 (.text:Power_releaseConstraint)
                  010166ac    00000048     slnetsock_release.a : slnetsock.oem4 (.text:SlNetSock_connect)
                  010166f4    00000048                         : slnetsock.oem4 (.text:SlNetSock_init)
                  0101673c    00000048                         : slnetsock.oem4 (.text:SlNetSock_setOpt)
                  01016784    00000048     simplelink.a : eventreg.obj (.text:_SlDeviceFatalErrorEvtHdlr)
                  010167cc    00000048                  : eventreg.obj (.text:_SlDeviceGeneralEvtHdlr)
                  01016814    00000048                  : driver.obj (.text:_SlDrvBasicCmd)
                  0101685c    00000048                  : driver.obj (.text:_SlDrvSyncObjWaitTimeout)
                  010168a4    00000048                  : eventreg.obj (.text:_SlNetAppEvtHdlr)
                  010168ec    00000048                  : eventreg.obj (.text:_SlNetAppRequestMemFree)
                  01016934    00000048                  : eventreg.obj (.text:_SlSockEvtHdlr)
                  0101697c    00000048                  : eventreg.obj (.text:_SlWlanEvtHdlr)
                  010169c4    00000048     mqtt_release.a : client_core.oem4 (.text:bufUTF8WrTry)
                  01016a0c    00000048                    : client_core.oem4 (.text:clCtxSetup)
                  01016a54    00000048     rtsv7M4_T_le_eabi.lib : exit.c.obj (.text:exit)
                  01016a9c    00000048     json_parse.obj (.text:jsoneq)
                  01016ae4    00000048     speedCommand_queue.obj (.text:readSpeedMsgFromSpeedQueue)
                  01016b2c    00000048     rtsv7M4_T_le_eabi.lib : fd_toi_t2.asm.obj (.text)
                  01016b74    00000048     freertos_builds_CC3220SF_LAUNCHXL_release_ccs.lib : sleep.obj (.text:sleep)
                  01016bbc    00000048                                                       : list.obj (.text:uxListRemove)
                  01016c04    00000048     mqtt_release.a : client_core.oem4 (.text:wrConnectVh)
                  01016c4c    00000046     drivers_cc32xx.aem4 : RingBuf.oem4 (.text:RingBuf_put)
                  01016c92    00000046                         : TimerCC32XX.oem4 (.text:getPrescaler)
                  01016cd8    00000044     rtsv7M4_T_le_eabi.lib : hostclose.c.obj (.text:HOSTclose)
                  01016d1c    00000044                           : hostunlink.c.obj (.text:HOSTunlink)
                  01016d60    00000044     mqtt_release.a : client_core.oem4 (.text:MQTTClientCore_run)
                  01016da4    00000044                    : mqtt_net_func.oem4 (.text:MQTTNet_tcpRecv)
                  01016de8    00000044                    : mqttclient.oem4 (.text:MqttClientCtxDelete)
                  01016e2c    00000044     driverlib.a : prcm.obj (.text:PRCMLPDSRestoreInfoSet)
                  01016e70    00000044     drivers_cc32xx.aem4 : PowerCC32XX_asm.oem4 (.text:PowerCC32XX_enterLPDS)
                  01016eb4    00000044                         : SPI.oem4 (.text:SPI_init)
                  01016ef8    00000044     slnetsock_release.a : slnetutils.oem4 (.text:SlNetUtil_strTok)
                  01016f3c    00000044     drivers_cc32xx.aem4 : Timer.oem4 (.text:Timer_init)
                  01016f80    00000044                         : UART.oem4 (.text:UART_init)
                  01016fc4    00000044     rtsv7M4_T_le_eabi.lib : autoinit.c.obj (.text:__TI_auto_init_nobinit_nopinit:__TI_auto_init_nobinit_nopinit)
                  01017008    00000044                           : getdevice.c.obj (.text:getdevice)
                  0101704c    00000044     freertos_builds_CC3220SF_LAUNCHXL_release_ccs.lib : queue.obj (.text:prvInitialiseNewQueue)
                  01017090    00000044     pidControl.obj (.text:speed_cmd_update)
                  010170d4    00000044     freertos_builds_CC3220SF_LAUNCHXL_release_ccs.lib : tasks.obj (.text:vTaskStepTick)
                  01017118    00000044     mqtt_release.a : client_core.oem4 (.text:vhMsgSend)
                  0101715c    00000042                    : mqtt_common.oem4 (.text:MQTT_packetBufRdRemlen)
                  0101719e    00000042     freertos_builds_CC3220SF_LAUNCHXL_release_ccs.lib : memory.obj (.text:malloc)
                  010171e0    00000040     simplelink.a : sl_socket.obj (.text:CountSetBits)
                  01017220    00000040     network_if.obj (.text:InitializeAppVariables)
                  01017260    00000040     mqtt_release.a : client_core.oem4 (.text:MQTTClientCore_registerCtxInfo)
                  010172a0    00000040     driverlib.a : pin.obj (.text:PinModeSet)
                  010172e0    00000040     drivers_cc32xx.aem4 : RingBuf.oem4 (.text:RingBuf_get)
                  01017320    00000040                         : SPI.oem4 (.text:SPI_open)
                  01017360    00000040     network_if.obj (.text:SimpleLinkGeneralEventHandler)
                  010173a0    00000040     slnetsock_release.a : slnetsock.oem4 (.text:SlNetSock_bind)
                  010173e0    00000040     drivers_cc32xx.aem4 : Timer.oem4 (.text:Timer_open)
                  01017420    00000040                         : UARTCC32XX.oem4 (.text:UARTCC32XX_read)
                  01017460    00000040                         : UART.oem4 (.text:UART_open)
                  010174a0    00000040                         : UDMACC32XX.oem4 (.text:UDMACC32XX_init)
                  010174e0    00000040     simplelink.a : driver.obj (.text:_SlDrvGlobalObjUnLock)
                  01017520    00000040                  : driver.obj (.text:_SlFindAndReleasePendingCmd)
                  01017560    00000040                  : spawn.obj (.text:_SlInternalSpawnWaitForEvent)
                  010175a0    00000040                  : eventreg.obj (.text:_SlIsEventRegistered)
                  010175e0    00000040     freertos_builds_CC3220SF_LAUNCHXL_release_ccs.lib : aeabi_portable.obj (.text:__aeabi_errno_addr)
                  01017620    00000040     mqtt_release.a : mqttclient.oem4 (.text:_sl_ExtLib_ServerAckLockedWait)
                  01017660    00000040     json_parse.obj (.text:jsmn_alloc_token)
                  010176a0    00000040     mqtt_release.a : client_core.oem4 (.text:netConnect)
                  010176e0    00000040     spiEncoderVal_queue.obj (.text:sendSPIMsgToEncoderQueue)
                  01017720    00000040     rtsv7M4_T_le_eabi.lib : sprintf.c.obj (.text:sprintf)
                  01017760    00000040     freertos_builds_CC3220SF_LAUNCHXL_release_ccs.lib : tasks.obj (.text:vTaskPlaceOnEventListRestricted)
                  010177a0    00000040     rtsv7M4_T_le_eabi.lib : vsnprintf.c.obj (.text:vsnprintf)
                  010177e0    0000003e     freertos_builds_CC3220SF_LAUNCHXL_release_ccs.lib : ClockP_freertos.obj (.text:ClockP_callbackFxn)
                  0101781e    0000003e     mqtt_release.a : mqtt_common.oem4 (.text:MQTT_packetAckWlistRemove)
                  0101785c    0000003e                    : mqtt_common.oem4 (.text:MQTT_packetBufTailWrRemlen)
                  0101789a    0000003e     slnetsock_release.a : slnetsock.oem4 (.text:SlNetSock_close)
                  010178d8    0000003e     simplelink.a : sl_socket.obj (.text:_SlSocketBuildAddress)
                  01017916    0000003e     rtsv7M4_T_le_eabi.lib : _printfi.c.obj (.text:_fcpy)
                  01017954    0000003e     mqtt_release.a : client_core.oem4 (.text:clCtxSeg1Send)
                  01017992    0000003e     motor_control.obj (.text:motorThread)
                  010179d0    0000003e     mqtt_release.a : client_core.oem4 (.text:procPingrspRx)
                  01017a0e    0000003e     freertos_builds_CC3220SF_LAUNCHXL_release_ccs.lib : pthread.obj (.text:pthread_setcancelstate)
                  01017a4c    0000003e                                                       : semaphore.obj (.text:sem_post)
                  01017a8a    0000003e     speedEncoder_queue.obj (.text:sendMsgToMovingQueue)
                  01017ac8    0000003c     mqtt_release.a : client_core.oem4 (.text:MQTTClientCore_registerBuffers)
                  01017b04    0000003c                    : mqttclient.oem4 (.text:MQTTClient_disconnect)
                  01017b40    0000003c                    : mqtt_common.oem4 (.text:MQTT_qos2PubCqCheck)
                  01017b7c    0000003c     network_if.obj (.text:Network_IF_DisconnectFromAP)
                  01017bb8    0000003c     driverlib.a : prcm.obj (.text:PRCMSlowClkCtrFastGet)
                  01017bf4    0000003c     drivers_cc32xx.aem4 : PowerCC32XX.oem4 (.text:Power_setConstraint)
                  01017c30    0000003c     simplelink.a : netapp.obj (.text:_SlNetAppCopyPingResultsToReport)
                  01017c6c    0000003c     motor_control.obj (.text:initMotorUART)
                  01017ca8    0000003c     mqtt_release.a : mqttclient.oem4 (.text:processDisconnCB)
                  01017ce4    0000003c     freertos_builds_CC3220SF_LAUNCHXL_release_ccs.lib : queue.obj (.text:prvCopyDataFromQueue)
                  01017d20    0000003c                                                       : tasks.obj (.text:prvResetNextTaskUnblockTime)
                  01017d5c    0000003c                                                       : tasks.obj (.text:pvTaskGetThreadLocalStoragePointer)
                  01017d98    0000003c     mqtt_release.a : client_core.oem4 (.text:singleCtxRxPrepLocked)
                  01017dd4    0000003c                    : client_core.oem4 (.text:tailIncorpMsgID)
                  01017e10    0000003c     freertos_builds_CC3220SF_LAUNCHXL_release_ccs.lib : timer.obj (.text:timespecToTicks)
                  01017e4c    0000003c     simplelink.a : sl_socket.obj (.text:to_mSec)
                  01017e88    0000003c     freertos_builds_CC3220SF_LAUNCHXL_release_ccs.lib : sleep.obj (.text:usleep)
                  01017ec4    0000003c                                                       : list.obj (.text:vListInsertEnd)
                  01017f00    0000003c                                                       : timers.obj (.text:xTimerCreate)
                  01017f3c    0000003a     slnetifwifi.a : slnetifwifi.obj (.text:SlNetIfWifi_getIPAddr)
                  01017f76    0000003a     drivers_cc32xx.aem4 : TimerCC32XX.oem4 (.text:TimerCC32XX_close)
                  01017fb0    0000003a     freertos_builds_CC3220SF_LAUNCHXL_release_ccs.lib : timer.obj (.text:callbackFxn)
                  01017fea    0000003a     mqtt_release.a : mqtt_common.oem4 (.text:mqpProcVhMsgIdRx)
                  01018024    00000038                    : client_core.oem4 (.text:MQTTClientCore_registerNetSvc)
                  0101805c    00000038                    : mqtt_common.oem4 (.text:MQTT_qos2PubCqLogup)
                  01018094    00000038     driverlib.a : prcm.obj (.text:PRCMLPDSEnterKeepDebugIf)
                  010180cc    00000038     slnetifwifi.a : slnetifwifi.obj (.text:SlNetIfWifi_recvFrom)
                  01018104    00000038                   : slnetifwifi.obj (.text:SlNetIfWifi_sendTo)
                  0101813c    00000038                   : slnetifwifi.obj (.text:SlNetIfWifi_socket)
                  01018174    00000038     slnetsock_release.a : slnetif.oem4 (.text:SlNetIf_configCheck)
                  010181ac    00000038                         : slnetsock.oem4 (.text:SlNetSock_listen)
                  010181e4    00000038                         : slnetutils.oem4 (.text:SlNetUtil_htonl)
                  0101821c    00000038     drivers_cc32xx.aem4 : TimerCC32XX.oem4 (.text:TimerCC32XX_hwiIntFunction)
                  01018254    00000038     rtsv7M4_T_le_eabi.lib : trgmsg.c.obj (.text:__TI_writemsg)
                  0101828c    00000038     mqtt_release.a : client_core.oem4 (.text:mqpAllocAtomic)
                  010182c4    00000038                    : client_core.oem4 (.text:netRecv)
                  010182fc    00000038     drivers_cc32xx.aem4 : PowerCC32XX.oem4 (.text:notify)
                  01018334    00000038     freertos_builds_CC3220SF_LAUNCHXL_release_ccs.lib : timers.obj (.text:prvGetNextExpireTime)
                  0101836c    00000038                                                       : port.obj (.text:prvTaskExitError)
                  010183a4    00000038     drivers_cc32xx.aem4 : UARTCC32XXDMA.oem4 (.text:startTxFifoEmptyClk)
                  010183dc    00000036     mqtt_release.a : mqtt_common.oem4 (.text:MQTT_packetPrepFh)
                  01018412    00000036     slnetifwifi.a : slnetifwifi.obj (.text:SlNetIfWifi_getHostByName)
                  01018448    00000036                   : slnetifwifi.obj (.text:SlNetIfWifi_select)
                  0101847e    00000036     driverlib.a : timer.obj (.text:TimerControlStall)
                  010184b4    00000036     drivers_cc32xx.aem4 : UARTCC32XX.oem4 (.text:UARTCC32XX_readCancel)
                  010184ea    00000036     mqtt_release.a : client_core.oem4 (.text:_procPubRecRx)
                  01018520    00000036     rtsv7M4_T_le_eabi.lib : strncpy.c.obj (.text:strncpy)
                  01018556    00000002     --HOLE-- [fill = 0]
                  01018558    00000034     driverlib.a : pin.obj (.text:PinModeGet)
                  0101858c    00000034     drivers_cc32xx.aem4 : PowerCC32XX.oem4 (.text:PowerCC32XX_restoreParkState)
                  010185c0    00000034     freertos_builds_CC3220SF_LAUNCHXL_release_ccs.lib : SemaphoreP_freertos.obj (.text:SemaphoreP_pend)
                  010185f4    00000034     slnetsock_release.a : slnetutils.oem4 (.text:SlNetUtil_htons)
                  01018628    00000034     drivers_cc32xx.aem4 : TimerCC32XX.oem4 (.text:TimerCC32XX_freeTimerResource)
                  0101865c    00000034                         : UDMACC32XX.oem4 (.text:UDMACC32XX_close)
                  01018690    00000034     rtsv7M4_T_le_eabi.lib : fopen.c.obj (.text:__TI_cleanup)
                  010186c4    00000034                           : trgmsg.c.obj (.text:__TI_readmsg)
                  010186f8    00000034     freertos_builds_CC3220SF_LAUNCHXL_release_ccs.lib : mqueue.obj (.text:findInList)
                  0101872c    00000034     drivers_cc32xx.aem4 : TimerCC32XX.oem4 (.text:getPowerMgrId)
                  01018760    00000034     mqtt_release.a : client_core.oem4 (.text:groupCtxsKaSequence)
                  01018794    00000034                    : client_core.oem4 (.text:mqpFreeLocked)
                  010187c8    00000034                    : client_core.oem4 (.text:procLoopbackRecv)
                  010187fc    00000034     freertos_builds_CC3220SF_LAUNCHXL_release_ccs.lib : timers.obj (.text:prvSampleTimeNow)
                  01018830    00000034     speedEncoder_queue.obj (.text:readMsgFromMovingQueue)
                  01018864    00000034     freertos_builds_CC3220SF_LAUNCHXL_release_ccs.lib : tasks.obj (.text:vTaskPlaceOnEventList)
                  01018898    00000034     drivers_cc32xx.aem4 : UARTCC32XXDMA.oem4 (.text:writeFinishedDoCallback)
                  010188cc    00000032     mqtt_release.a : mqtt_common.oem4 (.text:MQTT_clCtxTimeoutInsert)
                  010188fe    00000032                    : client_core.oem4 (.text:connectedStateRx)
                  01018930    00000030     drivers_cc32xx.aem4 : PowerCC32XX.oem4 (.text:PowerCC32XX_restoreParkedPin)
                  01018960    00000030     mqtt_client_app.obj (.text:SubscribeThread)
                  01018990    00000030     simplelink.a : fs.obj (.text:_SlFsStrlen)
                  010189c0    00000030     rtsv7M4_T_le_eabi.lib : vsnprintf.c.obj (.text:_outs)
                  010189f0    00000030     mqtt_release.a : client_core.oem4 (.text:ack2MsgIdUnlog)
                  01018a20    00000030                    : client_core.oem4 (.text:clientDescInit)
                  01018a50    00000030     rtsv7M4_T_le_eabi.lib : getdevice.c.obj (.text:finddevice)
                  01018a80    00000030     mqtt_release.a : mqttclient.oem4 (.text:getAvailableClictxMem)
                  01018ab0    00000030     mqtt_client_app.obj (.text:printBorder)
                  01018ae0    00000030     freertos_builds_CC3220SF_LAUNCHXL_release_ccs.lib : list.obj (.text:vListInitialise)
                  01018b10    00000030                                                       : port.obj (.text:vPortExitCritical)
                  01018b40    00000030                                                       : tasks.obj (.text:xTaskGetSchedulerState)
                  01018b70    0000002e     simplelink.a : cc_pal.obj (.text:Mutex_create_handle)
                  01018b9e    0000002e     freertos_builds_CC3220SF_LAUNCHXL_release_ccs.lib : timers.obj (.text:pvTimerGetTimerID)
                  01018bcc    0000002e     rtsv7M4_T_le_eabi.lib : i_tofd_t2.asm.obj (.text)
                  01018bfa    00000002     --HOLE-- [fill = 0]
                  01018bfc    0000002c     freertos_builds_CC3220SF_LAUNCHXL_release_ccs.lib : HwiPCC32XX_freertos.obj (.text:HwiP_disable)
                  01018c28    0000002c     simplelink.a : cc_pal.obj (.text:NwpPowerOn)
                  01018c54    0000002c     driverlib.a : prcm.obj (.text:PRCMLPDSIntervalSet)
                  01018c80    0000002c     drivers_cc32xx.aem4 : PowerCC32XX.oem4 (.text:PowerCC32XX_getParkState)
                  01018cac    0000002c     freertos_builds_CC3220SF_LAUNCHXL_release_ccs.lib : SemaphoreP_freertos.obj (.text:SemaphoreP_createBinary)
                  01018cd8    0000002c     slnetifwifi.a : slnetifwifi.obj (.text:SlNetIfWifi_recv)
                  01018d04    0000002c                   : slnetifwifi.obj (.text:SlNetIfWifi_send)
                  01018d30    0000002c     simplelink.a : driver.obj (.text:_SlDrvSyncObjWaitForever)
                  01018d5c    0000002c     mqtt_release.a : client_core.oem4 (.text:doNetCloseRx)
                  01018d88    0000002c     json_parse.obj (.text:jsmn_fill_token)
                  01018db4    0000002c     freertos_builds_CC3220SF_LAUNCHXL_release_ccs.lib : pthread_mutex.obj (.text:pthread_mutexattr_settype)
                  01018de0    0000002c     mqtt_release.a : client_core.oem4 (.text:singleCtxAdjWaitSecsGet)
                  01018e0c    0000002c     rtsv7M4_T_le_eabi.lib : strncmp.c.obj (.text:strncmp)
                  01018e38    0000002c     freertos_builds_CC3220SF_LAUNCHXL_release_ccs.lib : timer.obj (.text:timer_delete)
                  01018e64    0000002c     rtsv7M4_T_le_eabi.lib : unlink.c.obj (.text:unlink)
                  01018e90    0000002c     encoder_timer.obj (.text:updateCurrentSpeed)
                  01018ebc    0000002c     freertos_builds_CC3220SF_LAUNCHXL_release_ccs.lib : tasks.obj (.text:vTaskSetApplicationTaskTag)
                  01018ee8    0000002c                                                       : port.obj (.text:xPortSysTickHandler)
                  01018f14    0000002c                                                       : queue.obj (.text:xQueueCreateMutex)
                  01018f40    0000002a     slnetsock_release.a : slnetutils.oem4 (.text:SlNetUtil_inetPton)
                  01018f6a    0000002a     driverlib.a : timer.obj (.text:TimerLoadSet)
                  01018f94    0000002a                 : timer.obj (.text:TimerPrescaleSet)
                  01018fbe    0000002a     drivers_cc32xx.aem4 : UARTCC32XXDMA.oem4 (.text:UARTCC32XXDMA_readCancel)
                  01018fe8    0000002a                         : UARTCC32XXDMA.oem4 (.text:UARTCC32XXDMA_writeCancel)
                  01019012    0000002a     mqtt_release.a : client_core.oem4 (.text:ack2MsgIdDispatch)
                  0101903c    0000002a                    : client_core.oem4 (.text:pingReqSend)
                  01019066    0000002a     freertos_builds_CC3220SF_LAUNCHXL_release_ccs.lib : queue.obj (.text:prvInitialiseMutex)
                  01019090    0000002a     mqtt_release.a : client_core.oem4 (.text:txPartSetup)
                  010190ba    0000002a     freertos_builds_CC3220SF_LAUNCHXL_release_ccs.lib : queue.obj (.text:uxQueueMessagesWaiting)
                  010190e4    0000002a                                                       : timers.obj (.text:xTimerGetExpiryTime)
                  0101910e    00000002     --HOLE-- [fill = 0]
                  01019110    00000028                                                       : HwiPCC32XX_freertos.obj (.text:HwiP_inISR)
                  01019138    00000028     mqtt_release.a : mqtt_common.oem4 (.text:MQTT_packetBufWrUtf8)
                  01019160    00000028     driverlib.a : prcm.obj (.text:PRCMLPDSWakeupSourceEnable)
                  01019188    00000028                 : prcm.obj (.text:PRCMPeripheralClkDisable)
                  010191b0    00000028     drivers_cc32xx.aem4 : PowerCC32XX.oem4 (.text:Power_registerNotify)
                  010191d8    00000028     slnetsock_release.a : slnetif.oem4 (.text:SlNetIf_getIfByID)
                  01019200    00000028                         : slnetsock.oem4 (.text:SlNetSock_sdsIsSet)
                  01019228    00000028                         : slnetsock.oem4 (.text:SlNetSock_sdsSet)
                  01019250    00000028                         : slnetsock.oem4 (.text:SlNetSock_secAttribDelete)
                  01019278    00000028     simplelink.a : driver.obj (.text:_SlDrvProtectionObjLockWaitForever)
                  010192a0    00000028                  : driver.obj (.text:_SlDrvProtectionObjUnLock)
                  010192c8    00000028                  : flowcont.obj (.text:_SlFlowContSet)
                  010192f0    00000028     mqtt_release.a : client_core.oem4 (.text:_procPubRelRx)
                  01019318    00000028                    : mqttclient.oem4 (.text:_sl_ExtLib_AwaitedAckLockedSet)
                  01019340    00000028     stat_queue.obj (.text:initQueues)
                  01019368    00000028     rtsv7M4_T_le_eabi.lib : lseek.c.obj (.text:lseek)
                  01019390    00000028                           : memmov.c.obj (.text:memmove)
                  010193b8    00000028     freertos_builds_CC3220SF_LAUNCHXL_release_ccs.lib : pthread.obj (.text:pthread_attr_setschedparam)
                  010193e0    00000028                                                       : semaphore.obj (.text:sem_trywait)
                  01019408    00000028     rtsv7M4_T_le_eabi.lib : write.c.obj (.text:write)
                  01019430    00000028     spiEncoderVal_queue.obj (.text:writeMsgToEncoderQueue)
                  01019458    00000028     speedEncoder_queue.obj (.text:writeMsgToMovingQueue)
                  01019480    00000028     speedCommand_queue.obj (.text:writeMsgToSpeedQueue)
                  010194a8    00000028     freertos_builds_CC3220SF_LAUNCHXL_release_ccs.lib : tasks.obj (.text:xTaskGetApplicationTaskTag)
                  010194d0    00000026     drivers_cc32xx.aem4 : List.oem4 (.text:List_put)
                  010194f6    00000026                         : List.oem4 (.text:List_remove)
                  0101951c    00000026     mqtt_release.a : mqtt_common.oem4 (.text:MQTT_clCtxRemove)
                  01019542    00000026     freertos_builds_CC3220SF_LAUNCHXL_release_ccs.lib : pthread.obj (.text:_pthread_cleanup_pop)
                  01019568    00000026                                                       : queue.obj (.text:prvIsQueueFull)
                  0101958e    00000002     --HOLE-- [fill = 0]
                  01019590    00000024     driverlib.a : interrupt.obj (.text:IntUnregister)
                  010195b4    00000024     drivers_cc32xx.aem4 : PowerCC32XX.oem4 (.text:PowerCC32XX_reset)
                  010195d8    00000024     slnetsock_release.a : slnetif.oem4 (.text:SlNetIf_getConnectionStatus)
                  010195fc    00000024     simplelink.a : driver.obj (.text:_SlDrvIsApiInProgress)
                  01019620    00000024                  : driver.obj (.text:_SlDrvStartMeasureTimeout)
                  01019644    00000024     rtsv7M4_T_le_eabi.lib : boot_cortex_m.c.obj (.text:_c_int00_noargs:_c_int00_noargs)
                  01019668    00000024     mqtt_release.a : client_core.oem4 (.text:conn2usedCtxs)
                  0101968c    00000024     freertos_builds_CC3220SF_LAUNCHXL_release_ccs.lib : queue.obj (.text:prvGetDisinheritPriorityAfterTimeout)
                  010196b0    00000024     mqtt_release.a : client_core.oem4 (.text:recvHvecLoad)
                  010196d4    00000024     freertos_builds_CC3220SF_LAUNCHXL_release_ccs.lib : semaphore.obj (.text:sem_getvalue)
                  010196f8    00000024     simplelink.a : wlan.obj (.text:sl_WlanDisconnect)
                  0101971c    00000024     freertos_builds_CC3220SF_LAUNCHXL_release_ccs.lib : queue.obj (.text:vQueueDelete)
                  01019740    00000024                                                       : tasks.obj (.text:vTaskInternalSetTimeOutState)
                  01019764    00000022     mqtt_release.a : mqtt_common.oem4 (.text:MQTT_packetProcMsgIdAckRx)
                  01019786    00000022     freertos_builds_CC3220SF_LAUNCHXL_release_ccs.lib : SemaphoreP_freertos.obj (.text:SemaphoreP_post)
                  010197a8    00000022                                                       : pthread.obj (.text:pthread_attr_setdetachstate)
                  010197ca    00000002     --HOLE-- [fill = 0]
                  010197cc    00000020                                                       : ClockP_freertos.obj (.text:ClockP_getCpuFreq)
                  010197ec    00000020                                                       : HwiPCC32XX_freertos.obj (.text:HwiP_restore)
                  0101980c    00000020     driverlib.a : interrupt.obj (.text:IntRegister)
                  0101982c    00000020     mqtt_release.a : mqtt_common.oem4 (.text:MQTT_qos2PubCqReset)
                  0101984c    00000020     drivers_cc32xx.aem4 : PowerCC32XX.oem4 (.text:Power_unregisterNotify)
                  0101986c    00000020                         : RingBuf.oem4 (.text:RingBuf_peek)
                  0101988c    00000020     slnetifwifi.a : slnetifwifi.obj (.text:SlNetIfWifi_accept)
                  010198ac    00000020     drivers_cc32xx.aem4 : SPICC32XXDMA.oem4 (.text:getPowerMgrId)
                  010198cc    00000020                         : UARTCC32XX.oem4 (.text:getPowerMgrId)
                  010198ec    00000020                         : UARTCC32XXDMA.oem4 (.text:getPowerMgrId)
                  0101990c    00000020     rtsv7M4_T_le_eabi.lib : memchr.c.obj (.text:memchr)
                  0101992c    00000020     freertos_builds_CC3220SF_LAUNCHXL_release_ccs.lib : queue.obj (.text:prvIsQueueEmpty)
                  0101994c    00000020                                                       : semaphore.obj (.text:semaphorePend)
                  0101996c    00000020     mqtt_release.a : client_core.oem4 (.text:session311fix)
                  0101998c    0000001e     freertos_builds_CC3220SF_LAUNCHXL_release_ccs.lib : ClockP_freertos.obj (.text:ClockP_start)
                  010199aa    0000001e                                                       : HwiPCC32XX_freertos.obj (.text:HwiP_Params_init)
                  010199c8    0000001e     mqtt_release.a : client_core.oem4 (.text:MQTTClientCore_alloc)
                  010199e6    0000001e                    : client_core.oem4 (.text:MQTTClientCore_ctxRun)
                  01019a04    0000001e     slnetifwifi.a : slnetifwifi.obj (.text:SlNetIfWifi_bind)
                  01019a22    0000001e                   : slnetifwifi.obj (.text:SlNetIfWifi_connect)
                  01019a40    0000001e     driverlib.a : timer.obj (.text:TimerDisable)
                  01019a5e    0000001e                 : timer.obj (.text:TimerEnable)
                  01019a7c    0000001e     simplelink.a : driver.obj (.text:_SlDrvObjLockWaitForever)
                  01019a9a    0000001e                  : driver.obj (.text:_SlDrvObjUnLock)
                  01019ab8    0000001e                  : driver.obj (.text:_SlDrvSyncObjSignal)
                  01019ad6    0000001e     freertos_builds_CC3220SF_LAUNCHXL_release_ccs.lib : pthread.obj (.text:_pthread_runStub)
                  01019af4    0000001e     json_parse.obj (.text:jsmn_init)
                  01019b12    0000001e     drivers_cc32xx.aem4 : UDMACC32XX.oem4 (.text:postNotifyFxn)
                  01019b30    0000001e     mqtt_release.a : client_core.oem4 (.text:procNetDataRecv)
                  01019b4e    0000001e                    : client_core.oem4 (.text:sessionDelete)
                  01019b6c    0000001c     freertos_builds_CC3220SF_LAUNCHXL_release_ccs.lib : ClockP_freertos.obj (.text:ClockP_Params_init)
                  01019b88    0000001c     uart_term.obj (.text:Message)
                  01019ba4    0000001c     driverlib.a : pin.obj (.text:PinToPadGet)
                  01019bc0    0000001c     simplelink.a : device.obj (.text:_SlDeviceGetStartResponseConvert)
                  01019bdc    0000001c                  : spawn.obj (.text:_SlInternalIsItSpawnThread)
                  01019bf8    0000001c     mqtt_release.a : client_core.oem4 (.text:awaitsPkts)
                  01019c14    0000001c                    : client_core.oem4 (.text:doNetCloseTx)
                  01019c30    0000001c     rtsv7M4_T_le_eabi.lib : memccpy.c.obj (.text:memccpy)
                  01019c4c    0000001c     mqtt_release.a : client_core.oem4 (.text:processRecv)
                  01019c68    0000001c     freertos_builds_CC3220SF_LAUNCHXL_release_ccs.lib : pthread.obj (.text:pthread_attr_init)
                  01019c84    0000001c                                                       : pthread_mutex.obj (.text:pthread_mutexattr_init)
                  01019ca0    0000001c                                                       : tasks.obj (.text:pvTaskIncrementMutexHeldCount)
                  01019cbc    0000001c     mqtt_release.a : client_core.oem4 (.text:usedCtxsTOSort)
                  01019cd8    0000001a                    : mqtt_common.oem4 (.text:MQTT_packetAckWlistPurge)
                  01019cf2    0000001a     freertos_builds_CC3220SF_LAUNCHXL_release_ccs.lib : PTLS.obj (.text:PTLS_taskDeleteHook)
                  01019d0c    0000001a     slnetifwifi.a : slnetifwifi.obj (.text:SlNetIfWifi_listen)
                  01019d26    0000001a     freertos_builds_CC3220SF_LAUNCHXL_release_ccs.lib : timers.obj (.text:prvTimerTask)
                  01019d40    0000001a                                                       : pthread_mutex.obj (.text:pthread_mutex_destroy)
                  01019d5a    00000018     mqtt_release.a : mqtt_common.oem4 (.text:MQTT_clCtxTimeoutUpdate)
                  01019d72    00000002     --HOLE-- [fill = 0]
                  01019d74    00000018     drivers_cc32xx.aem4 : PowerCC32XX.oem4 (.text:Power_idleFunc)
                  01019d8c    00000018                         : TimerCC32XX.oem4 (.text:TimerCC32XX_getCount)
                  01019da4    00000018     driverlib.a : timer.obj (.text:TimerIntDisable)
                  01019dbc    00000018                 : timer.obj (.text:TimerIntEnable)
                  01019dd4    00000018                 : uart.obj (.text:UARTBusy)
                  01019dec    00000018                 : uart.obj (.text:UARTIntEnable)
                  01019e04    00000018     drivers_cc32xx.aem4 : UART.oem4 (.text:UART_Params_init)
                  01019e1c    00000018     rtsv7M4_T_le_eabi.lib : vsnprintf.c.obj (.text:_outc)
                  01019e34    00000018                           : sprintf.c.obj (.text:_outs)
                  01019e4c    00000018     freertos_builds_CC3220SF_LAUNCHXL_release_ccs.lib : memory.obj (.text:free)
                  01019e64    00000018     mqtt_release.a : client_core.oem4 (.text:groupCtxsAdjWaitSecsGet)
[...]
01018d31  _SlDrvSyncObjWaitForever                  
01018db5  pthread_mutexattr_settype                 
01018e0d  strncmp                                   
01018e39  timer_delete                              
01018e65  remove                                    
01018e65  unlink                                    
01018e91  updateCurrentSpeed                        
01018ebd  vTaskSetApplicationTaskTag                
01018ee9  xPortSysTickHandler                       
01018f15  xQueueCreateMutex                         
01018f41  SlNetUtil_inetPton                        
01018f6b  TimerLoadSet                              
01018f95  TimerPrescaleSet                          
01018fbf  UARTCC32XXDMA_readCancel                  
01018fe9  UARTCC32XXDMA_writeCancel                 
010190bb  uxQueueMessagesWaiting                    
010190e5  xTimerGetExpiryTime                       
01019111  HwiP_inISR                                
01019139  MQTT_packetBufWrUtf8                      
01019161  PRCMLPDSWakeupSourceEnable                
01019189  PRCMPeripheralClkDisable                  
010191b1  Power_registerNotify                      
010191d9  SlNetIf_getIfByID                         
01019201  SlNetSock_sdsIsSet                        
01019229  SlNetSock_sdsSet                          
01019251  SlNetSock_secAttribDelete                 
01019279  _SlDrvProtectionObjLockWaitForever        
010192a1  _SlDrvProtectionObjUnLock                 
010192c9  _SlFlowContSet                            
01019319  _sl_ExtLib_AwaitedAckLockedSet            
01019341  initQueues                                
01019369  lseek                                     
01019391  memmove                                   
010193b9  pthread_attr_setschedparam                
010193e1  sem_trywait                               
01019409  write                                     
01019431  writeMsgToEncoderQueue                    
01019459  writeMsgToMovingQueue                     
01019481  writeMsgToSpeedQueue                      
010194a9  xTaskGetApplicationTaskTag                
010194d1  List_put                                  
010194f7  List_remove                               
0101951d  MQTT_clCtxRemove                          
01019543  _pthread_cleanup_pop                      
01019591  IntUnregister                             
010195b5  PowerCC32XX_reset                         
010195d9  SlNetIf_getConnectionStatus               
010195fd  _SlDrvIsApiInProgress                     
01019621  _SlDrvStartMeasureTimeout                 
01019645  _c_int00_noargs                           
010196d5  sem_getvalue                              
010196f9  sl_WlanDisconnect                         
0101971d  vQueueDelete                              
01019741  vTaskInternalSetTimeOutState              
01019765  MQTT_packetProcMsgIdAckRx                 
01019787  SemaphoreP_post                           
010197a9  pthread_attr_setdetachstate               
010197cd  ClockP_getCpuFreq                         
010197ed  HwiP_restore                              
0101980d  IntRegister                               
0101982d  MQTT_qos2PubCqReset                       
0101984d  Power_unregisterNotify                    
0101986d  RingBuf_peek                              
0101988d  SlNetIfWifi_accept                        
0101990d  memchr                                    
0101998d  ClockP_start                              
010199ab  HwiP_Params_init                          
010199c9  MQTTClientCore_alloc                      
010199e7  MQTTClientCore_ctxRun                     
01019a05  SlNetIfWifi_bind                          
01019a23  SlNetIfWifi_connect                       
01019a41  TimerDisable                              
01019a5f  TimerEnable                               
01019a7d  _SlDrvObjLockWaitForever                  
01019a9b  _SlDrvObjUnLock                           
01019ab9  _SlDrvSyncObjSignal                       
01019af5  jsmn_init                                 
01019b6d  ClockP_Params_init                        
01019b89  Message                                   
01019ba5  PinToPadGet                               
01019bdd  _SlInternalIsItSpawnThread                
01019c31  memccpy                                   
01019c69  pthread_attr_init                         
01019c85  pthread_mutexattr_init                    
01019ca1  pvTaskIncrementMutexHeldCount             
01019cd9  MQTT_packetAckWlistPurge                  
01019cf3  PTLS_taskDeleteHook                       
01019d0d  SlNetIfWifi_listen                        
01019d41  pthread_mutex_destroy                     
01019d5b  MQTT_clCtxTimeoutUpdate                   
01019d75  Power_idleFunc                            
01019d8d  TimerCC32XX_getCount                      
01019da5  TimerIntDisable                           
01019dbd  TimerIntEnable                            
01019dd5  UARTBusy                                  
01019ded  UARTIntEnable                             
01019e05  UART_Params_init                          
01019e4d  free                                      
01019e7d  initEncoderQueue                          
01019e95  initSpeedEncoderQueue                     
01019ead  initSpeedQueue                            
01019edd  putch                                     
01019ef5  __aeabi_lmul                              
01019f0d  sem_wait                                  
01019f25  strcmp                                    
01019f3d  xTaskGetTickCountFromISR                  
01019f55  ClockP_setTimeout                         
01019f6b  MQTTNet_commClose                         
01019f81  MQTT_clCtxReset                           
01019f97  MQTT_packetFree                           
01019fad  MQTT_packetInit                           
01019fc3  PRCMHIBRegRead                            
01019fd9  PRCMHIBRegWrite                           
01019fef  PTLS_getBuf                               
0101a005  PTLS_setBuf                               
0101a01b  SemaphoreP_Params_init                    
0101a031  _SlDrvMemZero                             
0101a049  resetISR                                  
0101a058  resetVectorAddr                           
0101a05f  strchr                                    
0101a075  CPUcpsie                                  
0101a089  IntVTableBaseSet                          
0101a09d  MQTTClient_publish                        
0101a0b1  MQTTNet_rtcSecs                           
0101a0c5  MQTT_packetAckWlistAppend                 
0101a0d9  MQTT_packetReset                          
0101a0ed  Power_getDependencyCount                  
0101a101  SPI_Params_init                           
0101a115  SlNetSock_sdsClrAll                       
0101a151  pthread_attr_setstacksize                 
0101a165  pthread_mutex_lock                        
0101a179  pthread_self                              
0101a1a1  sem_destroy                               
0101a1b5  strcpy                                    
0101a1c9  strlen                                    
0101a205  vPortSuppressTicksAndSleep                
0101a219  xTaskGetCurrentTaskHandle                 
0101a22d  xTaskGetTickCount                         
0101a241  HwiP_delete                               
0101a253  RingBuf_construct                         
0101a265  SlNetIfWifi_close                         
0101a277  TimerIntClear                             
0101a2ad  wcslen                                    
0101a2bf  Board_init                                
0101a2cf  ClockP_getSystemTickPeriod                
0101a2e1  LedTimerDeinitStop                        
0101a2f1  MQTTClientCore_sendUnsubMsg               
0101a301  SlNetSock_secAttribCreate                 
0101a311  SysTickDisable                            
0101a321  SysTickEnable                             
0101a331  Timer_Params_init                         
0101a341  _SlDrvDispatchHttpServerEvents            
0101a351  _SlDrvDispatchNetAppRequestEvents         
0101a361  _SlDrvIsSpawnOwnGlobalLock                
0101a391  getCurrentSpeed                           
0101a3c1  isspace                                   
0101a3f1  vListInitialiseItem                       
0101a401  vTaskSuspendAll                           
0101a411  MQTTClient_subscribe                      
0101a41f  MQTTClient_unsubscribe                    
0101a42d  Power_getTransitionLatency                
0101a43b  RingBuf_isFull                            
0101a449  _SlDrvResetCmdExt                         
0101a457  _sl_ExtLib_AwaitedAckSet                  
0101a473  __TI_decompress_none                      
0101a48f  spi_Close                                 
0101a49d  CPUwfi                                    
0101a4a9  HwiP_clearInterrupt                       
0101a4b5  HwiP_disableInterrupt                     
0101a4c1  HwiP_enableInterrupt                      
0101a4cd  MQTTClientCore_sendConnectMsg             
0101a4d9  MQTT_secureConnStructInit                 
0101a4e5  Network_IF_ResetMCUStateMachine           
0101a4f1  NwpMaskInterrupt                          
0101a4fd  NwpUnMaskInterrupt                        
0101a509  Power_getConstraintMask                   
0101a515  SemaphoreP_delete                         
0101a521  SimpleLinkHttpServerEventHandler          
0101a52d  SimpleLinkNetAppRequestEventHandler       
0101a539  _SlDeviceResetRequestInitCompletedCB      
0101a551  copysign                                  
0101a551  copysignl                                 
0101a55d  __TI_zero_init                            
0101a58d  uDMAErrorStatusClear                      
0101a599  uDMAErrorStatusGet                        
0101a5a5  vTaskMissedYield                          
0101a5b1  IntMasterEnable                           
0101a5bb  SPI_close                                 
0101a5c5  SPI_transfer                              
0101a5cf  SimpleLinkNetAppRequestMemFreeEventHandler
0101a5d9  TimerPeriodicIntHandler                   
0101a5e3  Timer_start                               
0101a5ed  UART_control                              
0101a5f7  UART_readPolling                          
0101a601  UART_write                                
0101a60b  UART_writePolling                         
0101a61f  sl_Task                                   
0101a629  vApplicationStackOverflowHook             
0101a633  ClockP_getSystemTicks                     
0101a63b  MQTTClientCore_sendSubMsg                 
0101a643  MQTTNet_tcpSend                           
0101a64b  PRCMSleepEnter                            
0101a653  TimerGetCurrentTimestamp                  
0101a68b  SPICC32XXDMA_control                      
0101a691  TimerCC32XX_control                       
0101a697  UtilsDelay                                
0101a6b5  SPICC32XXDMA_init                         
0101a6b9  SlNetIf_init                              
0101a6bd  SlNetUtil_init                            
0101a6c9  _system_pre_init                          
0101a6cd  C$$EXIT                                   
0101a6cd  abort                                     
0101a6d8  _ctypes_                                  
0101ab10  spiCC32XXDMAHWAttrs                       
0101ab88  OpcodeTranslateTable                      
0101abf8  _SlActionLookupTable                      
0101ac48  PowerCC32XX_config                        
0101ac88  timerCC32XXHWAttrs                        
0101acb8  UARTCC32XXDMA_fxnTable                    
0101ace0  UARTCC32XX_fxnTable                       
0101ad08  Timer_config                              
0101ad2c  UART_defaultParams                        
0101adfc  SPI_defaultParams                         
0101ae3c  TimerCC32XX_fxnTable                      
0101ae7c  Display_count                             
0101ae7d  CONFIG_Crypto_0_CONST                     
0101ae7e  CryptoCC32XX_count                        
0101ae7f  CONFIG_GPIO_BUTTON_0_CONST                
0101ae80  CONFIG_GPIO_BUTTON_1_CONST                
0101ae81  CONFIG_GPIO_LED_0_CONST                   
0101ae82  CONFIG_GPIO_LED_1_CONST                   
0101ae83  CONFIG_GPIO_LED_2_CONST                   
0101ae84  CONFIG_GPIO_0_CONST                       
0101ae85  CONFIG_GPIO_1_CONST                       
0101ae86  CONFIG_GPIO_2_CONST                       
0101ae87  CONFIG_GPIO_3_CONST                       
0101ae88  CONFIG_GPIO_4_CONST                       
0101ae89  CONFIG_GPIO_5_CONST                       
0101ae8a  CONFIG_GPIO_6_CONST                       
0101ae8b  CONFIG_GPIO_7_CONST                       
0101ae8c  Slave_Motor1_Encoder_CONST                
0101ae8d  Slave_Motor2_Encoder_CONST                
0101ae8e  Slave_Motor3_Encoder_CONST                
0101ae8f  CONFIG_SPI_MASTER_CONST                   
0101ae90  CONFIG_NWP_SPI_CONST                      
0101ae91  SPI_count                                 
0101ae92  PUBLISH_TIMER_CONST                       
0101ae93  ENCODER_TIMER_CONST                       
0101ae94  SPEED_TIMER_CONST                         
0101ae95  Timer_count                               
0101ae96  MOTOR_UART_CONST                          
0101ae97  CONFIG_UART_0_CONST                       
0101ae98  UART_count                                
0101ae99  CONFIG_WATCHDOG_0_CONST                   
0101ae9a  Watchdog_count                            
0101ae9c  SPICC32XXDMA_fxnTable                     
0101aeb4  SPI_config                                
0101aecc  UART_config                               
0101b024  GPIOCC32XX_config                         
0101b14c  udmaCC3220SHWAttrs                        
0101b160  UDMACC32XX_config                         
0101b168  ulMaxSyscallInterruptPriority             
0101b188  outPinTypes                               
0101b1ac  inPinTypes                                
0101b1b2  outPinStrengths                           
0101b1f6  _SlNetAppSendResponseCmdCtrl              
0101b1fa  _SlNetAppSendTokenValueCmdCtrl            
0101b238  __TI_static_base__                        
0101b478  __TI_Handler_Table_Base                   
0101b484  __TI_Handler_Table_Limit                  
0101b490  __TI_CINIT_Base                           
0101b4a0  __TI_CINIT_Limit                          
20000000  __start___llvm_prf_cnts                   
20000000  __stop___llvm_prf_cnts                    
20011000  g_CB                                      
200113fc  clients                                   
200118ac  PowerCC32XX_contextSave                   
200119d8  __CIOBUF_                                 
20011c90  __TI_tmpnams                              
20011d30  timerCC32XXObjects                        
20011dcc  spiCC32XXDMAObjects                       
20011e54  uartCC32XXObjects0                        
20011f58  uartCC32XXObjects1                        
2001200c  GlobalLockObj                             
20012038  g_SlInternalSpawnCB                       
20012060  g_ucConnectionSSID                        
20012084  motoruartParams                           
200121e8  MQTTClient_Lib_CB                         
200121f8  DeviceCB                                  
20012204  MqttClientExmple_params                   
20012210  Msg                                       
2001221c  encoder_params                            
20012240  g_ucConnectionBSSID                       
20012248  parmbuf                                   
20012250  spiCC32XXSDMAscratchBuf                   
20012258  udmaCC3220SObject                         
20012274  encoder_timer                             
20012278  g_PBQueue                                 
2001227c  g_timer                                   
20012280  masterSpi                                 
20012284  motoruart                                 
20012288  moving_queue_handler                      
2001228c  publishQueue                              
20012290  speed_queue_handler                       
20012294  spiEncoder_queue_handler                  
20012298  subscribeQueue                            
2001229c  MQTTClient_waitSecs                       
2001229e  g_usConnectIndex                          
200122a0  RxIrqCnt                                  
200122a4  HwiP_dispatchTable                        
20012aa4  PowerCC32XX_module                        
20012c10  parkInfo                                  
20012d08  _ftable                                   
20012df8  _device                                   
20012e70  SlNetIfConfigWifi                         
20012ec8  _stream                                   
20012f18  gpioCallbackFunctions                     
20012f58  gpioPinConfigs                            
20012f98  gApConnectionState                        
20012f9c  gInitState                                
20012fa0  memPtrCounterfree                         
20012fa4  gResetApplication                         
20012fa8  g_rx_task_hndl                            
20012fac  gUiConnFlag                               
20012fb0  ClientUsername                            
20012fb4  ClientPassword                            
20012fb8  publish_topic0                            
20012fbc  publish_topic1                            
20012fc0  publish_topic2                            
20012fc4  mqttThread                                
20012fc8  appThread                                 
20012fcc  publishThread                             
20012fd0  subscribeThread                           
20013009  lineBreak                                 
2001300c  pxCurrentTCB                              
20013040  MQTTClient_net                            
20013068  g_LibsEvents                              
2001308c  g_UserEvents                              
200130d0  Mqtt_ClientCtx                            
2001313c  __TI_ft_end                               
20013140  __aeabi_stdin                             
20013144  __aeabi_stdout                            
20013148  __aeabi_stderr                            
2001314c  topic                                     
2001315c  ClientId                                  
2001316c  __TI_cleanup_ptr                          
20013170  __TI_dtors_ptr                            
20013174  __TI_enable_exit_profile_output           
20013178  SecurityParams                            
200131a8  g_ulStaIp                                 
200131ac  g_ulGatewayIP                             
200131b0  g_ulStatus                                
200131c0  gGlobalLockCntRequested                   
200131c1  gGlobalLockCntReleased                    
200131c2  g_SlDeviceStatus                          
200131c4  g_pCB                                     
200131c8  pPingCallBackFunc                         
200131cc  will_param                                
200131f0  MQTTClient_closeContext                   
200131f4  MQTTClient_clientContext                  
200131f8  MQTTClient_multiSrvConn                   
200131fc  _lock                                     
20013200  _unlock                                   
20013204  MQTTClient_clientCfg                      
20013234  MQTTClient_connectCfg                     
20013244  qos                                       
20013248  g_intHandle                               
2003fc00  __stack                                   
20040000  __STACK_END                               
ffffffff  __TI_pprof_out_hndl                       
ffffffff  __TI_prof_data_size                       
ffffffff  __TI_prof_data_start                      
ffffffff  __binit__                                 
ffffffff  __c_args__                                
ffffffff  binit                                     
UNDEFED   __mpu_init                                
UNDEFED   _system_post_cinit                        

[832 symbols]
