******************************************************************************
                  TI ARM Linker PC v20.2.0                     
******************************************************************************
>> Linked Thu May  7 15:20:39 2020

OUTPUT FILE NAME:   <mqtt_client_CC3220SF_LAUNCHXL_freertos_ccs.out>
ENTRY POINT SYMBOL: "resetISR"  address: 010188a1


MEMORY CONFIGURATION

         name            origin    length      used     unused   attr    fill
----------------------  --------  ---------  --------  --------  ----  --------
  FLASH_HDR             01000000   000007ff  00000000  000007ff  R  X
  FLASH                 01000800   000ff800  00019850  000e5fb0  R  X
  SRAM                  20000000   00040000  00013045  0002cfbb  RW X


SEGMENT ALLOCATION MAP

run origin  load origin   length   init length attrs members
----------  ----------- ---------- ----------- ----- -------
01000800    01000800    00019858   00019858    r-x
  01000800    01000800    00000040   00000040    r-- .resetVecs
  01000840    01000840    00018674   00018674    r-x .text
  01018eb8    01018eb8    00000fb4   00000fb4    r-- .const
  01019e70    01019e70    000001e8   000001e8    r-- .cinit
20000400    20000400    0001293c   00000000    rw-
  20000400    20000400    00011bed   00000000    rw- .bss
  20011ff0    20011ff0    00000d4c   00000000    rw- .data
2003fc00    2003fc00    00000400   00000000    rw-
  2003fc00    2003fc00    00000400   00000000    rw- .stack


SECTION ALLOCATION MAP

 output                                  attributes/
section   page    origin      length       input sections
--------  ----  ----------  ----------   ----------------
.resetVecs 
*          0    01000800    00000040     
                  01000800    00000040     freertos_builds_CC3220SF_LAUNCHXL_release_ccs.lib : startup_cc32xx_ccs.obj (.resetVecs:retain)

.text      0    01000840    00018674     
                  01000840    00000a4e     rtsv7M4_T_le_eabi.lib : _printfi.c.obj (.text:__TI_printfi)
                  0100128e    00000002     ti_drivers_config.obj (.text:Board_initHook)
                  01001290    000008cc     simplelink.a : driver.obj (.text:_SlDrvMsgRead)
                  01001b5c    000006e0     jsmn.obj (.text:json_parser_process)
                  0100223c    000004bc     simplelink.a : sl_socket.obj (.text:_SlSocketHandleAsync_Select)
                  010026f8    0000042c     driverlib.a : prcm.obj (.text:PRCMCC3200MCUInit)
                  01002b24    00000384     simplelink.a : driver.obj (.text:_SlDrvMsgWrite)
                  01002ea8    0000036c     mqtt_client_app.obj (.text:publish_thread)
                  01003214    00000320     network_if.obj (.text:Network_IF_ConnectAP)
                  01003534    0000031c     jsmn.obj (.text:jsmn_parse)
                  01003850    000002e0     simplelink.a : driver.obj (.text:_SlDrvWaitForPoolObj)
                  01003b30    000002d8                  : driver.obj (.text:_SlDrvRxHdrRead)
                  01003e08    000002b4                  : sl_socket.obj (.text:sl_Select)
                  010040bc    00000294                  : driver.obj (.text:_SlDrvReleasePoolObj)
                  01004350    0000028d     network_if.obj (.text:SimpleLinkSockEventHandler)
                  010045dd    00000001     --HOLE-- [fill = 0]
                  010045de    00000002     driverlib.a : interrupt.obj (.text:IntDefaultHandler)
                  010045e0    00000280     drivers_cc32xx.aem4 : UARTCC32XX.oem4 (.text:UARTCC32XX_open)
                  01004860    0000027c     mqtt_client_app.obj (.text:MqttClient_start)
                  01004adc    0000027c     simplelink.a : wlan.obj (.text:sl_WlanConnect)
                  01004d58    00000278     freertos_builds_CC3220SF_LAUNCHXL_release_ccs.lib : mqueue.obj (.text:mq_open)
                  01004fd0    00000268     rtsv7M4_T_le_eabi.lib : _printfi.c.obj (.text:_pconv_a)
                  01005238    00000264     network_if.obj (.text:Network_IF_InitDriver)
                  0100549c    0000025c     simplelink.a : driver.obj (.text:_SlDrvDataReadOp)
                  010056f8    00000224                  : driver.obj (.text:_SlDrvDriverCBInit)
                  0100591c    00000218                  : driver.obj (.text:_SlDrvDataWriteOp)
                  01005b34    00000210     client_cbs.obj (.text:MqttClientCallback)
                  01005d44    000001f4     simplelink.a : driver.obj (.text:_SlDrvMsgReadCmdCtx)
                  01005f38    000001f2                  : netapp.obj (.text:_SlNetAppEventHandler)
                  0100612a    00000002     freertos_builds_CC3220SF_LAUNCHXL_release_ccs.lib : PowerCC32XX_freertos.obj (.text:PowerCC32XX_initPolicy)
                  0100612c    000001e4     drivers_cc32xx.aem4 : GPIOCC32XX.oem4 (.text:GPIO_setConfig)
                  01006310    000001e4     encoder_state.obj (.text:update_encoder_state)
                  010064f4    000001e1     network_if.obj (.text:SimpleLinkFatalErrorEventHandler)
                  010066d5    00000001     --HOLE-- [fill = 0]
                  010066d6    00000002     drivers_cc32xx.aem4 : TimerCC32XX.oem4 (.text:TimerCC32XX_init)
                  010066d8    000001e0     pid_thread.obj (.text:pid_thread)
                  010068b8    000001d8     network_if.obj (.text:SimpleLinkWlanEventHandler)
                  01006a90    000001d0     drivers_cc32xx.aem4 : SPICC32XXDMA.oem4 (.text:SPICC32XXDMA_transfer)
                  01006c60    000001d0     freertos_builds_CC3220SF_LAUNCHXL_release_ccs.lib : queue.obj (.text:xQueueSemaphoreTake)
                  01006e30    000001cc     rtsv7M4_T_le_eabi.lib : _printfi.c.obj (.text:_pconv_g)
                  01006ffc    000001cc     mqtt_client_app.obj (.text:mainThread)
                  010071c8    000001c8     simplelink.a : device.obj (.text:sl_Stop)
                  01007390    000001b8     drivers_cc32xx.aem4 : SPICC32XXDMA.oem4 (.text:configDMA)
                  01007548    000001b8     freertos_builds_CC3220SF_LAUNCHXL_release_ccs.lib : queue.obj (.text:xQueueGenericSend)
                  01007700    000001b6     rtsv7M4_T_le_eabi.lib : fd_add_t2.asm.obj (.text)
                  010078b6    00000002     drivers_cc32xx.aem4 : UARTCC32XX.oem4 (.text:UARTCC32XX_init)
                  010078b8    000001b4     simplelink.a : driver.obj (.text:_SlDrvReleaseAllActivePendingPoolObj)
                  01007a6c    000001b0     freertos_builds_CC3220SF_LAUNCHXL_release_ccs.lib : PowerCC32XX_freertos.obj (.text:PowerCC32XX_sleepPolicy)
                  01007c1c    000001a8     simplelink.a : sl_socket.obj (.text:sl_Accept)
                  01007dc4    00000198     slnetsock_release.a : slnetsock.oem4 (.text:SlNetSock_select)
                  01007f5c    00000190     simplelink.a : sl_socket.obj (.text:_SlDrvRegisterForSelectAsync)
                  010080ec    0000018c     jsmn.obj (.text:jsmn_parse_string)
                  01008278    00000184     simplelink.a : driver.obj (.text:_SlDrvFindAndSetActiveObj)
                  010083fc    00000180     mqtt_client_app.obj (.text:MqttClient)
                  0100857c    00000180     network_if.obj (.text:SimpleLinkNetAppEventHandler)
                  010086fc    0000017c     freertos_builds_CC3220SF_LAUNCHXL_release_ccs.lib : heap_4.obj (.text:pvPortMalloc)
                  01008878    0000017c                                                       : queue.obj (.text:xQueueReceive)
                  010089f4    0000017a     mqtt_client_app.obj (.text:calculate_publish_checksum)
                  01008b6e    00000002     freertos_builds_CC3220SF_LAUNCHXL_release_ccs.lib : startup_cc32xx_ccs.obj (.text:busFaultHandler)
                  01008b70    00000178     simplelink.a : sl_socket.obj (.text:sl_Connect)
                  01008ce8    00000170                  : netapp.obj (.text:sl_NetAppDnsGetHostByName)
                  01008e58    00000164     freertos_builds_CC3220SF_LAUNCHXL_release_ccs.lib : timers.obj (.text:prvProcessReceivedCommands)
                  01008fbc    00000160     mqtt_release.a : mqtt_net_func.oem4 (.text:createSocket)
                  0100911c    00000158     drivers_cc32xx.aem4 : SPICC32XXDMA.oem4 (.text:SPICC32XXDMA_open)
                  01009274    00000154     mqtt_release.a : mqttclient.oem4 (.text:MQTTClient_connect)
                  010093c8    00000154     simplelink.a : sl_socket.obj (.text:sl_RecvFrom)
                  0100951c    0000014c     rtsv7M4_T_le_eabi.lib : vla_alloc.c.obj (.text:__vla_alloc)
                  01009668    00000148     simplelink.a : sl_socket.obj (.text:_SlDrvGetNextTimeoutValue)
                  010097b0    00000148     drivers_cc32xx.aem4 : PowerCC32XX.oem4 (.text:parkPins)
                  010098f8    00000148     simplelink.a : sl_socket.obj (.text:sl_StartTLS)
                  01009a40    00000140                  : driver.obj (.text:_SlDrvMsgReadSpawnCtx)
                  01009b80    00000140     encoder_thread.obj (.text:setup_encoders)
                  01009cc0    00000140     freertos_builds_CC3220SF_LAUNCHXL_release_ccs.lib : tasks.obj (.text:xTaskIncrementTick)
                  01009e00    0000013c     simplelink.a : driver.obj (.text:_SlDrvDriverCBDeinit)
                  01009f3c    0000013c     rtsv7M4_T_le_eabi.lib : _printfi.c.obj (.text:_pconv_e)
                  0100a078    00000138     drivers_cc32xx.aem4 : PowerCC32XX.oem4 (.text:Power_sleep)
                  0100a1b0    00000138     simplelink.a : driver.obj (.text:_SlSpawnMsgListInsert)
                  0100a2e8    00000138     freertos_builds_CC3220SF_LAUNCHXL_release_ccs.lib : pthread.obj (.text:pthread_create)
                  0100a420    00000136     rtsv7M4_T_le_eabi.lib : fd_div_t2.asm.obj (.text)
                  0100a556    00000002     freertos_builds_CC3220SF_LAUNCHXL_release_ccs.lib : startup_cc32xx_ccs.obj (.text:defaultHandler)
                  0100a558    00000134     simplelink.a : sl_socket.obj (.text:_SlSocketHandleAsync_StartTLS)
                  0100a68c    00000128     drivers_cc32xx.aem4 : TimerCC32XX.oem4 (.text:TimerCC32XX_open)
                  0100a7b4    00000128     simplelink.a : driver.obj (.text:_SlDrvClassifyRxMsg)
                  0100a8dc    00000128     freertos_builds_CC3220SF_LAUNCHXL_release_ccs.lib : tasks.obj (.text:prvInitialiseNewTask)
                  0100aa04    00000124     simplelink.a : fs.obj (.text:sl_FsOpen)
                  0100ab28    00000120     mqtt_client_app.obj (.text:Mqtt_start)
                  0100ac48    00000120     drivers_cc32xx.aem4 : UARTCC32XX.oem4 (.text:UARTCC32XX_close)
                  0100ad68    00000120     simplelink.a : driver.obj (.text:_SlDrvAsyncEventGenericHandler)
                  0100ae88    00000120     rtsv7M4_T_le_eabi.lib : _printfi.c.obj (.text:fcvt)
                  0100afa8    00000120     main_freertos.obj (.text:main)
                  0100b0c8    0000011c     simplelink.a : device.obj (.text:sl_Start)
                  0100b1e4    0000011c     freertos_builds_CC3220SF_LAUNCHXL_release_ccs.lib : tasks.obj (.text:xTaskResumeAll)
                  0100b300    00000118     simplelink.a : netapp.obj (.text:_SlNetAppHandleAsync_DnsGetHostByService)
                  0100b418    00000112     mqtt_release.a : mqtt_common.oem4 (.text:MQTT_PacketRecv)
                  0100b52a    00000002     freertos_builds_CC3220SF_LAUNCHXL_release_ccs.lib : startup_cc32xx_ccs.obj (.text:faultISR)
                  0100b52c    00000110     rtsv7M4_T_le_eabi.lib : strtoul.c.obj (.text:strtoul)
                  0100b63c    0000010a     freertos_builds_CC3220SF_LAUNCHXL_release_ccs.lib : queue.obj (.text:xQueueGenericSendFromISR)
                  0100b746    00000002                                                       : startup_cc32xx_ccs.obj (.text:nmiISR)
                  0100b748    00000108     slnetsock_release.a : slnetutils.oem4 (.text:SlNetUtil_str2BinIpV6)
                  0100b850    00000104     simplelink.a : device.obj (.text:_SlDeviceEventHandler)
                  0100b954    00000104                  : driver.obj (.text:_SlDrvCmdOp)
                  0100ba58    00000104     freertos_builds_CC3220SF_LAUNCHXL_release_ccs.lib : tasks.obj (.text:vTaskPriorityDisinheritAfterTimeout)
                  0100bb5c    00000100     simplelink.a : driver.obj (.text:_SlDrvObjGlobalLockWaitForever)
                  0100bc5c    00000100                  : fs.obj (.text:sl_FsWrite)
                  0100bd5c    00000100     freertos_builds_CC3220SF_LAUNCHXL_release_ccs.lib : tasks.obj (.text:vTaskDelete)
                  0100be5c    000000fc     rtsv7M4_T_le_eabi.lib : fd_mul_t2.asm.obj (.text)
                  0100bf58    000000fc     freertos_builds_CC3220SF_LAUNCHXL_release_ccs.lib : tasks.obj (.text:vTaskSuspend)
                  0100c054    000000f8     mqtt_release.a : mqttclient.oem4 (.text:MqttClientCtxCreate)
                  0100c14c    000000f8     slnetifwifi.a : slnetifwifi.obj (.text:SlNetIfWifi_loadSecObj)
                  0100c244    000000f8     simplelink.a : sl_socket.obj (.text:sl_Close)
                  0100c33c    000000f8     mqtt_release.a : client_core.oem4 (.text:utf8ArraySend)
                  0100c434    000000f6                    : mqtt_net_func.oem4 (.text:MQTTNet_commOpen)
                  0100c52a    00000002     rtsv7M4_T_le_eabi.lib : div0.asm.obj (.text)
                  0100c52c    000000f4     mqtt_client_app.obj (.text:Mqtt_IF_Connect)
                  0100c620    000000f4     simplelink.a : sl_socket.obj (.text:sl_SendTo)
                  0100c714    000000f2     drivers_cc32xx.aem4 : SPICC32XXDMA.oem4 (.text:SPICC32XXDMA_transferCancel)
                  0100c806    000000f2                         : UARTCC32XX.oem4 (.text:UARTCC32XX_control)
                  0100c8f8    000000f0     motor_thread.obj (.text:motor_thread)
                  0100c9e8    000000f0     freertos_builds_CC3220SF_LAUNCHXL_release_ccs.lib : queue.obj (.text:xQueueGiveFromISR)
                  0100cad8    000000e4     slnetsock_release.a : slnetif.oem4 (.text:SlNetIf_add)
                  0100cbbc    000000e0     freertos_builds_CC3220SF_LAUNCHXL_release_ccs.lib : tasks.obj (.text:xTaskPriorityDisinherit)
                  0100cc9c    000000de     mqtt_release.a : client_core.oem4 (.text:connectMsgSend)
                  0100cd7a    00000002     --HOLE-- [fill = 0]
                  0100cd7c    000000dc     freertos_builds_CC3220SF_LAUNCHXL_release_ccs.lib : tasks.obj (.text:vTaskSwitchContext)
                  0100ce58    000000d8     uart_term.obj (.text:GetCmd)
                  0100cf30    000000d8     drivers_cc32xx.aem4 : SPICC32XXDMA.oem4 (.text:SPICC32XXDMA_close)
                  0100d008    000000d8     simplelink.a : device.obj (.text:_SlDeviceHandleAsync_InitComplete)
                  0100d0e0    000000d8                  : driver.obj (.text:_SlDrvWaitForInternalAsyncEvent)
                  0100d1b8    000000d8                  : netapp.obj (.text:_SlNetAppHandleAsync_NetAppReceive)
                  0100d290    000000d8     freertos_builds_CC3220SF_LAUNCHXL_release_ccs.lib : queue.obj (.text:xQueueReceiveFromISR)
                  0100d368    000000d4                                                       : mqueue.obj (.text:mq_timedsend)
                  0100d43c    000000d4                                                       : tasks.obj (.text:xTaskPriorityInherit)
                  0100d510    000000d0     simplelink.a : driver.obj (.text:_SlDrvRemoveFromList)
                  0100d5e0    000000d0     rtsv7M4_T_le_eabi.lib : s_scalbn.c.obj (.text:scalbn)
                  0100d6b0    000000cc     mqtt_release.a : mqttclient.oem4 (.text:processNotifyAckCB)
                  0100d77c    000000ca     drivers_cc32xx.aem4 : UARTCC32XX.oem4 (.text:UARTCC32XX_write)
                  0100d846    000000c8     jsmn.obj (.text:jsmn_parse_primitive)
                  0100d90e    000000c8     drivers_cc32xx.aem4 : SPICC32XXDMA.oem4 (.text:spiHwiFxn)
                  0100d9d6    00000002     --HOLE-- [fill = 0]
                  0100d9d8    000000c4                         : GPIOCC32XX.oem4 (.text:GPIO_init)
                  0100da9c    000000c4     freertos_builds_CC3220SF_LAUNCHXL_release_ccs.lib : tasks.obj (.text:prvAddNewTaskToReadyList)
                  0100db60    000000c0     mqtt_release.a : mqttclient.oem4 (.text:MqttClientSub)
                  0100dc20    000000c0     simplelink.a : cc_pal.obj (.text:NwpPowerOff)
                  0100dce0    000000c0     drivers_cc32xx.aem4 : PowerCC32XX.oem4 (.text:restoreParkedPins)
                  0100dda0    000000c0     simplelink.a : netcfg.obj (.text:sl_NetCfgGet)
                  0100de60    000000c0     freertos_builds_CC3220SF_LAUNCHXL_release_ccs.lib : port.obj (.text:xPortStartScheduler)
                  0100df20    000000bc     pid_queue.obj (.text:PID_Queue_read)
                  0100dfdc    000000bc     simplelink.a : netapp.obj (.text:_SlNetAppSendResponse)
                  0100e098    000000bc     mqtt_release.a : client_core.oem4 (.text:clCtxConnStateTryLocked)
                  0100e154    000000bc     freertos_builds_CC3220SF_LAUNCHXL_release_ccs.lib : queue.obj (.text:prvCopyDataToQueue)
                  0100e210    000000bc                                                       : heap_4.obj (.text:prvHeapInit)
                  0100e2cc    000000bc                                                       : timers.obj (.text:prvSwitchTimerLists)
                  0100e388    000000bc     simplelink.a : sl_socket.obj (.text:sl_Send)
                  0100e444    000000ba     drivers_cc32xx.aem4 : UARTCC32XX.oem4 (.text:UARTCC32XX_readPolling)
                  0100e4fe    00000002     --HOLE-- [fill = 0]
                  0100e500    000000ba     freertos_builds_CC3220SF_LAUNCHXL_release_ccs.lib : portasm.obj (.text)
                  0100e5ba    00000002     --HOLE-- [fill = 0]
                  0100e5bc    000000b8     simplelink.a : netapp.obj (.text:_SlNetAppHandleAsync_DnsGetHostByName)
                  0100e674    000000b8                  : netapp.obj (.text:_SlNetAppHandleAsync_PingResponse)
                  0100e72c    000000b8     drivers_cc32xx.aem4 : UARTCC32XX.oem4 (.text:initHw)
                  0100e7e4    000000b8     simplelink.a : wlan.obj (.text:sl_WlanGet)
                  0100e89c    000000b8     freertos_builds_CC3220SF_LAUNCHXL_release_ccs.lib : queue.obj (.text:xQueueGenericReset)
                  0100e954    000000b6     drivers_cc32xx.aem4 : UARTCC32XX.oem4 (.text:readTaskCallback)
                  0100ea0a    00000002     --HOLE-- [fill = 0]
                  0100ea0c    000000b4     mqtt_release.a : mqttclient.oem4 (.text:MqttClient_send)
                  0100eac0    000000b4     simplelink.a : driver.obj (.text:_SlDrvHandleFatalError)
                  0100eb74    000000b4                  : netutil.obj (.text:_SlNetUtilHandleAsync_Cmd)
                  0100ec28    000000b4     freertos_builds_CC3220SF_LAUNCHXL_release_ccs.lib : clock.obj (.text:_clock_abstime2ticks)
                  0100ecdc    000000b4     simplelink.a : sl_socket.obj (.text:sl_GetSockOpt)
                  0100ed90    000000b1     rtsv7M4_T_le_eabi.lib : _printfi.c.obj (.text:_ltostr)
                  0100ee41    00000003     --HOLE-- [fill = 0]
                  0100ee44    000000b0     slnetifwifi.a : slnetifwifi.obj (.text:SlNetIfWifi_getSockOpt)
                  0100eef4    000000b0     freertos_builds_CC3220SF_LAUNCHXL_release_ccs.lib : tasks.obj (.text:prvAddCurrentTaskToDelayedList)
                  0100efa4    000000b0     drivers_cc32xx.aem4 : UARTCC32XX.oem4 (.text:readTaskBlocking)
                  0100f054    000000b0     freertos_builds_CC3220SF_LAUNCHXL_release_ccs.lib : tasks.obj (.text:xTaskCheckForTimeOut)
                  0100f104    000000ae     slnetifwifi.a : slnetifwifi.obj (.text:matchModeByRole)
                  0100f1b2    000000ae     freertos_builds_CC3220SF_LAUNCHXL_release_ccs.lib : queue.obj (.text:prvUnlockQueue)
                  0100f260    000000ae     drivers_cc32xx.aem4 : UARTCC32XX.oem4 (.text:readIsrTextBlocking)
                  0100f30e    00000002     --HOLE-- [fill = 0]
                  0100f310    000000ac     simplelink.a : sl_socket.obj (.text:_SlSocketHandleAsync_Close)
                  0100f3bc    000000ac                  : sl_socket.obj (.text:_SlSocketHandleAsync_Connect)
                  0100f468    000000ac     freertos_builds_CC3220SF_LAUNCHXL_release_ccs.lib : clock.obj (.text:clock_gettime)
                  0100f514    000000a8     driverlib.a : interrupt.obj (.text:IntDisable)
                  0100f5bc    000000a8                 : interrupt.obj (.text:IntEnable)
                  0100f664    000000a8     network_if.obj (.text:Network_IF_IpConfigGet)
                  0100f70c    000000a8     driverlib.a : prcm.obj (.text:PRCMPeripheralClockGet)
                  0100f7b4    000000a8     drivers_cc32xx.aem4 : PowerCC32XX.oem4 (.text:PowerCC32XX_configureWakeup)
                  0100f85c    000000a8     freertos_builds_CC3220SF_LAUNCHXL_release_ccs.lib : heap_4.obj (.text:prvInsertBlockIntoFreeList)
                  0100f904    000000a8     simplelink.a : fs.obj (.text:sl_FsClose)
                  0100f9ac    000000a8     freertos_builds_CC3220SF_LAUNCHXL_release_ccs.lib : heap_4.obj (.text:vPortFree)
                  0100fa54    000000a8                                                       : tasks.obj (.text:xTaskRemoveFromEventList)
                  0100fafc    000000a6     uart_term.obj (.text:Report)
                  0100fba2    000000a6     simplelink.a : driver.obj (.text:_SlDrvIsTimeoutExpired)
                  0100fc48    000000a6     statistics_thread.obj (.text:statistics_thread)
                  0100fcee    00000002     --HOLE-- [fill = 0]
                  0100fcf0    000000a4     mqtt_release.a : mqttclient.oem4 (.text:MQTTClient_create)
                  0100fd94    000000a4                    : mqttclient.oem4 (.text:MqttClientConfig)
                  0100fe38    000000a4     publish_queue.obj (.text:Publish_Queue_read)
                  0100fedc    000000a4     simplelink.a : sl_socket.obj (.text:sl_Bind)
                  0100ff80    000000a2     drivers_cc32xx.aem4 : UARTCC32XX.oem4 (.text:readIsrTextCallback)
                  01010022    000000a2                         : UARTCC32XX.oem4 (.text:writeData)
                  010100c4    000000a0     freertos_builds_CC3220SF_LAUNCHXL_release_ccs.lib : ClockP_freertos.obj (.text:ClockP_create)
                  01010164    000000a0     simplelink.a : fs.obj (.text:FsGetCreateFsMode)
                  01010204    000000a0                  : sl_socket.obj (.text:_SlDrvUnRegisterForSelectAsync)
                  010102a4    000000a0                  : driver.obj (.text:_SlSpawnMsgListProcess)
                  01010344    0000009e                  : cc_pal.obj (.text:spi_Read)
                  010103e2    0000009e                  : cc_pal.obj (.text:spi_Write)
                  01010480    0000009c     mqtt_release.a : client_core.oem4 (.text:MQTTClientCore_initLib)
                  0101051c    0000009c                    : client_core.oem4 (.text:MQTTClientCore_sendPubMsg)
                  010105b8    0000009c                    : client_core.oem4 (.text:_msgDispatch)
                  01010654    0000009c     rtsv7M4_T_le_eabi.lib : memcpy_t2.asm.obj (.text)
                  010106f0    0000009a     mqtt_release.a : client_core.oem4 (.text:procPubMsgRx)
                  0101078a    00000098     uart_term.obj (.text:TrimSpace)
                  01010822    00000002     --HOLE-- [fill = 0]
                  01010824    00000098     drivers_cc32xx.aem4 : GPIOCC32XX.oem4 (.text:powerNotifyFxn)
                  010108bc    00000096     mqtt_release.a : mqtt_net_func.oem4 (.text:MQTTNet_tcpSelect)
                  01010952    00000096     rtsv7M4_T_le_eabi.lib : ull_div_t2.asm.obj (.text)
                  010109e8    00000094     simplelink.a : cc_pal.obj (.text:Semaphore_pend_handle)
                  01010a7c    00000094     drivers_cc32xx.aem4 : SPICC32XXDMA.oem4 (.text:initHw)
                  01010b10    00000094     pid_thread.obj (.text:pid_convert)
                  01010ba4    00000094     freertos_builds_CC3220SF_LAUNCHXL_release_ccs.lib : tasks.obj (.text:vTaskStartScheduler)
                  01010c38    00000092     slnetsock_release.a : slnetsock.oem4 (.text:SlNetSock_create)
                  01010cca    00000002     --HOLE-- [fill = 0]
                  01010ccc    00000090                         : slnetsock.oem4 (.text:SlNetSock_getVirtualSdConf)
                  01010d5c    00000090     simplelink.a : device.obj (.text:_SlDeviceHandleAsync_Stop)
                  01010dec    00000090                  : sl_socket.obj (.text:_SlSocketHandleAsync_Accept)
                  01010e7c    00000090     mqtt_release.a : mqttclient.oem4 (.text:processPublishRxCB)
                  01010f0c    00000090     drivers_cc32xx.aem4 : PowerCC32XX.oem4 (.text:restoreNVICRegs)
                  01010f9c    0000008c     mqtt_release.a : client_core.oem4 (.text:MQTTClientCore_createCtx)
                  01011028    0000008c     slnetsock_release.a : slnetsock.oem4 (.text:SlNetSock_accept)
                  010110b4    0000008c     simplelink.a : driver.obj (.text:_SlDrvDriverIsApiAllowed)
                  01011140    0000008c                  : driver.obj (.text:_SlDrvProtectAsyncRespSetting)
                  010111cc    0000008c     freertos_builds_CC3220SF_LAUNCHXL_release_ccs.lib : clock.obj (.text:_clock_gettimeMono)
                  01011258    0000008c     simplelink.a : sl_socket.obj (.text:sl_Recv)
                  010112e4    00000088     driverlib.a : pin.obj (.text:PinConfigSet)
                  0101136c    00000088     drivers_cc32xx.aem4 : TimerCC32XX.oem4 (.text:TimerCC32XX_setPeriod)
                  010113f4    00000088     freertos_builds_CC3220SF_LAUNCHXL_release_ccs.lib : mqueue.obj (.text:mq_receive)
                  0101147c    00000088     mqtt_release.a : client_core.oem4 (.text:procConnackRx)
                  01011504    00000088     freertos_builds_CC3220SF_LAUNCHXL_release_ccs.lib : timers.obj (.text:prvProcessTimerOrBlockTask)
                  0101158c    00000088     simplelink.a : eventreg.obj (.text:sl_UnregisterLibsEventHandler)
                  01011614    00000088     mqtt_release.a : client_core.oem4 (.text:wrConnectPayload)
                  0101169c    00000086     rtsv7M4_T_le_eabi.lib : fd_cmp_t2.asm.obj (.text:__aeabi_cdcmple)
                  01011722    00000086                           : fd_cmp_t2.asm.obj (.text:__aeabi_cdrcmple)
                  010117a8    00000084     drivers_cc32xx.aem4 : PowerCC32XX.oem4 (.text:Power_init)
                  0101182c    00000084     slnetifwifi.a : slnetifwifi.obj (.text:SlNetIfWifi_sockstartSec)
                  010118b0    00000084     slnetsock_release.a : slnetutils.oem4 (.text:SlNetUtil_getHostByName)
                  01011934    00000084     encoder_thread.obj (.text:encoder_thread)
                  010119b8    00000084     mqtt_release.a : client_core.oem4 (.text:mqpSetupProcCtxDataRecv)
                  01011a3c    00000084     drivers_cc32xx.aem4 : PowerCC32XX.oem4 (.text:saveNVICRegs)
                  01011ac0    00000084     simplelink.a : sl_socket.obj (.text:sl_SetSockOpt)
                  01011b44    00000084     freertos_builds_CC3220SF_LAUNCHXL_release_ccs.lib : timers.obj (.text:xTimerGenericCommand)
                  01011bc8    00000083     mqtt_client_app.obj (.text:calculate_receive_checksum)
                  01011c4b    00000001     --HOLE-- [fill = 0]
                  01011c4c    00000080     drivers_cc32xx.aem4 : PowerCC32XX.oem4 (.text:Power_setDependency)
                  01011ccc    00000080     mqtt_release.a : client_core.oem4 (.text:clCtxPartSend)
                  01011d4c    00000080     freertos_builds_CC3220SF_LAUNCHXL_release_ccs.lib : timers.obj (.text:prvProcessExpiredTimer)
                  01011dcc    0000007c     drivers_cc32xx.aem4 : UDMACC32XX.oem4 (.text:UDMACC32XX_open)
                  01011e48    0000007c     mqtt_release.a : client_core.oem4 (.text:procCtxDataRecv)
                  01011ec4    0000007c     drivers_cc32xx.aem4 : UARTCC32XX.oem4 (.text:readIsrBinaryBlocking)
                  01011f40    0000007a     freertos_builds_CC3220SF_LAUNCHXL_release_ccs.lib : pthread.obj (.text:removeThreadKeys)
                  01011fba    0000007a     rtsv7M4_T_le_eabi.lib : memset_t2.asm.obj (.text)
                  01012034    0000007a     freertos_builds_CC3220SF_LAUNCHXL_release_ccs.lib : tasks.obj (.text:xTaskCreate)
                  010120ae    00000002     --HOLE-- [fill = 0]
                  010120b0    00000078     drivers_cc32xx.aem4 : GPIOCC32XX.oem4 (.text:GPIO_hwiIntFxn)
                  01012128    00000078     mqtt_release.a : mqtt_net_func.oem4 (.text:MQTTNet_recvFrom)
                  010121a0    00000078     drivers_cc32xx.aem4 : TimerCC32XX.oem4 (.text:TimerCC32XX_start)
                  01012218    00000078     rtsv7M4_T_le_eabi.lib : vla_alloc.c.obj (.text:_ZN33_INTERNAL_11_vla_alloc_c_be8bd49b21free_dead_allocationsEPv)
                  01012290    00000078     freertos_builds_CC3220SF_LAUNCHXL_release_ccs.lib : timers.obj (.text:prvInsertTimerInActiveList)
                  01012308    00000078     drivers_cc32xx.aem4 : UARTCC32XX.oem4 (.text:readIsrBinaryCallback)
                  01012380    00000078     simplelink.a : sl_socket.obj (.text:sl_Socket)
                  010123f8    00000074     mqtt_release.a : mqtt_net_func.oem4 (.text:MQTTNet_tcpAccept)
                  0101246c    00000074     slnetsock_release.a : slnetsock.oem4 (.text:SlNetSock_AllocVirtualSocket)
                  010124e0    00000074     drivers_cc32xx.aem4 : UARTCC32XX.oem4 (.text:UARTCC32XX_hwiIntFxn)
                  01012554    00000074     mqtt_release.a : client_core.oem4 (.text:groupCtxsRxPrep)
                  010125c8    00000074     freertos_builds_CC3220SF_LAUNCHXL_release_ccs.lib : tasks.obj (.text:prvInitialiseTaskLists)
                  0101263c    00000074                                                       : pthread_mutex.obj (.text:pthread_mutex_init)
                  010126b0    00000074                                                       : port.obj (.text:vPortValidateInterruptPriority)
                  01012724    00000072     mqtt_release.a : mqtt_common.oem4 (.text:MQTT_packetProcPubRx)
                  01012796    00000002     --HOLE-- [fill = 0]
                  01012798    00000070     slnetsock_release.a : slnetsock.oem4 (.text:SlNetSock_secAttribSet)
                  01012808    00000070     simplelink.a : driver.obj (.text:_SlDrvCmdSend_noLock)
                  01012878    00000070     rtsv7M4_T_le_eabi.lib : vla_alloc.c.obj (.text:__vla_dealloc)
                  010128e8    00000070     freertos_builds_CC3220SF_LAUNCHXL_release_ccs.lib : ClockP_freertos.obj (.text:setClockObjTimeout)
                  01012958    0000006e     rtsv7M4_T_le_eabi.lib : _printfi.c.obj (.text:_mcpy)
                  010129c6    00000002     --HOLE-- [fill = 0]
                  010129c8    0000006c     mqtt_release.a : mqttclient.oem4 (.text:MQTTClient_run)
                  01012a34    0000006c     slnetsock_release.a : slnetutils.oem4 (.text:SlNetUtil_str2BinIpV4)
                  01012aa0    0000006c     simplelink.a : device.obj (.text:_SlDeviceHandleResetRequestInternally)
                  01012b0c    0000006c                  : sl_socket.obj (.text:_SlDrvOpenCtrlSocket)
                  01012b78    0000006c                  : netapp.obj (.text:_SlNetAppSendTokenValue)
                  01012be4    0000006a     mqtt_release.a : mqtt_net_func.oem4 (.text:MQTTNet_sendTo)
                  01012c4e    00000068                    : mqtt_common.oem4 (.text:MQTT_qos2PubCqUnlog)
                  01012cb6    00000002     --HOLE-- [fill = 0]
                  01012cb8    00000068     simplelink.a : driver.obj (.text:_SlSpawnMsgListGetCount)
                  01012d20    00000068     rtsv7M4_T_le_eabi.lib : copy_decompress_lzss.c.obj (.text:decompress:lzss:__TI_decompress_lzss)
                  01012d88    00000068     simplelink.a : cc_pal.obj (.text:spi_Open)
                  01012df0    00000066     drivers_cc32xx.aem4 : UARTCC32XX.oem4 (.text:UARTCC32XX_writeCancel)
                  01012e56    00000066     pid_thread.obj (.text:pid_calculate)
                  01012ebc    00000066     freertos_builds_CC3220SF_LAUNCHXL_release_ccs.lib : timers.obj (.text:prvInitialiseNewTimer)
                  01012f22    00000066                                                       : memory.obj (.text:realloc)
                  01012f88    00000066                                                       : list.obj (.text:vListInsert)
                  01012fee    00000002     --HOLE-- [fill = 0]
                  01012ff0    00000064                                                       : ClockP_freertos.obj (.text:ClockP_stop)
                  01013054    00000064     mqtt_release.a : mqtt_common.oem4 (.text:MQTT_packetPubAppendTopic)
                  010130b8    00000064     drivers_cc32xx.aem4 : PowerCC32XX.oem4 (.text:PowerCC32XX_setParkState)
                  0101311c    00000064     statistics_queue.obj (.text:Statistics_Queue_read)
                  01013180    00000064     freertos_builds_CC3220SF_LAUNCHXL_release_ccs.lib : pthread_mutex.obj (.text:acquireMutex)
                  010131e4    00000064     mqtt_release.a : client_core.oem4 (.text:clientReset)
                  01013248    00000064     debug.obj (.text:debug_code_location)
                  010132ac    00000064     mqtt_release.a : client_core.oem4 (.text:doNetClose)
                  01013310    00000064     freertos_builds_CC3220SF_LAUNCHXL_release_ccs.lib : tasks.obj (.text:prvGetExpectedIdleTime)
                  01013374    00000062     drivers_cc32xx.aem4 : UARTCC32XX.oem4 (.text:UARTCC32XX_writePolling)
                  010133d6    00000002     --HOLE-- [fill = 0]
                  010133d8    00000060     freertos_builds_CC3220SF_LAUNCHXL_release_ccs.lib : HwiPCC32XX_freertos.obj (.text:HwiP_create)
                  01013438    00000060     driverlib.a : prcm.obj (.text:PRCMSysResetCauseGet)
                  01013498    00000060     slnetsock_release.a : slnetsock.oem4 (.text:SlNetSock_recvFrom)
                  010134f8    00000060                         : slnetsock.oem4 (.text:SlNetSock_sendTo)
                  01013558    00000060     freertos_builds_CC3220SF_LAUNCHXL_release_ccs.lib : pthread_mutex.obj (.text:pthread_mutex_unlock)
                  010135b8    00000060                                                       : queue.obj (.text:xQueueGenericCreate)
                  01013618    0000005e     slnetifwifi.a : slnetifwifi.obj (.text:SlNetIfWifi_setSockOpt)
                  01013676    0000005e     freertos_builds_CC3220SF_LAUNCHXL_release_ccs.lib : semaphore.obj (.text:sem_timedwait)
                  010136d4    0000005c     encoder_queue.obj (.text:Encoder_Queue_read)
                  01013730    0000005c     drivers_cc32xx.aem4 : GPIOCC32XX.oem4 (.text:GPIO_setCallback)
                  0101378c    0000005c     mqtt_release.a : mqtt_net_func.oem4 (.text:MQTTNet_tcpListen)
                  010137e8    0000005c     simplelink.a : spawn.obj (.text:_SlInternalSpawn)
                  01013844    0000005c     freertos_builds_CC3220SF_LAUNCHXL_release_ccs.lib : memory.obj (.text:calloc)
                  010138a0    0000005c     rtsv7M4_T_le_eabi.lib : s_frexp.c.obj (.text:frexp)
                  010138fc    0000005c     freertos_builds_CC3220SF_LAUNCHXL_release_ccs.lib : tasks.obj (.text:prvIdleTask)
                  01013958    0000005c                                                       : pthread.obj (.text:pthread_exit)
                  010139b4    0000005c                                                       : queue.obj (.text:vQueueWaitForMessageRestricted)
                  01013a10    0000005c                                                       : tasks.obj (.text:vTaskDelay)
                  01013a6c    00000058     drivers_cc32xx.aem4 : GPIOCC32XX.oem4 (.text:GPIO_write)
                  01013ac4    00000058     driverlib.a : interrupt.obj (.text:IntPendClear)
                  01013b1c    00000058                 : prcm.obj (.text:PRCMPeripheralReset)
                  01013b74    00000058     drivers_cc32xx.aem4 : PowerCC32XX.oem4 (.text:Power_releaseDependency)
                  01013bcc    00000058     slnetsock_release.a : slnetsock.oem4 (.text:SlNetSock_recv)
                  01013c24    00000058                         : slnetsock.oem4 (.text:SlNetSock_send)
                  01013c7c    00000058     simplelink.a : sl_socket.obj (.text:_SlDrvClearCtrlSocket)
                  01013cd4    00000058     mqtt_release.a : client_core.oem4 (.text:clRecv)
                  01013d2c    00000058     freertos_builds_CC3220SF_LAUNCHXL_release_ccs.lib : tasks.obj (.text:eTaskConfirmSleepModeStatus)
                  01013d84    00000058     mqtt_release.a : client_core.oem4 (.text:singleCtxKaSequence)
                  01013ddc    00000058     simplelink.a : sl_socket.obj (.text:sl_Listen)
                  01013e34    00000058                  : eventreg.obj (.text:sl_RegisterLibsEventHandler)
                  01013e8c    00000058     freertos_builds_CC3220SF_LAUNCHXL_release_ccs.lib : port.obj (.text:vPortSetupTimerInterrupt)
                  01013ee4    00000058                                                       : queue.obj (.text:xQueueCreateCountingSemaphore)
                  01013f3c    00000058                                                       : queue.obj (.text:xQueueTakeMutexRecursive)
                  01013f94    00000056     mqtt_release.a : mqtt_common.oem4 (.text:MQTT_packetPubAppendData)
                  01013fea    00000056     freertos_builds_CC3220SF_LAUNCHXL_release_ccs.lib : SemaphoreP_freertos.obj (.text:SemaphoreP_create)
                  01014040    00000056     drivers_cc32xx.aem4 : TimerCC32XX.oem4 (.text:TimerCC32XX_stop)
                  01014096    00000056     rtsv7M4_T_le_eabi.lib : _printfi.c.obj (.text:_pconv_f)
                  010140ec    00000056     mqtt_release.a : client_core.oem4 (.text:procAckMsgRx)
                  01014142    00000002     --HOLE-- [fill = 0]
                  01014144    00000054     freertos_builds_CC3220SF_LAUNCHXL_release_ccs.lib : ClockP_freertos.obj (.text:ClockP_delete)
                  01014198    00000054     uart_term.obj (.text:InitTerm)
                  010141ec    00000054     driverlib.a : interrupt.obj (.text:IntPrioritySet)
                  01014240    00000054     mqtt_release.a : client_core.oem4 (.text:MQTTClientCore_sendDisconn)
                  01014294    00000054     simplelink.a : driver.obj (.text:_SlDrvRxIrqHandler)
                  010142e8    00000054     rtsv7M4_T_le_eabi.lib : _ltoa.c.obj (.text:__TI_ltoa)
                  0101433c    00000054     crc32.obj (.text:calculate_CRC32)
                  01014390    00000054     mqtt_release.a : client_core.oem4 (.text:grpNetSetupCreate)
                  010143e4    00000054     drivers_cc32xx.aem4 : UARTCC32XX.oem4 (.text:ringBufGet)
                  01014438    00000054     freertos_builds_CC3220SF_LAUNCHXL_release_ccs.lib : timers.obj (.text:xTimerCreateTimerTask)
                  0101448c    00000052     drivers_cc32xx.aem4 : PowerCC32XX_asm.oem4 (.text:PowerCC32XX_resumeLPDS)
                  010144de    00000052     rtsv7M4_T_le_eabi.lib : _printfi.c.obj (.text:_ecpy)
                  01014530    00000052     drivers_cc32xx.aem4 : TimerCC32XX.oem4 (.text:initHw)
                  01014582    00000002     --HOLE-- [fill = 0]
                  01014584    00000050     simplelink.a : cc_pal.obj (.text:NwpRegisterInterruptHandler)
                  010145d4    00000050     slnetsock_release.a : slnetif.oem4 (.text:SlNetIf_queryIf)
                  01014624    00000050     drivers_cc32xx.aem4 : TimerCC32XX.oem4 (.text:TimerCC32XX_allocateTimerResource)
                  01014674    00000050     simplelink.a : sl_socket.obj (.text:_SlDrvCloseCtrlSocket)
                  010146c4    00000050                  : driver.obj (.text:_SlDrvCmdSend_noWait)
                  01014714    00000050                  : driver.obj (.text:_SlDrvUpdateApiInProgress)
                  01014764    00000050                  : spawn.obj (.text:_SlInternalSpawnTaskEntry)
                  010147b4    00000050                  : eventreg.obj (.text:_SlNetAppHttpServerHdlr)
                  01014804    00000050                  : eventreg.obj (.text:_SlNetAppRequestHdlr)
                  01014854    00000050     mqtt_release.a : client_core.oem4 (.text:_procAckMsgRx)
                  010148a4    00000050     freertos_builds_CC3220SF_LAUNCHXL_release_ccs.lib : port.obj (.text:pxPortInitialiseStack)
                  010148f4    00000050                                                       : semaphore.obj (.text:sem_init)
                  01014944    00000050                                                       : queue.obj (.text:xQueueGiveMutexRecursive)
                  01014994    0000004e     mqtt_release.a : client_core.oem4 (.text:MQTTClientCore_registerWillInfo)
                  010149e2    00000002     --HOLE-- [fill = 0]
                  010149e4    0000004c     drivers_cc32xx.aem4 : GPIOCC32XX.oem4 (.text:GPIO_enableInt)
                  01014a30    0000004c     simplelink.a : cc_pal.obj (.text:NwpWaitForShutDownInd)
                  01014a7c    0000004c     drivers_cc32xx.aem4 : PowerCC32XX.oem4 (.text:PowerCC32XX_parkPin)
                  01014ac8    0000004c     SPI_interface.obj (.text:SPI_interface_initialize)
                  01014b14    0000004c     slnetifwifi.a : slnetifwifi.obj (.text:SlNetIfWifi_getConnectionStatus)
                  01014b60    0000004c     slnetsock_release.a : slnetsock.oem4 (.text:SlNetSock_freeVirtualSocket)
                  01014bac    0000004c                         : slnetsock.oem4 (.text:SlNetSock_startSec)
                  01014bf8    0000004c     mqtt_release.a : client_core.oem4 (.text:ack1WlMqpDispatch)
                  01014c44    0000004c     rtsv7M4_T_le_eabi.lib : atoi.c.obj (.text:atoi)
                  01014c90    0000004c     freertos_builds_CC3220SF_LAUNCHXL_release_ccs.lib : startup_cc32xx_ccs.obj (.text:initVectors)
                  01014cdc    0000004c     mqtt_release.a : client_core.oem4 (.text:loopbTrigger)
                  01014d28    0000004c     freertos_builds_CC3220SF_LAUNCHXL_release_ccs.lib : timers.obj (.text:prvCheckForValidListAndQueue)
                  01014d74    0000004c                                                       : tasks.obj (.text:prvCheckTasksWaitingTermination)
                  01014dc0    0000004c     drivers_cc32xx.aem4 : PowerCC32XX.oem4 (.text:restorePeriphClocks)
                  01014e0c    0000004c     mqtt_release.a : client_core.oem4 (.text:singleCtxRxPrep)
                  01014e58    0000004c     simplelink.a : wlan.obj (.text:sl_WlanSetMode)
                  01014ea4    0000004c     rtsv7M4_T_le_eabi.lib : snprintf.c.obj (.text:snprintf)
                  01014ef0    0000004c     freertos_builds_CC3220SF_LAUNCHXL_release_ccs.lib : port.obj (.text:vPortEnterCritical)
                  01014f3c    0000004c                                                       : tasks.obj (.text:vTaskSetThreadLocalStoragePointer)
                  01014f88    0000004a     mqtt_release.a : client_core.oem4 (.text:clCtxRecv)
                  01014fd2    00000002     --HOLE-- [fill = 0]
                  01014fd4    00000048     driverlib.a : flash.obj (.text:FlashDisable)
                  0101501c    00000048     freertos_builds_CC3220SF_LAUNCHXL_release_ccs.lib : HwiPCC32XX_freertos.obj (.text:HwiP_dispatch)
                  01015064    00000048     mqtt_release.a : mqttclient.oem4 (.text:MQTTClient_set)
                  010150ac    00000048     mqtt_client_app.obj (.text:MQTT_SendMsgToQueue)
                  010150f4    00000048     driverlib.a : prcm.obj (.text:PRCMLPDSEnter)
                  0101513c    00000048                 : prcm.obj (.text:PRCMPeripheralClkEnable)
                  01015184    00000048     drivers_cc32xx.aem4 : PowerCC32XX.oem4 (.text:Power_releaseConstraint)
                  010151cc    00000048     slnetsock_release.a : slnetsock.oem4 (.text:SlNetSock_connect)
                  01015214    00000048                         : slnetsock.oem4 (.text:SlNetSock_init)
                  0101525c    00000048                         : slnetsock.oem4 (.text:SlNetSock_setOpt)
                  010152a4    00000048     simplelink.a : eventreg.obj (.text:_SlDeviceFatalErrorEvtHdlr)
                  010152ec    00000048                  : eventreg.obj (.text:_SlDeviceGeneralEvtHdlr)
                  01015334    00000048                  : driver.obj (.text:_SlDrvBasicCmd)
                  0101537c    00000048                  : driver.obj (.text:_SlDrvSyncObjWaitTimeout)
                  010153c4    00000048                  : eventreg.obj (.text:_SlNetAppEvtHdlr)
                  0101540c    00000048                  : eventreg.obj (.text:_SlNetAppRequestMemFree)
                  01015454    00000048                  : eventreg.obj (.text:_SlSockEvtHdlr)
                  0101549c    00000048                  : eventreg.obj (.text:_SlWlanEvtHdlr)
                  010154e4    00000048     mqtt_release.a : client_core.oem4 (.text:bufUTF8WrTry)
                  0101552c    00000048                    : client_core.oem4 (.text:clCtxSetup)
                  01015574    00000048     mqtt_client_app.obj (.text:receive_thread)
                  010155bc    00000048     rtsv7M4_T_le_eabi.lib : fd_toi_t2.asm.obj (.text)
                  01015604    00000048     freertos_builds_CC3220SF_LAUNCHXL_release_ccs.lib : sleep.obj (.text:sleep)
                  0101564c    00000048     timer_interface.obj (.text:timer_statistics_initialize)
                  01015694    00000048     freertos_builds_CC3220SF_LAUNCHXL_release_ccs.lib : list.obj (.text:uxListRemove)
                  010156dc    00000048     mqtt_release.a : client_core.oem4 (.text:wrConnectVh)
                  01015724    00000046     drivers_cc32xx.aem4 : RingBuf.oem4 (.text:RingBuf_put)
                  0101576a    00000046                         : TimerCC32XX.oem4 (.text:getPrescaler)
                  010157b0    00000046     jsmn.obj (.text:jsoneq)
                  010157f6    00000002     --HOLE-- [fill = 0]
                  010157f8    00000044     mqtt_release.a : client_core.oem4 (.text:MQTTClientCore_run)
                  0101583c    00000044                    : mqtt_net_func.oem4 (.text:MQTTNet_tcpRecv)
                  01015880    00000044     driverlib.a : prcm.obj (.text:PRCMLPDSRestoreInfoSet)
                  010158c4    00000044     drivers_cc32xx.aem4 : PowerCC32XX_asm.oem4 (.text:PowerCC32XX_enterLPDS)
                  01015908    00000044                         : SPI.oem4 (.text:SPI_init)
                  0101594c    00000044     slnetsock_release.a : slnetutils.oem4 (.text:SlNetUtil_strTok)
                  01015990    00000044     drivers_cc32xx.aem4 : Timer.oem4 (.text:Timer_init)
                  010159d4    00000044                         : UART.oem4 (.text:UART_init)
                  01015a18    00000044     rtsv7M4_T_le_eabi.lib : autoinit.c.obj (.text:__TI_auto_init_nobinit_nopinit:__TI_auto_init_nobinit_nopinit)
                  01015a5c    00000044     freertos_builds_CC3220SF_LAUNCHXL_release_ccs.lib : queue.obj (.text:prvInitialiseNewQueue)
                  01015aa0    00000044     ti_net_config.obj (.text:ti_net_SlNet_initConfig)
                  01015ae4    00000044     timer_interface.obj (.text:timer_encoder_initialize)
                  01015b28    00000044     freertos_builds_CC3220SF_LAUNCHXL_release_ccs.lib : tasks.obj (.text:vTaskStepTick)
                  01015b6c    00000044     mqtt_release.a : client_core.oem4 (.text:vhMsgSend)
                  01015bb0    00000042                    : mqtt_common.oem4 (.text:MQTT_packetBufRdRemlen)
                  01015bf2    00000042     freertos_builds_CC3220SF_LAUNCHXL_release_ccs.lib : memory.obj (.text:malloc)
                  01015c34    00000040     simplelink.a : sl_socket.obj (.text:CountSetBits)
                  01015c74    00000040     network_if.obj (.text:InitializeAppVariables)
                  01015cb4    00000040     mqtt_release.a : client_core.oem4 (.text:MQTTClientCore_registerCtxInfo)
                  01015cf4    00000040     driverlib.a : pin.obj (.text:PinModeSet)
                  01015d34    00000040     publish_queue.obj (.text:Publish_Queue_send_statistics)
                  01015d74    00000040     drivers_cc32xx.aem4 : RingBuf.oem4 (.text:RingBuf_get)
                  01015db4    00000040     SPI_interface.obj (.text:SPI_interface_transfer)
                  01015df4    00000040     drivers_cc32xx.aem4 : SPI.oem4 (.text:SPI_open)
                  01015e34    00000040     network_if.obj (.text:SimpleLinkGeneralEventHandler)
                  01015e74    00000040     slnetsock_release.a : slnetsock.oem4 (.text:SlNetSock_bind)
                  01015eb4    00000040     drivers_cc32xx.aem4 : Timer.oem4 (.text:Timer_open)
                  01015ef4    00000040                         : UARTCC32XX.oem4 (.text:UARTCC32XX_read)
                  01015f34    00000040                         : UART.oem4 (.text:UART_open)
                  01015f74    00000040                         : UDMACC32XX.oem4 (.text:UDMACC32XX_init)
                  01015fb4    00000040     simplelink.a : driver.obj (.text:_SlDrvGlobalObjUnLock)
                  01015ff4    00000040                  : driver.obj (.text:_SlFindAndReleasePendingCmd)
                  01016034    00000040                  : spawn.obj (.text:_SlInternalSpawnWaitForEvent)
                  01016074    00000040                  : eventreg.obj (.text:_SlIsEventRegistered)
                  010160b4    00000040     freertos_builds_CC3220SF_LAUNCHXL_release_ccs.lib : aeabi_portable.obj (.text:__aeabi_errno_addr)
                  010160f4    00000040     mqtt_release.a : mqttclient.oem4 (.text:_sl_ExtLib_ServerAckLockedWait)
                  01016134    00000040     jsmn.obj (.text:jsmn_alloc_token)
                  01016174    00000040     mqtt_release.a : client_core.oem4 (.text:netConnect)
                  010161b4    00000040     freertos_builds_CC3220SF_LAUNCHXL_release_ccs.lib : tasks.obj (.text:vTaskPlaceOnEventListRestricted)
                  010161f4    00000040     rtsv7M4_T_le_eabi.lib : vsnprintf.c.obj (.text:vsnprintf)
                  01016234    0000003e     freertos_builds_CC3220SF_LAUNCHXL_release_ccs.lib : ClockP_freertos.obj (.text:ClockP_callbackFxn)
                  01016272    0000003e     mqtt_release.a : mqtt_common.oem4 (.text:MQTT_packetAckWlistRemove)
                  010162b0    0000003e                    : mqtt_common.oem4 (.text:MQTT_packetBufTailWrRemlen)
                  010162ee    0000003e     slnetsock_release.a : slnetsock.oem4 (.text:SlNetSock_close)
                  0101632c    0000003e     simplelink.a : sl_socket.obj (.text:_SlSocketBuildAddress)
                  0101636a    0000003e     rtsv7M4_T_le_eabi.lib : _printfi.c.obj (.text:_fcpy)
                  010163a8    0000003e     mqtt_release.a : client_core.oem4 (.text:clCtxSeg1Send)
                  010163e6    0000003e                    : client_core.oem4 (.text:procPingrspRx)
                  01016424    0000003e     freertos_builds_CC3220SF_LAUNCHXL_release_ccs.lib : pthread.obj (.text:pthread_setcancelstate)
                  01016462    0000003e                                                       : semaphore.obj (.text:sem_post)
                  010164a0    0000003c     mqtt_release.a : client_core.oem4 (.text:MQTTClientCore_registerBuffers)
                  010164dc    0000003c                    : mqttclient.oem4 (.text:MQTTClient_disconnect)
                  01016518    0000003c                    : mqtt_common.oem4 (.text:MQTT_qos2PubCqCheck)
                  01016554    0000003c     network_if.obj (.text:Network_IF_DisconnectFromAP)
                  01016590    0000003c     pid_queue.obj (.text:PID_Queue_send_from_encoder)
                  010165cc    0000003c     driverlib.a : prcm.obj (.text:PRCMSlowClkCtrFastGet)
                  01016608    0000003c     drivers_cc32xx.aem4 : PowerCC32XX.oem4 (.text:Power_setConstraint)
                  01016644    0000003c     simplelink.a : netapp.obj (.text:_SlNetAppCopyPingResultsToReport)
                  01016680    0000003c     mqtt_release.a : mqttclient.oem4 (.text:processDisconnCB)
                  010166bc    0000003c     freertos_builds_CC3220SF_LAUNCHXL_release_ccs.lib : queue.obj (.text:prvCopyDataFromQueue)
                  010166f8    0000003c                                                       : tasks.obj (.text:prvResetNextTaskUnblockTime)
                  01016734    0000003c                                                       : tasks.obj (.text:pvTaskGetThreadLocalStoragePointer)
                  01016770    0000003c     mqtt_release.a : client_core.oem4 (.text:singleCtxRxPrepLocked)
                  010167ac    0000003c                    : client_core.oem4 (.text:tailIncorpMsgID)
                  010167e8    0000003c     simplelink.a : sl_socket.obj (.text:to_mSec)
                  01016824    0000003c     freertos_builds_CC3220SF_LAUNCHXL_release_ccs.lib : sleep.obj (.text:usleep)
                  01016860    0000003c                                                       : list.obj (.text:vListInsertEnd)
                  0101689c    0000003c                                                       : timers.obj (.text:xTimerCreate)
                  010168d8    0000003a     slnetifwifi.a : slnetifwifi.obj (.text:SlNetIfWifi_getIPAddr)
                  01016912    0000003a     drivers_cc32xx.aem4 : TimerCC32XX.oem4 (.text:TimerCC32XX_close)
                  0101694c    0000003a     mqtt_release.a : mqtt_common.oem4 (.text:mqpProcVhMsgIdRx)
                  01016986    00000002     --HOLE-- [fill = 0]
                  01016988    00000038                    : client_core.oem4 (.text:MQTTClientCore_registerNetSvc)
                  010169c0    00000038                    : mqtt_common.oem4 (.text:MQTT_qos2PubCqLogup)
                  010169f8    00000038     driverlib.a : prcm.obj (.text:PRCMLPDSEnterKeepDebugIf)
                  01016a30    00000038     slnetifwifi.a : slnetifwifi.obj (.text:SlNetIfWifi_recvFrom)
                  01016a68    00000038                   : slnetifwifi.obj (.text:SlNetIfWifi_sendTo)
                  01016aa0    00000038                   : slnetifwifi.obj (.text:SlNetIfWifi_socket)
                  01016ad8    00000038     slnetsock_release.a : slnetif.oem4 (.text:SlNetIf_configCheck)
                  01016b10    00000038                         : slnetsock.oem4 (.text:SlNetSock_listen)
                  01016b48    00000038                         : slnetutils.oem4 (.text:SlNetUtil_htonl)
                  01016b80    00000038     statistics_queue.obj (.text:Statistics_Queue_send_received_data)
                  01016bb8    00000038     statistics_queue.obj (.text:Statistics_Queue_send_timer_elapsed)
                  01016bf0    00000038     drivers_cc32xx.aem4 : TimerCC32XX.oem4 (.text:TimerCC32XX_hwiIntFunction)
                  01016c28    00000038     mqtt_release.a : client_core.oem4 (.text:mqpAllocAtomic)
                  01016c60    00000038                    : client_core.oem4 (.text:netRecv)
                  01016c98    00000038     drivers_cc32xx.aem4 : PowerCC32XX.oem4 (.text:notify)
                  01016cd0    00000038     freertos_builds_CC3220SF_LAUNCHXL_release_ccs.lib : timers.obj (.text:prvGetNextExpireTime)
                  01016d08    00000038                                                       : port.obj (.text:prvTaskExitError)
                  01016d40    00000036     mqtt_release.a : mqtt_common.oem4 (.text:MQTT_packetPrepFh)
                  01016d76    00000036     slnetifwifi.a : slnetifwifi.obj (.text:SlNetIfWifi_getHostByName)
                  01016dac    00000036                   : slnetifwifi.obj (.text:SlNetIfWifi_select)
                  01016de2    00000036     driverlib.a : timer.obj (.text:TimerControlStall)
                  01016e18    00000036     drivers_cc32xx.aem4 : UARTCC32XX.oem4 (.text:UARTCC32XX_readCancel)
                  01016e4e    00000036     mqtt_release.a : client_core.oem4 (.text:_procPubRecRx)
                  01016e84    00000036     motor_thread.obj (.text:init_motor_uart)
                  01016eba    00000036     rtsv7M4_T_le_eabi.lib : strncpy.c.obj (.text:strncpy)
                  01016ef0    00000034     driverlib.a : pin.obj (.text:PinModeGet)
                  01016f24    00000034     drivers_cc32xx.aem4 : PowerCC32XX.oem4 (.text:PowerCC32XX_restoreParkState)
                  01016f58    00000034     freertos_builds_CC3220SF_LAUNCHXL_release_ccs.lib : SemaphoreP_freertos.obj (.text:SemaphoreP_pend)
                  01016f8c    00000034     slnetsock_release.a : slnetutils.oem4 (.text:SlNetUtil_htons)
                  01016fc0    00000034     drivers_cc32xx.aem4 : TimerCC32XX.oem4 (.text:TimerCC32XX_freeTimerResource)
                  01016ff4    00000034                         : UDMACC32XX.oem4 (.text:UDMACC32XX_close)
                  01017028    00000034     freertos_builds_CC3220SF_LAUNCHXL_release_ccs.lib : mqueue.obj (.text:findInList)
                  0101705c    00000034     drivers_cc32xx.aem4 : TimerCC32XX.oem4 (.text:getPowerMgrId)
                  01017090    00000034     mqtt_release.a : client_core.oem4 (.text:groupCtxsKaSequence)
                  010170c4    00000034                    : client_core.oem4 (.text:mqpFreeLocked)
                  010170f8    00000034                    : client_core.oem4 (.text:procLoopbackRecv)
                  0101712c    00000034     freertos_builds_CC3220SF_LAUNCHXL_release_ccs.lib : timers.obj (.text:prvSampleTimeNow)
                  01017160    00000034                                                       : tasks.obj (.text:vTaskPlaceOnEventList)
                  01017194    00000032     mqtt_release.a : mqtt_common.oem4 (.text:MQTT_clCtxTimeoutInsert)
                  010171c6    00000032                    : client_core.oem4 (.text:connectedStateRx)
                  010171f8    00000032     encoder_interface.obj (.text:encoder_interface_assemble_bytes)
                  0101722a    00000030     drivers_cc32xx.aem4 : PowerCC32XX.oem4 (.text:PowerCC32XX_restoreParkedPin)
                  0101725a    00000030     simplelink.a : fs.obj (.text:_SlFsStrlen)
                  0101728a    00000030     rtsv7M4_T_le_eabi.lib : snprintf.c.obj (.text:_outs)
                  010172ba    00000030                           : vsnprintf.c.obj (.text:_outs)
                  010172ea    00000030     mqtt_release.a : client_core.oem4 (.text:ack2MsgIdUnlog)
                  0101731a    00000002     --HOLE-- [fill = 0]
                  0101731c    00000030                    : client_core.oem4 (.text:clientDescInit)
                  0101734c    00000030                    : mqttclient.oem4 (.text:getAvailableClictxMem)
                  0101737c    00000030     freertos_builds_CC3220SF_LAUNCHXL_release_ccs.lib : list.obj (.text:vListInitialise)
                  010173ac    00000030                                                       : port.obj (.text:vPortExitCritical)
                  010173dc    00000030                                                       : tasks.obj (.text:xTaskGetSchedulerState)
                  0101740c    0000002e     simplelink.a : cc_pal.obj (.text:Mutex_create_handle)
                  0101743a    0000002e     freertos_builds_CC3220SF_LAUNCHXL_release_ccs.lib : timers.obj (.text:pvTimerGetTimerID)
                  01017468    0000002e     rtsv7M4_T_le_eabi.lib : i_tofd_t2.asm.obj (.text)
                  01017496    00000002     --HOLE-- [fill = 0]
                  01017498    0000002c     freertos_builds_CC3220SF_LAUNCHXL_release_ccs.lib : HwiPCC32XX_freertos.obj (.text:HwiP_disable)
                  010174c4    0000002c     motor_queue.obj (.text:Motor_Queue_read)
                  010174f0    0000002c     motor_queue.obj (.text:Motor_Queue_send_command)
                  0101751c    0000002c     simplelink.a : cc_pal.obj (.text:NwpPowerOn)
                  01017548    0000002c     driverlib.a : prcm.obj (.text:PRCMLPDSIntervalSet)
                  01017574    0000002c     drivers_cc32xx.aem4 : PowerCC32XX.oem4 (.text:PowerCC32XX_getParkState)
                  010175a0    0000002c     freertos_builds_CC3220SF_LAUNCHXL_release_ccs.lib : SemaphoreP_freertos.obj (.text:SemaphoreP_createBinary)
                  010175cc    0000002c     slnetifwifi.a : slnetifwifi.obj (.text:SlNetIfWifi_recv)
                  010175f8    0000002c                   : slnetifwifi.obj (.text:SlNetIfWifi_send)
                  01017624    0000002c     simplelink.a : driver.obj (.text:_SlDrvSyncObjWaitForever)
                  01017650    0000002c     mqtt_release.a : client_core.oem4 (.text:doNetCloseRx)
                  0101767c    0000002c     encoder_interface.obj (.text:encoder_interface_clear_counter)
                  010176a8    0000002c     encoder_interface.obj (.text:encoder_interface_read)
                  010176d4    0000002c     encoder_interface.obj (.text:encoder_interface_reset_data_register)
                  01017700    0000002c     encoder_interface.obj (.text:encoder_interface_set_mode)
                  0101772c    0000002c     jsmn.obj (.text:jsmn_fill_token)
                  01017758    0000002c     freertos_builds_CC3220SF_LAUNCHXL_release_ccs.lib : pthread_mutex.obj (.text:pthread_mutexattr_settype)
                  01017784    0000002c     mqtt_release.a : client_core.oem4 (.text:singleCtxAdjWaitSecsGet)
                  010177b0    0000002c     rtsv7M4_T_le_eabi.lib : strncmp.c.obj (.text:strncmp)
                  010177dc    0000002c     freertos_builds_CC3220SF_LAUNCHXL_release_ccs.lib : tasks.obj (.text:vTaskSetApplicationTaskTag)
                  01017808    0000002c                                                       : port.obj (.text:xPortSysTickHandler)
                  01017834    0000002c                                                       : queue.obj (.text:xQueueCreateMutex)
                  01017860    0000002a     slnetsock_release.a : slnetutils.oem4 (.text:SlNetUtil_inetPton)
                  0101788a    0000002a     driverlib.a : timer.obj (.text:TimerLoadSet)
                  010178b4    0000002a                 : timer.obj (.text:TimerPrescaleSet)
                  010178de    0000002a     mqtt_release.a : client_core.oem4 (.text:ack2MsgIdDispatch)
                  01017908    0000002a                    : client_core.oem4 (.text:pingReqSend)
                  01017932    0000002a     freertos_builds_CC3220SF_LAUNCHXL_release_ccs.lib : queue.obj (.text:prvInitialiseMutex)
                  0101795c    0000002a     mqtt_release.a : client_core.oem4 (.text:txPartSetup)
                  01017986    0000002a     freertos_builds_CC3220SF_LAUNCHXL_release_ccs.lib : queue.obj (.text:uxQueueMessagesWaiting)
                  010179b0    00000028     encoder_queue.obj (.text:Encoder_Queue_create)
                  010179d8    00000028     freertos_builds_CC3220SF_LAUNCHXL_release_ccs.lib : HwiPCC32XX_freertos.obj (.text:HwiP_inISR)
                  01017a00    00000028     mqtt_release.a : mqtt_common.oem4 (.text:MQTT_packetBufWrUtf8)
                  01017a28    00000028     motor_queue.obj (.text:Motor_Queue_create)
                  01017a50    00000028     pid_queue.obj (.text:PID_Queue_create)
                  01017a78    00000028     driverlib.a : prcm.obj (.text:PRCMLPDSWakeupSourceEnable)
                  01017aa0    00000028                 : prcm.obj (.text:PRCMPeripheralClkDisable)
                  01017ac8    00000028     drivers_cc32xx.aem4 : PowerCC32XX.oem4 (.text:Power_registerNotify)
                  01017af0    00000028     publish_queue.obj (.text:Publish_Queue_create)
                  01017b18    00000028     slnetsock_release.a : slnetif.oem4 (.text:SlNetIf_getIfByID)
                  01017b40    00000028                         : slnetsock.oem4 (.text:SlNetSock_sdsIsSet)
                  01017b68    00000028                         : slnetsock.oem4 (.text:SlNetSock_sdsSet)
                  01017b90    00000028                         : slnetsock.oem4 (.text:SlNetSock_secAttribDelete)
                  01017bb8    00000028     statistics_queue.obj (.text:Statistics_Queue_create)
                  01017be0    00000028     simplelink.a : driver.obj (.text:_SlDrvProtectionObjLockWaitForever)
                  01017c08    00000028                  : driver.obj (.text:_SlDrvProtectionObjUnLock)
                  01017c30    00000028                  : flowcont.obj (.text:_SlFlowContSet)
                  01017c58    00000028     mqtt_release.a : client_core.oem4 (.text:_procPubRelRx)
                  01017c80    00000028                    : mqttclient.oem4 (.text:_sl_ExtLib_AwaitedAckLockedSet)
                  01017ca8    00000028     rtsv7M4_T_le_eabi.lib : memmov.c.obj (.text:memmove)
                  01017cd0    00000028     freertos_builds_CC3220SF_LAUNCHXL_release_ccs.lib : pthread.obj (.text:pthread_attr_setschedparam)
                  01017cf8    00000028                                                       : semaphore.obj (.text:sem_trywait)
                  01017d20    00000028                                                       : tasks.obj (.text:xTaskGetApplicationTaskTag)
                  01017d48    00000026     drivers_cc32xx.aem4 : List.oem4 (.text:List_put)
                  01017d6e    00000026                         : List.oem4 (.text:List_remove)
                  01017d94    00000026     mqtt_release.a : mqtt_common.oem4 (.text:MQTT_clCtxRemove)
                  01017dba    00000026     freertos_builds_CC3220SF_LAUNCHXL_release_ccs.lib : pthread.obj (.text:_pthread_cleanup_pop)
                  01017de0    00000026                                                       : queue.obj (.text:prvIsQueueFull)
                  01017e06    00000002     --HOLE-- [fill = 0]
                  01017e08    00000024     driverlib.a : interrupt.obj (.text:IntUnregister)
                  01017e2c    00000024     drivers_cc32xx.aem4 : PowerCC32XX.oem4 (.text:PowerCC32XX_reset)
                  01017e50    00000024     slnetsock_release.a : slnetif.oem4 (.text:SlNetIf_getConnectionStatus)
                  01017e74    00000024     simplelink.a : driver.obj (.text:_SlDrvIsApiInProgress)
                  01017e98    00000024                  : driver.obj (.text:_SlDrvStartMeasureTimeout)
                  01017ebc    00000024     rtsv7M4_T_le_eabi.lib : boot_cortex_m.c.obj (.text:_c_int00_noargs:_c_int00_noargs)
                  01017ee0    00000024     mqtt_release.a : client_core.oem4 (.text:conn2usedCtxs)
                  01017f04    00000024     freertos_builds_CC3220SF_LAUNCHXL_release_ccs.lib : queue.obj (.text:prvGetDisinheritPriorityAfterTimeout)
                  01017f28    00000024     mqtt_release.a : client_core.oem4 (.text:recvHvecLoad)
                  01017f4c    00000024     freertos_builds_CC3220SF_LAUNCHXL_release_ccs.lib : semaphore.obj (.text:sem_getvalue)
                  01017f70    00000024     simplelink.a : wlan.obj (.text:sl_WlanDisconnect)
                  01017f94    00000024     debug.obj (.text:stop_everything)
                  01017fb8    00000024     freertos_builds_CC3220SF_LAUNCHXL_release_ccs.lib : queue.obj (.text:vQueueDelete)
                  01017fdc    00000024                                                       : tasks.obj (.text:vTaskInternalSetTimeOutState)
                  01018000    00000022     mqtt_release.a : mqtt_common.oem4 (.text:MQTT_packetProcMsgIdAckRx)
                  01018022    00000022     freertos_builds_CC3220SF_LAUNCHXL_release_ccs.lib : SemaphoreP_freertos.obj (.text:SemaphoreP_post)
                  01018044    00000022                                                       : pthread.obj (.text:pthread_attr_setdetachstate)
                  01018066    00000002     --HOLE-- [fill = 0]
                  01018068    00000020                                                       : ClockP_freertos.obj (.text:ClockP_getCpuFreq)
                  01018088    00000020     encoder_queue.obj (.text:Encoder_Queue_send_SPI_transfer_completed)
                  010180a8    00000020     encoder_queue.obj (.text:Encoder_Queue_send_timer_elapsed)
                  010180c8    00000020     freertos_builds_CC3220SF_LAUNCHXL_release_ccs.lib : HwiPCC32XX_freertos.obj (.text:HwiP_restore)
                  010180e8    00000020     driverlib.a : interrupt.obj (.text:IntRegister)
                  01018108    00000020     mqtt_release.a : mqtt_common.oem4 (.text:MQTT_qos2PubCqReset)
                  01018128    00000020     drivers_cc32xx.aem4 : PowerCC32XX.oem4 (.text:Power_unregisterNotify)
                  01018148    00000020                         : RingBuf.oem4 (.text:RingBuf_peek)
                  01018168    00000020     slnetifwifi.a : slnetifwifi.obj (.text:SlNetIfWifi_accept)
                  01018188    00000020     drivers_cc32xx.aem4 : SPICC32XXDMA.oem4 (.text:getPowerMgrId)
                  010181a8    00000020                         : UARTCC32XX.oem4 (.text:getPowerMgrId)
                  010181c8    00000020     freertos_builds_CC3220SF_LAUNCHXL_release_ccs.lib : queue.obj (.text:prvIsQueueEmpty)
                  010181e8    00000020                                                       : semaphore.obj (.text:semaphorePend)
                  01018208    00000020     mqtt_release.a : client_core.oem4 (.text:session311fix)
                  01018228    0000001e     freertos_builds_CC3220SF_LAUNCHXL_release_ccs.lib : ClockP_freertos.obj (.text:ClockP_start)
                  01018246    0000001e                                                       : HwiPCC32XX_freertos.obj (.text:HwiP_Params_init)
                  01018264    0000001e     mqtt_release.a : client_core.oem4 (.text:MQTTClientCore_alloc)
                  01018282    0000001e                    : client_core.oem4 (.text:MQTTClientCore_ctxRun)
                  010182a0    0000001e     SPI_interface.obj (.text:SPI_transfer_callback)
                  010182be    0000001e     slnetifwifi.a : slnetifwifi.obj (.text:SlNetIfWifi_bind)
                  010182dc    0000001e                   : slnetifwifi.obj (.text:SlNetIfWifi_connect)
                  010182fa    0000001e     driverlib.a : timer.obj (.text:TimerDisable)
                  01018318    0000001e                 : timer.obj (.text:TimerEnable)
                  01018336    0000001e     simplelink.a : driver.obj (.text:_SlDrvObjLockWaitForever)
                  01018354    0000001e                  : driver.obj (.text:_SlDrvObjUnLock)
                  01018372    0000001e                  : driver.obj (.text:_SlDrvSyncObjSignal)
                  01018390    0000001e     freertos_builds_CC3220SF_LAUNCHXL_release_ccs.lib : pthread.obj (.text:_pthread_runStub)
                  010183ae    0000001e     jsmn.obj (.text:jsmn_init)
                  010183cc    0000001e     drivers_cc32xx.aem4 : UDMACC32XX.oem4 (.text:postNotifyFxn)
                  010183ea    0000001e     mqtt_release.a : client_core.oem4 (.text:procNetDataRecv)
                  01018408    0000001e                    : client_core.oem4 (.text:sessionDelete)
                  01018426    0000001c     freertos_builds_CC3220SF_LAUNCHXL_release_ccs.lib : ClockP_freertos.obj (.text:ClockP_Params_init)
                  01018442    00000002     --HOLE-- [fill = 0]
                  01018444    0000001c     uart_term.obj (.text:Message)
                  01018460    0000001c     driverlib.a : pin.obj (.text:PinToPadGet)
                  0101847c    0000001c     simplelink.a : device.obj (.text:_SlDeviceGetStartResponseConvert)
                  01018498    0000001c                  : spawn.obj (.text:_SlInternalIsItSpawnThread)
                  010184b4    0000001c     mqtt_release.a : client_core.oem4 (.text:doNetCloseTx)
                  010184d0    0000001c     rtsv7M4_T_le_eabi.lib : memccpy.c.obj (.text:memccpy)
                  010184ec    0000001c     mqtt_release.a : client_core.oem4 (.text:processRecv)
                  01018508    0000001c     freertos_builds_CC3220SF_LAUNCHXL_release_ccs.lib : pthread.obj (.text:pthread_attr_init)
                  01018524    0000001c                                                       : pthread_mutex.obj (.text:pthread_mutexattr_init)
                  01018540    0000001c                                                       : tasks.obj (.text:pvTaskIncrementMutexHeldCount)
                  0101855c    0000001c     mqtt_release.a : client_core.oem4 (.text:usedCtxsTOSort)
                  01018578    0000001a                    : mqtt_common.oem4 (.text:MQTT_packetAckWlistPurge)
                  01018592    0000001a     freertos_builds_CC3220SF_LAUNCHXL_release_ccs.lib : PTLS.obj (.text:PTLS_taskDeleteHook)
                  010185ac    0000001a     slnetifwifi.a : slnetifwifi.obj (.text:SlNetIfWifi_listen)
                  010185c6    0000001a     freertos_builds_CC3220SF_LAUNCHXL_release_ccs.lib : timers.obj (.text:prvTimerTask)
                  010185e0    0000001a                                                       : pthread_mutex.obj (.text:pthread_mutex_destroy)
                  010185fa    00000018     mqtt_release.a : mqtt_common.oem4 (.text:MQTT_clCtxTimeoutUpdate)
                  01018612    00000002     --HOLE-- [fill = 0]
                  01018614    00000018     drivers_cc32xx.aem4 : PowerCC32XX.oem4 (.text:Power_idleFunc)
                  0101862c    00000018                         : TimerCC32XX.oem4 (.text:TimerCC32XX_getCount)
                  01018644    00000018     driverlib.a : timer.obj (.text:TimerIntDisable)
                  0101865c    00000018                 : timer.obj (.text:TimerIntEnable)
                  01018674    00000018                 : uart.obj (.text:UARTBusy)
                  0101868c    00000018                 : uart.obj (.text:UARTIntEnable)
                  010186a4    00000018     drivers_cc32xx.aem4 : UART.oem4 (.text:UART_Params_init)
                  010186bc    00000018     rtsv7M4_T_le_eabi.lib : snprintf.c.obj (.text:_outc)
                  010186d4    00000018                           : vsnprintf.c.obj (.text:_outc)
                  010186ec    00000018     freertos_builds_CC3220SF_LAUNCHXL_release_ccs.lib : memory.obj (.text:free)
                  01018704    00000018     mqtt_release.a : client_core.oem4 (.text:groupCtxsAdjWaitSecsGet)
                  0101871c    00000018                    : client_core.oem4 (.text:netClCtxFind)
                  01018734    00000018     rtsv7M4_T_le_eabi.lib : ll_mul_t2.asm.obj (.text)
                  0101874c    00000018     freertos_builds_CC3220SF_LAUNCHXL_release_ccs.lib : semaphore.obj (.text:sem_wait)
                  01018764    00000018     rtsv7M4_T_le_eabi.lib : strcmp.c.obj (.text:strcmp)
                  0101877c    00000018     timer_interface.obj (.text:timer_encoder_callback)
                  01018794    00000018     timer_interface.obj (.text:timer_statistics_callback)
                  010187ac    00000016     freertos_builds_CC3220SF_LAUNCHXL_release_ccs.lib : ClockP_freertos.obj (.text:ClockP_setTimeout)
                  010187c2    00000016     mqtt_release.a : mqtt_net_func.oem4 (.text:MQTTNet_commClose)
                  010187d8    00000016                    : mqtt_common.oem4 (.text:MQTT_clCtxReset)
                  010187ee    00000016                    : mqtt_common.oem4 (.text:MQTT_packetFree)
                  01018804    00000016                    : mqtt_common.oem4 (.text:MQTT_packetInit)
                  0101881a    00000016     driverlib.a : prcm.obj (.text:PRCMHIBRegRead)
                  01018830    00000016                 : prcm.obj (.text:PRCMHIBRegWrite)
                  01018846    00000016     freertos_builds_CC3220SF_LAUNCHXL_release_ccs.lib : PTLS.obj (.text:PTLS_getBuf)
                  0101885c    00000016                                                       : PTLS.obj (.text:PTLS_setBuf)
                  01018872    00000016                                                       : SemaphoreP_freertos.obj (.text:SemaphoreP_Params_init)
                  01018888    00000016     simplelink.a : driver.obj (.text:_SlDrvMemZero)
                  0101889e    00000002     --HOLE-- [fill = 0]
                  010188a0    00000016     freertos_builds_CC3220SF_LAUNCHXL_release_ccs.lib : startup_cc32xx_ccs.obj (.text:resetISR)
                  010188b6    00000016     rtsv7M4_T_le_eabi.lib : strchr.c.obj (.text:strchr)
                  010188cc    00000014     driverlib.a : cpu.obj (.text:CPUcpsie)
                  010188e0    00000014                 : interrupt.obj (.text:IntVTableBaseSet)
                  010188f4    00000014     mqtt_release.a : mqttclient.oem4 (.text:MQTTClient_publish)
                  01018908    00000014                    : mqtt_net_func.oem4 (.text:MQTTNet_rtcSecs)
                  0101891c    00000014                    : mqtt_common.oem4 (.text:MQTT_packetAckWlistAppend)
                  01018930    00000014                    : mqtt_common.oem4 (.text:MQTT_packetReset)
                  01018944    00000014     mqtt_client_app.obj (.text:MqttClientThread)
                  01018958    00000014     drivers_cc32xx.aem4 : PowerCC32XX.oem4 (.text:Power_getDependencyCount)
                  0101896c    00000014                         : SPI.oem4 (.text:SPI_Params_init)
                  01018980    00000014     slnetsock_release.a : slnetsock.oem4 (.text:SlNetSock_sdsClrAll)
                  01018994    00000014     mqtt_release.a : client_core.oem4 (.text:ack1WlRmfree)
                  010189a8    00000014     freertos_builds_CC3220SF_LAUNCHXL_release_ccs.lib : tasks.obj (.text:prvDeleteTCB)
                  010189bc    00000014                                                       : pthread.obj (.text:pthread_attr_setstacksize)
                  010189d0    00000014                                                       : pthread_mutex.obj (.text:pthread_mutex_lock)
                  010189e4    00000014                                                       : pthread.obj (.text:pthread_self)
                  010189f8    00000014     drivers_cc32xx.aem4 : UARTCC32XX.oem4 (.text:releasePowerConstraint)
                  01018a0c    00000014     freertos_builds_CC3220SF_LAUNCHXL_release_ccs.lib : semaphore.obj (.text:sem_destroy)
                  01018a20    00000014     rtsv7M4_T_le_eabi.lib : strcpy.c.obj (.text:strcpy)
                  01018a34    00000014                           : strlen.c.obj (.text:strlen)
                  01018a48    00000014     mqtt_release.a : client_core.oem4 (.text:txPartBufP)
[...]
01016b49  SlNetUtil_htonl                           
01016b49  SlNetUtil_ntohl                           
01016b81  Statistics_Queue_send_received_data       
01016bb9  Statistics_Queue_send_timer_elapsed       
01016d41  MQTT_packetPrepFh                         
01016d77  SlNetIfWifi_getHostByName                 
01016dad  SlNetIfWifi_select                        
01016de3  TimerControlStall                         
01016e19  UARTCC32XX_readCancel                     
01016e85  init_motor_uart                           
01016ebb  strncpy                                   
01016ef1  PinModeGet                                
01016f25  PowerCC32XX_restoreParkState              
01016f59  SemaphoreP_pend                           
01016f8d  SlNetUtil_htons                           
01016f8d  SlNetUtil_ntohs                           
01016fc1  TimerCC32XX_freeTimerResource             
01016ff5  UDMACC32XX_close                          
01017161  vTaskPlaceOnEventList                     
01017195  MQTT_clCtxTimeoutInsert                   
010171f9  encoder_interface_assemble_bytes          
0101722b  PowerCC32XX_restoreParkedPin              
0101737d  vListInitialise                           
010173ad  vPortExitCritical                         
010173dd  xTaskGetSchedulerState                    
0101740d  Mutex_create_handle                       
0101743b  pvTimerGetTimerID                         
01017469  __aeabi_i2d                               
01017499  HwiP_disable                              
010174c5  Motor_Queue_read                          
010174f1  Motor_Queue_send_command                  
0101751d  NwpPowerOn                                
01017549  PRCMLPDSIntervalSet                       
01017575  PowerCC32XX_getParkState                  
010175a1  SemaphoreP_createBinary                   
010175cd  SlNetIfWifi_recv                          
010175f9  SlNetIfWifi_send                          
01017625  _SlDrvSyncObjWaitForever                  
0101767d  encoder_interface_clear_counter           
010176a9  encoder_interface_read                    
010176d5  encoder_interface_reset_data_register     
01017701  encoder_interface_set_mode                
01017759  pthread_mutexattr_settype                 
010177b1  strncmp                                   
010177dd  vTaskSetApplicationTaskTag                
01017809  xPortSysTickHandler                       
01017835  xQueueCreateMutex                         
01017861  SlNetUtil_inetPton                        
0101788b  TimerLoadSet                              
010178b5  TimerPrescaleSet                          
01017987  uxQueueMessagesWaiting                    
010179b1  Encoder_Queue_create                      
010179d9  HwiP_inISR                                
01017a01  MQTT_packetBufWrUtf8                      
01017a29  Motor_Queue_create                        
01017a51  PID_Queue_create                          
01017a79  PRCMLPDSWakeupSourceEnable                
01017aa1  PRCMPeripheralClkDisable                  
01017ac9  Power_registerNotify                      
01017af1  Publish_Queue_create                      
01017b19  SlNetIf_getIfByID                         
01017b41  SlNetSock_sdsIsSet                        
01017b69  SlNetSock_sdsSet                          
01017b91  SlNetSock_secAttribDelete                 
01017bb9  Statistics_Queue_create                   
01017be1  _SlDrvProtectionObjLockWaitForever        
01017c09  _SlDrvProtectionObjUnLock                 
01017c31  _SlFlowContSet                            
01017c81  _sl_ExtLib_AwaitedAckLockedSet            
01017ca9  memmove                                   
01017cd1  pthread_attr_setschedparam                
01017cf9  sem_trywait                               
01017d21  xTaskGetApplicationTaskTag                
01017d49  List_put                                  
01017d6f  List_remove                               
01017d95  MQTT_clCtxRemove                          
01017dbb  _pthread_cleanup_pop                      
01017e09  IntUnregister                             
01017e2d  PowerCC32XX_reset                         
01017e51  SlNetIf_getConnectionStatus               
01017e75  _SlDrvIsApiInProgress                     
01017e99  _SlDrvStartMeasureTimeout                 
01017ebd  _c_int00_noargs                           
01017f4d  sem_getvalue                              
01017f71  sl_WlanDisconnect                         
01017f95  stop_everything                           
01017fb9  vQueueDelete                              
01017fdd  vTaskInternalSetTimeOutState              
01018001  MQTT_packetProcMsgIdAckRx                 
01018023  SemaphoreP_post                           
01018045  pthread_attr_setdetachstate               
01018069  ClockP_getCpuFreq                         
01018089  Encoder_Queue_send_SPI_transfer_completed 
010180a9  Encoder_Queue_send_timer_elapsed          
010180c9  HwiP_restore                              
010180e9  IntRegister                               
01018109  MQTT_qos2PubCqReset                       
01018129  Power_unregisterNotify                    
01018149  RingBuf_peek                              
01018169  SlNetIfWifi_accept                        
01018229  ClockP_start                              
01018247  HwiP_Params_init                          
01018265  MQTTClientCore_alloc                      
01018283  MQTTClientCore_ctxRun                     
010182a1  SPI_transfer_callback                     
010182bf  SlNetIfWifi_bind                          
010182dd  SlNetIfWifi_connect                       
010182fb  TimerDisable                              
01018319  TimerEnable                               
01018337  _SlDrvObjLockWaitForever                  
01018355  _SlDrvObjUnLock                           
01018373  _SlDrvSyncObjSignal                       
010183af  jsmn_init                                 
01018427  ClockP_Params_init                        
01018445  Message                                   
01018461  PinToPadGet                               
01018499  _SlInternalIsItSpawnThread                
010184d1  memccpy                                   
01018509  pthread_attr_init                         
01018525  pthread_mutexattr_init                    
01018541  pvTaskIncrementMutexHeldCount             
01018579  MQTT_packetAckWlistPurge                  
01018593  PTLS_taskDeleteHook                       
010185ad  SlNetIfWifi_listen                        
010185e1  pthread_mutex_destroy                     
010185fb  MQTT_clCtxTimeoutUpdate                   
01018615  Power_idleFunc                            
0101862d  TimerCC32XX_getCount                      
01018645  TimerIntDisable                           
0101865d  TimerIntEnable                            
01018675  UARTBusy                                  
0101868d  UARTIntEnable                             
010186a5  UART_Params_init                          
010186ed  free                                      
01018735  __aeabi_lmul                              
0101874d  sem_wait                                  
01018765  strcmp                                    
0101877d  timer_encoder_callback                    
01018795  timer_statistics_callback                 
010187ad  ClockP_setTimeout                         
010187c3  MQTTNet_commClose                         
010187d9  MQTT_clCtxReset                           
010187ef  MQTT_packetFree                           
01018805  MQTT_packetInit                           
0101881b  PRCMHIBRegRead                            
01018831  PRCMHIBRegWrite                           
01018847  PTLS_getBuf                               
0101885d  PTLS_setBuf                               
01018873  SemaphoreP_Params_init                    
01018889  _SlDrvMemZero                             
010188a1  resetISR                                  
010188b0  resetVectorAddr                           
010188b7  strchr                                    
010188cd  CPUcpsie                                  
010188e1  IntVTableBaseSet                          
010188f5  MQTTClient_publish                        
01018909  MQTTNet_rtcSecs                           
0101891d  MQTT_packetAckWlistAppend                 
01018931  MQTT_packetReset                          
01018945  MqttClientThread                          
01018959  Power_getDependencyCount                  
0101896d  SPI_Params_init                           
01018981  SlNetSock_sdsClrAll                       
010189bd  pthread_attr_setstacksize                 
010189d1  pthread_mutex_lock                        
010189e5  pthread_self                              
01018a0d  sem_destroy                               
01018a21  strcpy                                    
01018a35  strlen                                    
01018a71  vPortSuppressTicksAndSleep                
01018a85  xTaskGetCurrentTaskHandle                 
01018a99  xTaskGetTickCount                         
01018aad  HwiP_delete                               
01018abf  RingBuf_construct                         
01018ad1  SlNetIfWifi_close                         
01018ae3  TimerIntClear                             
01018b19  wcslen                                    
01018b2b  Board_init                                
01018b3b  ClockP_getSystemTickPeriod                
01018b4b  SlNetSock_secAttribCreate                 
01018b5d  SysTickDisable                            
01018b6d  SysTickEnable                             
01018b7d  Timer_Params_init                         
01018b8d  _SlDrvDispatchHttpServerEvents            
01018b9d  _SlDrvDispatchNetAppRequestEvents         
01018bad  _SlDrvIsSpawnOwnGlobalLock                
01018c0d  vListInitialiseItem                       
01018c1d  vTaskSuspendAll                           
01018c2d  MQTTClient_subscribe                      
01018c3b  Power_getTransitionLatency                
01018c49  RingBuf_isFull                            
01018c57  _SlDrvResetCmdExt                         
01018c65  _sl_ExtLib_AwaitedAckSet                  
01018c81  __TI_decompress_none                      
01018c9d  spi_Close                                 
01018cab  CPUwfi                                    
01018cb7  HwiP_clearInterrupt                       
01018cc3  HwiP_disableInterrupt                     
01018ccf  HwiP_enableInterrupt                      
01018cdb  MQTTClientCore_sendConnectMsg             
01018ce7  MQTT_secureConnStructInit                 
01018cf5  Network_IF_ResetMCUStateMachine           
01018d01  NwpMaskInterrupt                          
01018d0d  NwpUnMaskInterrupt                        
01018d19  Power_getConstraintMask                   
01018d25  SemaphoreP_delete                         
01018d31  SimpleLinkHttpServerEventHandler          
01018d3d  SimpleLinkNetAppRequestEventHandler       
01018d49  _SlDeviceResetRequestInitCompletedCB      
01018d61  copysign                                  
01018d61  copysignl                                 
01018d6d  __TI_zero_init                            
01018d91  uDMAErrorStatusClear                      
01018d9d  uDMAErrorStatusGet                        
01018da9  vTaskMissedYield                          
01018db5  IntMasterEnable                           
01018dbf  SPI_close                                 
01018dc9  SPI_transfer                              
01018dd3  SimpleLinkNetAppRequestMemFreeEventHandler
01018ddd  Timer_start                               
01018de7  UART_control                              
01018df1  UART_readPolling                          
01018dfb  UART_write                                
01018e05  UART_writePolling                         
01018e0f  sl_Task                                   
01018e19  vApplicationStackOverflowHook             
01018e23  ClockP_getSystemTicks                     
01018e2b  MQTTClientCore_sendSubMsg                 
01018e33  MQTTNet_tcpSend                           
01018e3b  PRCMSleepEnter                            
01018e43  TimerGetCurrentTimestamp                  
01018e6b  SPICC32XXDMA_control                      
01018e71  TimerCC32XX_control                       
01018e77  UtilsDelay                                
01018e95  SPICC32XXDMA_init                         
01018e99  SlNetIf_init                              
01018e9d  SlNetUtil_init                            
01018ea1  __abort_execution                         
01018ea5  _system_pre_init                          
01018ea9  C$$EXIT                                   
01018ea9  abort                                     
010192b8  _ctypes_                                  
01019638  spiCC32XXDMAHWAttrs                       
010196b0  OpcodeTranslateTable                      
01019778  _SlActionLookupTable                      
010197c8  PowerCC32XX_config                        
01019808  timerCC32XXHWAttrs                        
01019884  Timer_config                              
010198b4  UARTCC32XX_fxnTable                       
01019900  UART_defaultParams                        
010199b0  SPI_defaultParams                         
010199f0  TimerCC32XX_fxnTable                      
01019a30  CONFIG_ADC_0_CONST                        
01019a31  ADC_count                                 
01019a32  CONFIG_Crypto_0_CONST                     
01019a33  CryptoCC32XX_count                        
01019a34  CONFIG_GPIO_0_CONST                       
01019a35  CONFIG_GPIO_1_CONST                       
01019a36  CONFIG_GPIO_2_CONST                       
01019a37  CONFIG_GPIO_3_CONST                       
01019a38  CONFIG_GPIO_4_CONST                       
01019a39  CONFIG_GPIO_5_CONST                       
01019a3a  SLAVE_SELECT1_CONST                       
01019a3b  SLAVE_SELECT3_CONST                       
01019a3c  SLAVE_SELECT2_CONST                       
01019a3d  CONFIG_PWM_GRIPPER_CONST                  
01019a3e  PWM_count                                 
01019a3f  CONFIG_SPI_0_CONST                        
01019a40  CONFIG_NWP_SPI_CONST                      
01019a41  SPI_count                                 
01019a42  CONFIG_TIMER_IR_CONST                     
01019a43  CONFIG_TIMER_STATISTICS_CONST             
01019a44  CONFIG_TIMER_ENCODERS_CONST               
01019a45  CONFIG_TIMER_MOVEMENT_CONST               
01019a46  Timer_count                               
01019a47  CONFIG_UART_MOTOR_CONST                   
01019a48  CONFIG_UART_0_CONST                       
01019a49  UART_count                                
01019a4a  CONFIG_WATCHDOG_0_CONST                   
01019a4b  Watchdog_count                            
01019ab0  SPICC32XXDMA_fxnTable                     
01019ac8  SPI_config                                
01019ae0  UART_config                               
01019c58  GPIOCC32XX_config                         
01019d6c  udmaCC3220SHWAttrs                        
01019da0  UDMACC32XX_config                         
01019da8  ulMaxSyscallInterruptPriority             
01019dc8  outPinTypes                               
01019de4  inPinTypes                                
01019dea  outPinStrengths                           
01019e30  _SlNetAppSendResponseCmdCtrl              
01019e34  _SlNetAppSendTokenValueCmdCtrl            
01019e70  __TI_static_base__                        
0101a030  __TI_Handler_Table_Base                   
0101a03c  __TI_Handler_Table_Limit                  
0101a048  __TI_CINIT_Base                           
0101a058  __TI_CINIT_Limit                          
20000000  __start___llvm_prf_cnts                   
20000000  __stop___llvm_prf_cnts                    
20011000  g_CB                                      
200113fc  clients                                   
200116ac  PowerCC32XX_contextSave                   
200118a8  timerCC32XXObjects                        
20011b08  spiCC32XXDMAObjects                       
20011b90  uartCC32XXObjects0                        
20011c14  uartCC32XXObjects1                        
20011d60  GlobalLockObj                             
20011d8c  g_SlInternalSpawnCB                       
20011db4  g_ucConnectionSSID                        
20011f4c  MQTTClient_Lib_CB                         
20011f68  DeviceCB                                  
20011f74  MqttClientExmple_params                   
20011f80  Msg                                       
20011fa4  g_ucConnectionBSSID                       
20011fac  spiCC32XXSDMAscratchBuf                   
20011fb4  udmaCC3220SObject                         
20011fd0  encoder_queue                             
20011fd4  g_PBQueue                                 
20011fd8  motor_queue                               
20011fdc  pid_queue                                 
20011fe0  publish_queue                             
20011fe4  statistics_queue                          
20011fe8  MQTTClient_waitSecs                       
20011fea  g_usConnectIndex                          
20011fec  RxIrqCnt                                  
20011ff0  HwiP_dispatchTable                        
200127f0  PowerCC32XX_module                        
2001295c  parkInfo                                  
20012a54  SlNetIfConfigWifi                         
20012ae4  pxCurrentTCB                              
20012b18  gApConnectionState                        
20012b1c  gInitState                                
20012b20  memPtrCounterfree                         
20012b24  gResetApplication                         
20012b28  g_rx_task_hndl                            
20012b2c  gUiConnFlag                               
20012b30  ClientId                                  
20012b34  ClientUsername                            
20012b38  ClientPassword                            
20012b3c  mqttThread                                
20012b40  appThread                                 
20012b44  receive_pthread                           
20012b48  publish_pthread                           
20012b4c  MQTTClient_net                            
20012b74  g_LibsEvents                              
20012b98  g_UserEvents                              
20012bbc  gpioCallbackFunctions                     
20012be0  gpioPinConfigs                            
20012c04  Mqtt_ClientCtx                            
20012c70  SecurityParams                            
20012c94  g_ulStaIp                                 
20012c98  g_ulGatewayIP                             
20012c9c  g_ulStatus                                
20012ca0  gGlobalLockCntRequested                   
20012ca1  gGlobalLockCntReleased                    
20012ca2  g_SlDeviceStatus                          
20012ca4  g_pCB                                     
20012ca8  pPingCallBackFunc                         
20012cac  will_param                                
20012ccd  qos                                       
20012cd0  MQTTClient_closeContext                   
20012cd4  MQTTClient_clientContext                  
20012cd8  MQTTClient_multiSrvConn                   
20012cdc  MQTTClient_clientCfg                      
20012d16  MQTTClient_connectCfg                     
20012d30  g_intHandle                               
20012d38  topic                                     
2003fc00  __stack                                   
20040000  __STACK_END                               
ffffffff  __TI_pprof_out_hndl                       
ffffffff  __TI_prof_data_size                       
ffffffff  __TI_prof_data_start                      
ffffffff  __binit__                                 
ffffffff  __c_args__                                
ffffffff  binit                                     
UNDEFED   __mpu_init                                
UNDEFED   _system_post_cinit                        

[755 symbols]
